<<<<<<< HEAD
[log]2020/05/14 10:52:27 D:/sample/src/GoRedis/mypkg/redisTest.go:91: giao
[log]2020/05/14 15:08:14 D:/sample/src/GoRedis/mypkg/redisTest.go:91: giao
[log]2020/05/15 08:54:43 D:/sample/src/GoRedis/mypkg/redisTest.go:91: giao
[log]2020/05/20 13:53:58 D:/sample/src/GoRedis/mypkg/controller.go:78: 请求到了登陆页面
[log]2020/05/20 13:54:07 D:/sample/src/GoRedis/mypkg/controller.go:83: 请求到了验证
[log]2020/05/20 13:54:07 D:/sample/src/GoRedis/mypkg/controller.go:91: 前端传过来的：学号XX140101密码123456
[log]2020/05/20 13:54:07 D:/sample/src/GoRedis/mypkg/controller.go:93: 数据库查询到的user {XX140101 123456 张三}
[log]2020/05/20 13:54:07 D:/sample/src/GoRedis/mypkg/controller.go:65: 登陆成功这是登陆用户 {XX140101 123456 张三}
[log]2020/05/20 13:54:07 D:/sample/src/GoRedis/mypkg/controller.go:71: {13 / 13 }
[log]2020/05/20 13:54:11 D:/sample/src/GoRedis/mypkg/controller.go:181: 请求到了预约界面
[log]2020/05/20 13:57:05 D:/sample/src/GoRedis/mypkg/controller.go:181: 请求到了预约界面
[log]2020/05/20 13:57:09 D:/sample/src/GoRedis/mypkg/controller.go:181: 请求到了预约界面
[log]2020/05/20 14:20:25 D:/sample/src/GoRedis/mypkg/controller.go:65: 登陆成功这是登陆用户 {XX140101 123456 张三}
[log]2020/05/20 14:20:25 D:/sample/src/GoRedis/mypkg/controller.go:71: {13 / 13 }
[log]2020/05/20 14:20:52 D:/sample/src/GoRedis/mypkg/controller.go:78: 请求到了登陆页面
[log]2020/05/20 14:20:59 D:/sample/src/GoRedis/mypkg/controller.go:78: 请求到了登陆页面
[log]2020/05/20 16:35:18 D:/sample/src/GoRedis/mypkg/controller.go:362: {0xc000044080 0}
[log]2020/05/20 16:39:29 D:/sample/src/GoRedis/mypkg/controller.go:363: 0x7e4f00
[log]2020/05/21 13:23:25 D:/sample/src/GoRedis/mypkg/controller.go:255: pq: �Բ���, �Ѿ���̫��Ŀͻ�
[log]2020/05/21 13:43:57 D:/sample/src/GoRedis/mypkg/controller.go:301: 过期的浴室号码
[log]2020/05/21 13:43:57 D:/sample/src/GoRedis/mypkg/controller.go:302: []
[log]2020/05/21 13:43:57 D:/sample/src/GoRedis/mypkg/controller.go:301: 过期的浴室号码
[log]2020/05/21 13:43:57 D:/sample/src/GoRedis/mypkg/controller.go:302: []
[log]2020/05/21 13:43:57 D:/sample/src/GoRedis/mypkg/controller.go:301: 过期的浴室号码
[log]2020/05/21 13:43:57 D:/sample/src/GoRedis/mypkg/controller.go:302: []
[log]2020/05/21 13:43:57 D:/sample/src/GoRedis/mypkg/controller.go:301: 过期的浴室号码
[log]2020/05/21 13:43:57 D:/sample/src/GoRedis/mypkg/controller.go:302: []
[log]2020/05/21 13:43:57 D:/sample/src/GoRedis/mypkg/controller.go:301: 过期的浴室号码
[log]2020/05/21 13:43:57 D:/sample/src/GoRedis/mypkg/controller.go:302: []
[log]2020/05/21 13:43:57 D:/sample/src/GoRedis/mypkg/controller.go:301: 过期的浴室号码
[log]2020/05/21 13:43:57 D:/sample/src/GoRedis/mypkg/controller.go:302: []
[log]2020/05/21 13:43:57 D:/sample/src/GoRedis/mypkg/controller.go:301: 过期的浴室号码
[log]2020/05/21 13:43:57 D:/sample/src/GoRedis/mypkg/controller.go:302: []
[log]2020/05/21 13:43:57 D:/sample/src/GoRedis/mypkg/controller.go:301: 过期的浴室号码
[log]2020/05/21 13:43:57 D:/sample/src/GoRedis/mypkg/controller.go:302: []
[log]2020/05/21 13:43:57 D:/sample/src/GoRedis/mypkg/controller.go:301: 过期的浴室号码
[log]2020/05/21 13:43:57 D:/sample/src/GoRedis/mypkg/controller.go:302: []
[log]2020/05/21 13:43:57 D:/sample/src/GoRedis/mypkg/controller.go:301: 过期的浴室号码
[log]2020/05/21 13:43:57 D:/sample/src/GoRedis/mypkg/controller.go:302: []
[log]2020/05/21 13:43:57 D:/sample/src/GoRedis/mypkg/controller.go:301: 过期的浴室号码
[log]2020/05/21 13:43:57 D:/sample/src/GoRedis/mypkg/controller.go:302: []
[log]2020/05/21 13:43:57 D:/sample/src/GoRedis/mypkg/controller.go:301: 过期的浴室号码
[log]2020/05/21 13:43:57 D:/sample/src/GoRedis/mypkg/controller.go:302: []
[log]2020/05/21 13:43:57 D:/sample/src/GoRedis/mypkg/controller.go:301: 过期的浴室号码
[log]2020/05/21 13:43:57 D:/sample/src/GoRedis/mypkg/controller.go:302: []
[log]2020/05/21 13:43:57 D:/sample/src/GoRedis/mypkg/controller.go:301: 过期的浴室号码
[log]2020/05/21 13:43:57 D:/sample/src/GoRedis/mypkg/controller.go:302: []
[log]2020/05/21 13:43:57 D:/sample/src/GoRedis/mypkg/controller.go:301: 过期的浴室号码
[log]2020/05/21 13:43:57 D:/sample/src/GoRedis/mypkg/controller.go:302: []
[log]2020/05/21 13:43:57 D:/sample/src/GoRedis/mypkg/controller.go:301: 过期的浴室号码
[log]2020/05/21 13:43:57 D:/sample/src/GoRedis/mypkg/controller.go:302: []
[log]2020/05/21 13:43:57 D:/sample/src/GoRedis/mypkg/controller.go:301: 过期的浴室号码
[log]2020/05/21 13:43:57 D:/sample/src/GoRedis/mypkg/controller.go:302: []
[log]2020/05/21 13:43:57 D:/sample/src/GoRedis/mypkg/controller.go:301: 过期的浴室号码
[log]2020/05/21 13:43:57 D:/sample/src/GoRedis/mypkg/controller.go:302: []
[log]2020/05/21 13:43:57 D:/sample/src/GoRedis/mypkg/controller.go:301: 过期的浴室号码
[log]2020/05/21 13:43:57 D:/sample/src/GoRedis/mypkg/controller.go:302: []
[log]2020/05/21 13:43:57 D:/sample/src/GoRedis/mypkg/controller.go:301: 过期的浴室号码
[log]2020/05/21 13:43:57 D:/sample/src/GoRedis/mypkg/controller.go:302: []
[log]2020/05/21 13:43:57 D:/sample/src/GoRedis/mypkg/controller.go:301: 过期的浴室号码
[log]2020/05/21 13:43:57 D:/sample/src/GoRedis/mypkg/controller.go:302: []
[log]2020/05/21 13:43:57 D:/sample/src/GoRedis/mypkg/controller.go:301: 过期的浴室号码
[log]2020/05/21 13:43:57 D:/sample/src/GoRedis/mypkg/controller.go:302: []
[log]2020/05/21 13:43:57 D:/sample/src/GoRedis/mypkg/controller.go:301: 过期的浴室号码
[log]2020/05/21 13:43:57 D:/sample/src/GoRedis/mypkg/controller.go:302: []
[log]2020/05/21 13:43:57 D:/sample/src/GoRedis/mypkg/controller.go:301: 过期的浴室号码
[log]2020/05/21 13:43:57 D:/sample/src/GoRedis/mypkg/controller.go:302: []
[log]2020/05/21 13:43:57 D:/sample/src/GoRedis/mypkg/controller.go:301: 过期的浴室号码
[log]2020/05/21 13:43:57 D:/sample/src/GoRedis/mypkg/controller.go:302: []
[log]2020/05/21 13:43:57 D:/sample/src/GoRedis/mypkg/controller.go:301: 过期的浴室号码
[log]2020/05/21 13:43:57 D:/sample/src/GoRedis/mypkg/controller.go:302: []
[log]2020/05/21 13:43:57 D:/sample/src/GoRedis/mypkg/controller.go:301: 过期的浴室号码
[log]2020/05/21 13:43:57 D:/sample/src/GoRedis/mypkg/controller.go:302: []
[log]2020/05/21 13:43:57 D:/sample/src/GoRedis/mypkg/controller.go:301: 过期的浴室号码
[log]2020/05/21 13:43:57 D:/sample/src/GoRedis/mypkg/controller.go:302: []
[log]2020/05/21 13:43:57 D:/sample/src/GoRedis/mypkg/controller.go:301: 过期的浴室号码
[log]2020/05/21 13:43:57 D:/sample/src/GoRedis/mypkg/controller.go:302: []
[log]2020/05/21 13:43:57 D:/sample/src/GoRedis/mypkg/controller.go:301: 过期的浴室号码
[log]2020/05/21 13:43:57 D:/sample/src/GoRedis/mypkg/controller.go:302: []
[log]2020/05/21 13:43:57 D:/sample/src/GoRedis/mypkg/controller.go:301: 过期的浴室号码
[log]2020/05/21 13:43:57 D:/sample/src/GoRedis/mypkg/controller.go:302: []
[log]2020/05/21 13:43:57 D:/sample/src/GoRedis/mypkg/controller.go:301: 过期的浴室号码
[log]2020/05/21 13:43:57 D:/sample/src/GoRedis/mypkg/controller.go:302: []
[log]2020/05/21 13:43:57 D:/sample/src/GoRedis/mypkg/controller.go:301: 过期的浴室号码
[log]2020/05/21 13:43:57 D:/sample/src/GoRedis/mypkg/controller.go:302: []
[log]2020/05/21 13:43:57 D:/sample/src/GoRedis/mypkg/controller.go:301: 过期的浴室号码
[log]2020/05/21 13:43:57 D:/sample/src/GoRedis/mypkg/controller.go:302: []
[log]2020/05/21 13:43:57 D:/sample/src/GoRedis/mypkg/controller.go:301: 过期的浴室号码
[log]2020/05/21 13:43:57 D:/sample/src/GoRedis/mypkg/controller.go:302: []
[log]2020/05/21 13:43:57 D:/sample/src/GoRedis/mypkg/controller.go:301: 过期的浴室号码
[log]2020/05/21 13:43:57 D:/sample/src/GoRedis/mypkg/controller.go:302: []
[log]2020/05/21 13:43:57 D:/sample/src/GoRedis/mypkg/controller.go:301: 过期的浴室号码
[log]2020/05/21 13:43:57 D:/sample/src/GoRedis/mypkg/controller.go:302: []
[log]2020/05/21 13:43:57 D:/sample/src/GoRedis/mypkg/controller.go:301: 过期的浴室号码
[log]2020/05/21 13:43:57 D:/sample/src/GoRedis/mypkg/controller.go:302: []
[log]2020/05/21 13:43:57 D:/sample/src/GoRedis/mypkg/controller.go:301: 过期的浴室号码
[log]2020/05/21 13:43:57 D:/sample/src/GoRedis/mypkg/controller.go:302: []
[log]2020/05/21 13:43:57 D:/sample/src/GoRedis/mypkg/controller.go:301: 过期的浴室号码
[log]2020/05/21 13:43:57 D:/sample/src/GoRedis/mypkg/controller.go:302: []
[log]2020/05/21 13:43:57 D:/sample/src/GoRedis/mypkg/controller.go:301: 过期的浴室号码
[log]2020/05/21 13:43:57 D:/sample/src/GoRedis/mypkg/controller.go:302: []
[log]2020/05/21 13:43:57 D:/sample/src/GoRedis/mypkg/controller.go:301: 过期的浴室号码
[log]2020/05/21 13:43:57 D:/sample/src/GoRedis/mypkg/controller.go:302: []
[log]2020/05/21 13:43:57 D:/sample/src/GoRedis/mypkg/controller.go:301: 过期的浴室号码
[log]2020/05/21 13:43:57 D:/sample/src/GoRedis/mypkg/controller.go:302: []
[log]2020/05/21 13:43:57 D:/sample/src/GoRedis/mypkg/controller.go:301: 过期的浴室号码
[log]2020/05/21 13:43:57 D:/sample/src/GoRedis/mypkg/controller.go:302: []
[log]2020/05/21 13:43:57 D:/sample/src/GoRedis/mypkg/controller.go:301: 过期的浴室号码
[log]2020/05/21 13:43:57 D:/sample/src/GoRedis/mypkg/controller.go:302: []
[log]2020/05/21 13:43:57 D:/sample/src/GoRedis/mypkg/controller.go:301: 过期的浴室号码
[log]2020/05/21 13:43:57 D:/sample/src/GoRedis/mypkg/controller.go:302: []
[log]2020/05/21 13:43:57 D:/sample/src/GoRedis/mypkg/controller.go:301: 过期的浴室号码
[log]2020/05/21 13:43:57 D:/sample/src/GoRedis/mypkg/controller.go:302: []
[log]2020/05/21 13:43:57 D:/sample/src/GoRedis/mypkg/controller.go:301: 过期的浴室号码
[log]2020/05/21 13:43:57 D:/sample/src/GoRedis/mypkg/controller.go:302: []
[log]2020/05/21 13:43:57 D:/sample/src/GoRedis/mypkg/controller.go:301: 过期的浴室号码
[log]2020/05/21 13:43:57 D:/sample/src/GoRedis/mypkg/controller.go:302: []
[log]2020/05/21 13:43:57 D:/sample/src/GoRedis/mypkg/controller.go:301: 过期的浴室号码
[log]2020/05/21 13:43:57 D:/sample/src/GoRedis/mypkg/controller.go:302: []
[log]2020/05/21 13:43:57 D:/sample/src/GoRedis/mypkg/controller.go:301: 过期的浴室号码
[log]2020/05/21 13:43:57 D:/sample/src/GoRedis/mypkg/controller.go:302: []
[log]2020/05/21 13:43:57 D:/sample/src/GoRedis/mypkg/controller.go:301: 过期的浴室号码
[log]2020/05/21 13:43:57 D:/sample/src/GoRedis/mypkg/controller.go:302: []
[log]2020/05/21 13:43:57 D:/sample/src/GoRedis/mypkg/controller.go:301: 过期的浴室号码
[log]2020/05/21 13:43:57 D:/sample/src/GoRedis/mypkg/controller.go:302: []
[log]2020/05/21 13:43:57 D:/sample/src/GoRedis/mypkg/controller.go:301: 过期的浴室号码
[log]2020/05/21 13:43:57 D:/sample/src/GoRedis/mypkg/controller.go:302: []
[log]2020/05/21 13:43:57 D:/sample/src/GoRedis/mypkg/controller.go:301: 过期的浴室号码
[log]2020/05/21 13:43:57 D:/sample/src/GoRedis/mypkg/controller.go:302: []
[log]2020/05/21 13:43:57 D:/sample/src/GoRedis/mypkg/controller.go:301: 过期的浴室号码
[log]2020/05/21 13:43:57 D:/sample/src/GoRedis/mypkg/controller.go:302: []
[log]2020/05/21 13:43:57 D:/sample/src/GoRedis/mypkg/controller.go:301: 过期的浴室号码
[log]2020/05/21 13:43:57 D:/sample/src/GoRedis/mypkg/controller.go:302: []
[log]2020/05/21 13:43:57 D:/sample/src/GoRedis/mypkg/controller.go:301: 过期的浴室号码
[log]2020/05/21 13:43:57 D:/sample/src/GoRedis/mypkg/controller.go:302: []
[log]2020/05/21 13:43:57 D:/sample/src/GoRedis/mypkg/controller.go:301: 过期的浴室号码
[log]2020/05/21 13:43:57 D:/sample/src/GoRedis/mypkg/controller.go:302: []
[log]2020/05/21 13:43:57 D:/sample/src/GoRedis/mypkg/controller.go:301: 过期的浴室号码
[log]2020/05/21 13:43:57 D:/sample/src/GoRedis/mypkg/controller.go:302: []
[log]2020/05/21 13:43:57 D:/sample/src/GoRedis/mypkg/controller.go:301: 过期的浴室号码
[log]2020/05/21 13:43:57 D:/sample/src/GoRedis/mypkg/controller.go:302: []
[log]2020/05/21 13:43:57 D:/sample/src/GoRedis/mypkg/controller.go:301: 过期的浴室号码
[log]2020/05/21 13:43:57 D:/sample/src/GoRedis/mypkg/controller.go:302: []
[log]2020/05/21 13:43:57 D:/sample/src/GoRedis/mypkg/controller.go:301: 过期的浴室号码
[log]2020/05/21 13:43:57 D:/sample/src/GoRedis/mypkg/controller.go:302: []
[log]2020/05/21 13:43:57 D:/sample/src/GoRedis/mypkg/controller.go:301: 过期的浴室号码
[log]2020/05/21 13:43:57 D:/sample/src/GoRedis/mypkg/controller.go:302: []
[log]2020/05/21 13:43:57 D:/sample/src/GoRedis/mypkg/controller.go:301: 过期的浴室号码
[log]2020/05/21 13:43:57 D:/sample/src/GoRedis/mypkg/controller.go:302: []
[log]2020/05/21 13:43:57 D:/sample/src/GoRedis/mypkg/controller.go:301: 过期的浴室号码
[log]2020/05/21 13:43:57 D:/sample/src/GoRedis/mypkg/controller.go:302: []
[log]2020/05/21 13:43:57 D:/sample/src/GoRedis/mypkg/controller.go:301: 过期的浴室号码
[log]2020/05/21 13:43:57 D:/sample/src/GoRedis/mypkg/controller.go:302: []
[log]2020/05/21 13:43:57 D:/sample/src/GoRedis/mypkg/controller.go:301: 过期的浴室号码
[log]2020/05/21 13:43:57 D:/sample/src/GoRedis/mypkg/controller.go:302: []
[log]2020/05/21 13:43:57 D:/sample/src/GoRedis/mypkg/controller.go:301: 过期的浴室号码
[log]2020/05/21 13:43:57 D:/sample/src/GoRedis/mypkg/controller.go:302: []
[log]2020/05/21 13:43:57 D:/sample/src/GoRedis/mypkg/controller.go:301: 过期的浴室号码
[log]2020/05/21 13:43:57 D:/sample/src/GoRedis/mypkg/controller.go:302: []
[log]2020/05/21 13:43:57 D:/sample/src/GoRedis/mypkg/controller.go:301: 过期的浴室号码
[log]2020/05/21 13:43:57 D:/sample/src/GoRedis/mypkg/controller.go:302: []
[log]2020/05/21 13:43:57 D:/sample/src/GoRedis/mypkg/controller.go:301: 过期的浴室号码
[log]2020/05/21 13:43:57 D:/sample/src/GoRedis/mypkg/controller.go:302: []
[log]2020/05/21 13:43:57 D:/sample/src/GoRedis/mypkg/controller.go:301: 过期的浴室号码
[log]2020/05/21 13:43:57 D:/sample/src/GoRedis/mypkg/controller.go:302: []
[log]2020/05/21 13:43:57 D:/sample/src/GoRedis/mypkg/controller.go:301: 过期的浴室号码
[log]2020/05/21 13:43:57 D:/sample/src/GoRedis/mypkg/controller.go:302: []
[log]2020/05/21 13:43:57 D:/sample/src/GoRedis/mypkg/controller.go:301: 过期的浴室号码
[log]2020/05/21 13:43:57 D:/sample/src/GoRedis/mypkg/controller.go:302: []
[log]2020/05/21 13:43:57 D:/sample/src/GoRedis/mypkg/controller.go:301: 过期的浴室号码
[log]2020/05/21 13:43:57 D:/sample/src/GoRedis/mypkg/controller.go:302: []
[log]2020/05/21 13:43:57 D:/sample/src/GoRedis/mypkg/controller.go:301: 过期的浴室号码
[log]2020/05/21 13:43:57 D:/sample/src/GoRedis/mypkg/controller.go:302: []
[log]2020/05/21 13:43:57 D:/sample/src/GoRedis/mypkg/controller.go:301: 过期的浴室号码
[log]2020/05/21 13:43:57 D:/sample/src/GoRedis/mypkg/controller.go:302: []
[log]2020/05/21 13:43:57 D:/sample/src/GoRedis/mypkg/controller.go:301: 过期的浴室号码
[log]2020/05/21 13:43:57 D:/sample/src/GoRedis/mypkg/controller.go:302: []
[log]2020/05/21 13:43:57 D:/sample/src/GoRedis/mypkg/controller.go:301: 过期的浴室号码
[log]2020/05/21 13:43:57 D:/sample/src/GoRedis/mypkg/controller.go:302: []
[log]2020/05/21 13:43:57 D:/sample/src/GoRedis/mypkg/controller.go:301: 过期的浴室号码
[log]2020/05/21 13:43:57 D:/sample/src/GoRedis/mypkg/controller.go:302: []
[log]2020/05/21 13:43:57 D:/sample/src/GoRedis/mypkg/controller.go:301: 过期的浴室号码
[log]2020/05/21 13:43:57 D:/sample/src/GoRedis/mypkg/controller.go:302: []
[log]2020/05/21 13:43:57 D:/sample/src/GoRedis/mypkg/controller.go:301: 过期的浴室号码
[log]2020/05/21 13:43:57 D:/sample/src/GoRedis/mypkg/controller.go:302: []
[log]2020/05/21 13:43:57 D:/sample/src/GoRedis/mypkg/controller.go:301: 过期的浴室号码
[log]2020/05/21 13:43:57 D:/sample/src/GoRedis/mypkg/controller.go:302: []
[log]2020/05/21 13:43:57 D:/sample/src/GoRedis/mypkg/controller.go:301: 过期的浴室号码
[log]2020/05/21 13:43:57 D:/sample/src/GoRedis/mypkg/controller.go:302: []
[log]2020/05/21 13:43:57 D:/sample/src/GoRedis/mypkg/controller.go:301: 过期的浴室号码
[log]2020/05/21 13:43:57 D:/sample/src/GoRedis/mypkg/controller.go:302: []
[log]2020/05/21 13:43:57 D:/sample/src/GoRedis/mypkg/controller.go:301: 过期的浴室号码
[log]2020/05/21 13:43:57 D:/sample/src/GoRedis/mypkg/controller.go:302: []
[log]2020/05/21 13:43:57 D:/sample/src/GoRedis/mypkg/controller.go:301: 过期的浴室号码
[log]2020/05/21 13:43:57 D:/sample/src/GoRedis/mypkg/controller.go:302: []
[log]2020/05/21 13:43:57 D:/sample/src/GoRedis/mypkg/controller.go:301: 过期的浴室号码
[log]2020/05/21 13:43:57 D:/sample/src/GoRedis/mypkg/controller.go:302: []
[log]2020/05/21 13:43:57 D:/sample/src/GoRedis/mypkg/controller.go:301: 过期的浴室号码
[log]2020/05/21 13:43:57 D:/sample/src/GoRedis/mypkg/controller.go:302: []
[log]2020/05/21 13:43:57 D:/sample/src/GoRedis/mypkg/controller.go:301: 过期的浴室号码
[log]2020/05/21 13:43:57 D:/sample/src/GoRedis/mypkg/controller.go:302: []
[log]2020/05/21 13:43:57 D:/sample/src/GoRedis/mypkg/controller.go:301: 过期的浴室号码
[log]2020/05/21 13:43:57 D:/sample/src/GoRedis/mypkg/controller.go:302: []
[log]2020/05/21 13:43:57 D:/sample/src/GoRedis/mypkg/controller.go:301: 过期的浴室号码
[log]2020/05/21 13:43:57 D:/sample/src/GoRedis/mypkg/controller.go:302: []
[log]2020/05/21 13:43:57 D:/sample/src/GoRedis/mypkg/controller.go:301: 过期的浴室号码
[log]2020/05/21 13:43:57 D:/sample/src/GoRedis/mypkg/controller.go:302: []
[log]2020/05/21 13:43:57 D:/sample/src/GoRedis/mypkg/controller.go:301: 过期的浴室号码
[log]2020/05/21 13:43:57 D:/sample/src/GoRedis/mypkg/controller.go:302: []
[log]2020/05/21 13:43:57 D:/sample/src/GoRedis/mypkg/controller.go:301: 过期的浴室号码
[log]2020/05/21 13:43:57 D:/sample/src/GoRedis/mypkg/controller.go:302: []
[log]2020/05/21 14:29:14 D:/sample/src/GoRedis/mypkg/controller.go:301: 过期的浴室号码
[log]2020/05/21 14:29:14 D:/sample/src/GoRedis/mypkg/controller.go:302: []
[log]2020/05/21 14:29:14 D:/sample/src/GoRedis/mypkg/controller.go:301: 过期的浴室号码
[log]2020/05/21 14:29:14 D:/sample/src/GoRedis/mypkg/controller.go:302: []
[log]2020/05/21 14:29:14 D:/sample/src/GoRedis/mypkg/controller.go:301: 过期的浴室号码
[log]2020/05/21 14:29:14 D:/sample/src/GoRedis/mypkg/controller.go:302: []
[log]2020/05/21 14:29:14 D:/sample/src/GoRedis/mypkg/controller.go:301: 过期的浴室号码
[log]2020/05/21 14:29:14 D:/sample/src/GoRedis/mypkg/controller.go:302: []
[log]2020/05/21 14:29:14 D:/sample/src/GoRedis/mypkg/controller.go:301: 过期的浴室号码
[log]2020/05/21 14:29:14 D:/sample/src/GoRedis/mypkg/controller.go:302: []
[log]2020/05/21 14:29:14 D:/sample/src/GoRedis/mypkg/controller.go:301: 过期的浴室号码
[log]2020/05/21 14:29:14 D:/sample/src/GoRedis/mypkg/controller.go:302: []
[log]2020/05/21 14:29:14 D:/sample/src/GoRedis/mypkg/controller.go:301: 过期的浴室号码
[log]2020/05/21 14:29:14 D:/sample/src/GoRedis/mypkg/controller.go:302: []
[log]2020/05/21 14:29:14 D:/sample/src/GoRedis/mypkg/controller.go:301: 过期的浴室号码
[log]2020/05/21 14:29:14 D:/sample/src/GoRedis/mypkg/controller.go:302: []
[log]2020/05/21 14:29:14 D:/sample/src/GoRedis/mypkg/controller.go:301: 过期的浴室号码
[log]2020/05/21 14:29:14 D:/sample/src/GoRedis/mypkg/controller.go:302: []
[log]2020/05/21 14:29:14 D:/sample/src/GoRedis/mypkg/controller.go:301: 过期的浴室号码
[log]2020/05/21 14:29:14 D:/sample/src/GoRedis/mypkg/controller.go:302: []
[log]2020/05/21 14:29:14 D:/sample/src/GoRedis/mypkg/controller.go:301: 过期的浴室号码
[log]2020/05/21 14:29:14 D:/sample/src/GoRedis/mypkg/controller.go:302: []
[log]2020/05/21 14:29:14 D:/sample/src/GoRedis/mypkg/controller.go:301: 过期的浴室号码
[log]2020/05/21 14:29:14 D:/sample/src/GoRedis/mypkg/controller.go:302: []
[log]2020/05/21 14:29:14 D:/sample/src/GoRedis/mypkg/controller.go:301: 过期的浴室号码
[log]2020/05/21 14:29:14 D:/sample/src/GoRedis/mypkg/controller.go:302: []
[log]2020/05/21 14:29:14 D:/sample/src/GoRedis/mypkg/controller.go:301: 过期的浴室号码
[log]2020/05/21 14:29:14 D:/sample/src/GoRedis/mypkg/controller.go:302: []
[log]2020/05/21 14:29:14 D:/sample/src/GoRedis/mypkg/controller.go:301: 过期的浴室号码
[log]2020/05/21 14:29:14 D:/sample/src/GoRedis/mypkg/controller.go:302: []
[log]2020/05/21 14:29:14 D:/sample/src/GoRedis/mypkg/controller.go:301: 过期的浴室号码
[log]2020/05/21 14:29:14 D:/sample/src/GoRedis/mypkg/controller.go:302: []
[log]2020/05/21 14:29:14 D:/sample/src/GoRedis/mypkg/controller.go:301: 过期的浴室号码
[log]2020/05/21 14:29:14 D:/sample/src/GoRedis/mypkg/controller.go:302: []
[log]2020/05/21 14:29:14 D:/sample/src/GoRedis/mypkg/controller.go:301: 过期的浴室号码
[log]2020/05/21 14:29:14 D:/sample/src/GoRedis/mypkg/controller.go:302: []
[log]2020/05/21 14:29:14 D:/sample/src/GoRedis/mypkg/controller.go:301: 过期的浴室号码
[log]2020/05/21 14:29:14 D:/sample/src/GoRedis/mypkg/controller.go:302: []
[log]2020/05/21 14:29:14 D:/sample/src/GoRedis/mypkg/controller.go:301: 过期的浴室号码
[log]2020/05/21 14:29:14 D:/sample/src/GoRedis/mypkg/controller.go:302: []
[log]2020/05/21 14:29:14 D:/sample/src/GoRedis/mypkg/controller.go:301: 过期的浴室号码
[log]2020/05/21 14:29:14 D:/sample/src/GoRedis/mypkg/controller.go:302: []
[log]2020/05/21 14:29:14 D:/sample/src/GoRedis/mypkg/controller.go:301: 过期的浴室号码
[log]2020/05/21 14:29:14 D:/sample/src/GoRedis/mypkg/controller.go:302: []
[log]2020/05/21 14:29:14 D:/sample/src/GoRedis/mypkg/controller.go:301: 过期的浴室号码
[log]2020/05/21 14:29:14 D:/sample/src/GoRedis/mypkg/controller.go:302: []
[log]2020/05/21 14:29:14 D:/sample/src/GoRedis/mypkg/controller.go:301: 过期的浴室号码
[log]2020/05/21 14:29:14 D:/sample/src/GoRedis/mypkg/controller.go:302: []
[log]2020/05/21 14:29:14 D:/sample/src/GoRedis/mypkg/controller.go:301: 过期的浴室号码
[log]2020/05/21 14:29:14 D:/sample/src/GoRedis/mypkg/controller.go:302: []
[log]2020/05/21 14:29:14 D:/sample/src/GoRedis/mypkg/controller.go:301: 过期的浴室号码
[log]2020/05/21 14:29:14 D:/sample/src/GoRedis/mypkg/controller.go:302: []
[log]2020/05/21 14:29:14 D:/sample/src/GoRedis/mypkg/controller.go:301: 过期的浴室号码
[log]2020/05/21 14:29:14 D:/sample/src/GoRedis/mypkg/controller.go:302: []
[log]2020/05/21 14:29:14 D:/sample/src/GoRedis/mypkg/controller.go:301: 过期的浴室号码
[log]2020/05/21 14:29:14 D:/sample/src/GoRedis/mypkg/controller.go:302: []
[log]2020/05/21 14:29:14 D:/sample/src/GoRedis/mypkg/controller.go:301: 过期的浴室号码
[log]2020/05/21 14:29:14 D:/sample/src/GoRedis/mypkg/controller.go:302: []
[log]2020/05/21 14:29:14 D:/sample/src/GoRedis/mypkg/controller.go:301: 过期的浴室号码
[log]2020/05/21 14:29:14 D:/sample/src/GoRedis/mypkg/controller.go:302: []
[log]2020/05/21 14:29:14 D:/sample/src/GoRedis/mypkg/controller.go:301: 过期的浴室号码
[log]2020/05/21 14:29:14 D:/sample/src/GoRedis/mypkg/controller.go:302: []
[log]2020/05/21 14:29:14 D:/sample/src/GoRedis/mypkg/controller.go:301: 过期的浴室号码
[log]2020/05/21 14:29:14 D:/sample/src/GoRedis/mypkg/controller.go:302: []
[log]2020/05/21 14:29:14 D:/sample/src/GoRedis/mypkg/controller.go:301: 过期的浴室号码
[log]2020/05/21 14:29:14 D:/sample/src/GoRedis/mypkg/controller.go:302: []
[log]2020/05/21 14:29:14 D:/sample/src/GoRedis/mypkg/controller.go:301: 过期的浴室号码
[log]2020/05/21 14:29:14 D:/sample/src/GoRedis/mypkg/controller.go:302: []
[log]2020/05/21 14:29:14 D:/sample/src/GoRedis/mypkg/controller.go:301: 过期的浴室号码
[log]2020/05/21 14:29:14 D:/sample/src/GoRedis/mypkg/controller.go:302: []
[log]2020/05/21 14:29:14 D:/sample/src/GoRedis/mypkg/controller.go:301: 过期的浴室号码
[log]2020/05/21 14:29:14 D:/sample/src/GoRedis/mypkg/controller.go:302: []
[log]2020/05/21 14:29:14 D:/sample/src/GoRedis/mypkg/controller.go:301: 过期的浴室号码
[log]2020/05/21 14:29:14 D:/sample/src/GoRedis/mypkg/controller.go:302: []
[log]2020/05/21 14:29:14 D:/sample/src/GoRedis/mypkg/controller.go:301: 过期的浴室号码
[log]2020/05/21 14:29:14 D:/sample/src/GoRedis/mypkg/controller.go:302: []
[log]2020/05/21 14:29:14 D:/sample/src/GoRedis/mypkg/controller.go:301: 过期的浴室号码
[log]2020/05/21 14:29:14 D:/sample/src/GoRedis/mypkg/controller.go:302: []
[log]2020/05/21 14:29:14 D:/sample/src/GoRedis/mypkg/controller.go:301: 过期的浴室号码
[log]2020/05/21 14:29:14 D:/sample/src/GoRedis/mypkg/controller.go:302: []
[log]2020/05/21 14:29:14 D:/sample/src/GoRedis/mypkg/controller.go:301: 过期的浴室号码
[log]2020/05/21 14:29:14 D:/sample/src/GoRedis/mypkg/controller.go:302: []
[log]2020/05/21 14:29:14 D:/sample/src/GoRedis/mypkg/controller.go:301: 过期的浴室号码
[log]2020/05/21 14:29:14 D:/sample/src/GoRedis/mypkg/controller.go:302: []
[log]2020/05/21 14:29:14 D:/sample/src/GoRedis/mypkg/controller.go:301: 过期的浴室号码
[log]2020/05/21 14:29:14 D:/sample/src/GoRedis/mypkg/controller.go:302: []
[log]2020/05/21 14:29:14 D:/sample/src/GoRedis/mypkg/controller.go:301: 过期的浴室号码
[log]2020/05/21 14:29:14 D:/sample/src/GoRedis/mypkg/controller.go:302: []
[log]2020/05/21 14:29:14 D:/sample/src/GoRedis/mypkg/controller.go:301: 过期的浴室号码
[log]2020/05/21 14:29:14 D:/sample/src/GoRedis/mypkg/controller.go:302: []
[log]2020/05/21 14:29:14 D:/sample/src/GoRedis/mypkg/controller.go:301: 过期的浴室号码
[log]2020/05/21 14:29:14 D:/sample/src/GoRedis/mypkg/controller.go:302: []
[log]2020/05/21 14:29:14 D:/sample/src/GoRedis/mypkg/controller.go:301: 过期的浴室号码
[log]2020/05/21 14:29:14 D:/sample/src/GoRedis/mypkg/controller.go:302: []
[log]2020/05/21 14:29:14 D:/sample/src/GoRedis/mypkg/controller.go:301: 过期的浴室号码
[log]2020/05/21 14:29:14 D:/sample/src/GoRedis/mypkg/controller.go:302: []
[log]2020/05/21 14:29:14 D:/sample/src/GoRedis/mypkg/controller.go:301: 过期的浴室号码
[log]2020/05/21 14:29:14 D:/sample/src/GoRedis/mypkg/controller.go:302: []
[log]2020/05/21 14:29:14 D:/sample/src/GoRedis/mypkg/controller.go:301: 过期的浴室号码
[log]2020/05/21 14:29:14 D:/sample/src/GoRedis/mypkg/controller.go:302: []
[log]2020/05/21 14:29:14 D:/sample/src/GoRedis/mypkg/controller.go:301: 过期的浴室号码
[log]2020/05/21 14:29:14 D:/sample/src/GoRedis/mypkg/controller.go:302: []
[log]2020/05/21 14:29:14 D:/sample/src/GoRedis/mypkg/controller.go:301: 过期的浴室号码
[log]2020/05/21 14:29:14 D:/sample/src/GoRedis/mypkg/controller.go:302: []
[log]2020/05/21 14:29:14 D:/sample/src/GoRedis/mypkg/controller.go:301: 过期的浴室号码
[log]2020/05/21 14:29:14 D:/sample/src/GoRedis/mypkg/controller.go:302: []
[log]2020/05/21 14:29:14 D:/sample/src/GoRedis/mypkg/controller.go:301: 过期的浴室号码
[log]2020/05/21 14:29:14 D:/sample/src/GoRedis/mypkg/controller.go:302: []
[log]2020/05/21 14:29:14 D:/sample/src/GoRedis/mypkg/controller.go:301: 过期的浴室号码
[log]2020/05/21 14:29:14 D:/sample/src/GoRedis/mypkg/controller.go:302: []
[log]2020/05/21 14:29:14 D:/sample/src/GoRedis/mypkg/controller.go:301: 过期的浴室号码
[log]2020/05/21 14:29:14 D:/sample/src/GoRedis/mypkg/controller.go:302: []
[log]2020/05/21 14:29:14 D:/sample/src/GoRedis/mypkg/controller.go:301: 过期的浴室号码
[log]2020/05/21 14:29:14 D:/sample/src/GoRedis/mypkg/controller.go:302: []
[log]2020/05/21 14:29:14 D:/sample/src/GoRedis/mypkg/controller.go:301: 过期的浴室号码
[log]2020/05/21 14:29:14 D:/sample/src/GoRedis/mypkg/controller.go:302: []
[log]2020/05/21 14:29:14 D:/sample/src/GoRedis/mypkg/controller.go:301: 过期的浴室号码
[log]2020/05/21 14:29:14 D:/sample/src/GoRedis/mypkg/controller.go:302: []
[log]2020/05/21 14:29:14 D:/sample/src/GoRedis/mypkg/controller.go:301: 过期的浴室号码
[log]2020/05/21 14:29:14 D:/sample/src/GoRedis/mypkg/controller.go:302: []
[log]2020/05/21 14:29:14 D:/sample/src/GoRedis/mypkg/controller.go:301: 过期的浴室号码
[log]2020/05/21 14:29:14 D:/sample/src/GoRedis/mypkg/controller.go:302: []
[log]2020/05/21 14:29:14 D:/sample/src/GoRedis/mypkg/controller.go:301: 过期的浴室号码
[log]2020/05/21 14:29:14 D:/sample/src/GoRedis/mypkg/controller.go:302: []
[log]2020/05/21 14:29:14 D:/sample/src/GoRedis/mypkg/controller.go:301: 过期的浴室号码
[log]2020/05/21 14:29:14 D:/sample/src/GoRedis/mypkg/controller.go:302: []
[log]2020/05/21 14:29:14 D:/sample/src/GoRedis/mypkg/controller.go:301: 过期的浴室号码
[log]2020/05/21 14:29:14 D:/sample/src/GoRedis/mypkg/controller.go:302: []
[log]2020/05/21 14:29:14 D:/sample/src/GoRedis/mypkg/controller.go:301: 过期的浴室号码
[log]2020/05/21 14:29:14 D:/sample/src/GoRedis/mypkg/controller.go:302: []
[log]2020/05/21 14:29:14 D:/sample/src/GoRedis/mypkg/controller.go:301: 过期的浴室号码
[log]2020/05/21 14:29:14 D:/sample/src/GoRedis/mypkg/controller.go:302: []
[log]2020/05/21 14:29:14 D:/sample/src/GoRedis/mypkg/controller.go:301: 过期的浴室号码
[log]2020/05/21 14:29:14 D:/sample/src/GoRedis/mypkg/controller.go:302: []
[log]2020/05/21 14:29:14 D:/sample/src/GoRedis/mypkg/controller.go:301: 过期的浴室号码
[log]2020/05/21 14:29:14 D:/sample/src/GoRedis/mypkg/controller.go:302: []
[log]2020/05/21 14:29:14 D:/sample/src/GoRedis/mypkg/controller.go:301: 过期的浴室号码
[log]2020/05/21 14:29:14 D:/sample/src/GoRedis/mypkg/controller.go:302: []
[log]2020/05/21 14:29:14 D:/sample/src/GoRedis/mypkg/controller.go:301: 过期的浴室号码
[log]2020/05/21 14:29:14 D:/sample/src/GoRedis/mypkg/controller.go:302: []
[log]2020/05/21 14:29:14 D:/sample/src/GoRedis/mypkg/controller.go:301: 过期的浴室号码
[log]2020/05/21 14:29:14 D:/sample/src/GoRedis/mypkg/controller.go:302: []
[log]2020/05/21 14:29:14 D:/sample/src/GoRedis/mypkg/controller.go:301: 过期的浴室号码
[log]2020/05/21 14:29:14 D:/sample/src/GoRedis/mypkg/controller.go:302: []
[log]2020/05/21 14:29:14 D:/sample/src/GoRedis/mypkg/controller.go:301: 过期的浴室号码
[log]2020/05/21 14:29:14 D:/sample/src/GoRedis/mypkg/controller.go:302: []
[log]2020/05/21 14:29:14 D:/sample/src/GoRedis/mypkg/controller.go:301: 过期的浴室号码
[log]2020/05/21 14:29:14 D:/sample/src/GoRedis/mypkg/controller.go:302: []
[log]2020/05/21 14:29:14 D:/sample/src/GoRedis/mypkg/controller.go:301: 过期的浴室号码
[log]2020/05/21 14:29:14 D:/sample/src/GoRedis/mypkg/controller.go:302: []
[log]2020/05/21 14:29:14 D:/sample/src/GoRedis/mypkg/controller.go:301: 过期的浴室号码
[log]2020/05/21 14:29:14 D:/sample/src/GoRedis/mypkg/controller.go:302: []
[log]2020/05/21 14:29:14 D:/sample/src/GoRedis/mypkg/controller.go:301: 过期的浴室号码
[log]2020/05/21 14:29:14 D:/sample/src/GoRedis/mypkg/controller.go:302: []
[log]2020/05/21 14:29:14 D:/sample/src/GoRedis/mypkg/controller.go:301: 过期的浴室号码
[log]2020/05/21 14:29:14 D:/sample/src/GoRedis/mypkg/controller.go:302: []
[log]2020/05/21 14:29:14 D:/sample/src/GoRedis/mypkg/controller.go:301: 过期的浴室号码
[log]2020/05/21 14:29:14 D:/sample/src/GoRedis/mypkg/controller.go:302: []
[log]2020/05/21 14:29:14 D:/sample/src/GoRedis/mypkg/controller.go:301: 过期的浴室号码
[log]2020/05/21 14:29:14 D:/sample/src/GoRedis/mypkg/controller.go:302: []
[log]2020/05/21 14:29:14 D:/sample/src/GoRedis/mypkg/controller.go:301: 过期的浴室号码
[log]2020/05/21 14:29:14 D:/sample/src/GoRedis/mypkg/controller.go:302: []
[log]2020/05/21 14:29:14 D:/sample/src/GoRedis/mypkg/controller.go:301: 过期的浴室号码
[log]2020/05/21 14:29:14 D:/sample/src/GoRedis/mypkg/controller.go:302: []
[log]2020/05/21 14:29:14 D:/sample/src/GoRedis/mypkg/controller.go:301: 过期的浴室号码
[log]2020/05/21 14:29:14 D:/sample/src/GoRedis/mypkg/controller.go:302: []
[log]2020/05/21 14:29:14 D:/sample/src/GoRedis/mypkg/controller.go:301: 过期的浴室号码
[log]2020/05/21 14:29:14 D:/sample/src/GoRedis/mypkg/controller.go:302: []
[log]2020/05/21 14:29:14 D:/sample/src/GoRedis/mypkg/controller.go:301: 过期的浴室号码
[log]2020/05/21 14:29:14 D:/sample/src/GoRedis/mypkg/controller.go:302: []
[log]2020/05/21 14:29:14 D:/sample/src/GoRedis/mypkg/controller.go:301: 过期的浴室号码
[log]2020/05/21 14:29:14 D:/sample/src/GoRedis/mypkg/controller.go:302: []
[log]2020/05/21 14:29:14 D:/sample/src/GoRedis/mypkg/controller.go:301: 过期的浴室号码
[log]2020/05/21 14:29:14 D:/sample/src/GoRedis/mypkg/controller.go:302: []
[log]2020/05/21 14:29:14 D:/sample/src/GoRedis/mypkg/controller.go:301: 过期的浴室号码
[log]2020/05/21 14:29:14 D:/sample/src/GoRedis/mypkg/controller.go:302: []
[log]2020/05/21 14:29:14 D:/sample/src/GoRedis/mypkg/controller.go:301: 过期的浴室号码
[log]2020/05/21 14:29:14 D:/sample/src/GoRedis/mypkg/controller.go:302: []
[log]2020/05/21 14:29:14 D:/sample/src/GoRedis/mypkg/controller.go:301: 过期的浴室号码
[log]2020/05/21 14:29:14 D:/sample/src/GoRedis/mypkg/controller.go:302: []
[log]2020/05/21 14:29:14 D:/sample/src/GoRedis/mypkg/controller.go:301: 过期的浴室号码
[log]2020/05/21 14:29:14 D:/sample/src/GoRedis/mypkg/controller.go:302: []
[log]2020/05/21 14:29:14 D:/sample/src/GoRedis/mypkg/controller.go:301: 过期的浴室号码
[log]2020/05/21 14:29:14 D:/sample/src/GoRedis/mypkg/controller.go:302: []
[log]2020/05/21 14:29:14 D:/sample/src/GoRedis/mypkg/controller.go:301: 过期的浴室号码
[log]2020/05/21 14:29:14 D:/sample/src/GoRedis/mypkg/controller.go:302: []
[log]2020/05/21 14:29:14 D:/sample/src/GoRedis/mypkg/controller.go:301: 过期的浴室号码
[log]2020/05/21 14:29:14 D:/sample/src/GoRedis/mypkg/controller.go:302: []
[log]2020/05/21 14:29:14 D:/sample/src/GoRedis/mypkg/controller.go:301: 过期的浴室号码
[log]2020/05/21 14:29:14 D:/sample/src/GoRedis/mypkg/controller.go:302: []
[log]2020/05/21 14:31:07 D:/sample/src/GoRedis/mypkg/controller.go:301: 过期的浴室号码
[log]2020/05/21 14:31:07 D:/sample/src/GoRedis/mypkg/controller.go:302: []
[log]2020/05/21 14:31:07 D:/sample/src/GoRedis/mypkg/controller.go:301: 过期的浴室号码
[log]2020/05/21 14:31:07 D:/sample/src/GoRedis/mypkg/controller.go:302: []
[log]2020/05/21 14:31:07 D:/sample/src/GoRedis/mypkg/controller.go:301: 过期的浴室号码
[log]2020/05/21 14:31:07 D:/sample/src/GoRedis/mypkg/controller.go:302: []
[log]2020/05/21 14:31:07 D:/sample/src/GoRedis/mypkg/controller.go:301: 过期的浴室号码
[log]2020/05/21 14:31:07 D:/sample/src/GoRedis/mypkg/controller.go:302: []
[log]2020/05/21 14:31:07 D:/sample/src/GoRedis/mypkg/controller.go:301: 过期的浴室号码
[log]2020/05/21 14:31:07 D:/sample/src/GoRedis/mypkg/controller.go:302: []
[log]2020/05/21 14:31:07 D:/sample/src/GoRedis/mypkg/controller.go:301: 过期的浴室号码
[log]2020/05/21 14:31:07 D:/sample/src/GoRedis/mypkg/controller.go:302: []
[log]2020/05/21 14:31:07 D:/sample/src/GoRedis/mypkg/controller.go:301: 过期的浴室号码
[log]2020/05/21 14:31:07 D:/sample/src/GoRedis/mypkg/controller.go:302: []
[log]2020/05/21 14:31:07 D:/sample/src/GoRedis/mypkg/controller.go:301: 过期的浴室号码
[log]2020/05/21 14:31:07 D:/sample/src/GoRedis/mypkg/controller.go:302: []
[log]2020/05/21 14:31:07 D:/sample/src/GoRedis/mypkg/controller.go:301: 过期的浴室号码
[log]2020/05/21 14:31:07 D:/sample/src/GoRedis/mypkg/controller.go:302: []
[log]2020/05/21 14:31:07 D:/sample/src/GoRedis/mypkg/controller.go:301: 过期的浴室号码
[log]2020/05/21 14:31:07 D:/sample/src/GoRedis/mypkg/controller.go:302: []
[log]2020/05/21 14:31:07 D:/sample/src/GoRedis/mypkg/controller.go:301: 过期的浴室号码
[log]2020/05/21 14:31:07 D:/sample/src/GoRedis/mypkg/controller.go:302: []
[log]2020/05/21 14:31:07 D:/sample/src/GoRedis/mypkg/controller.go:301: 过期的浴室号码
[log]2020/05/21 14:31:07 D:/sample/src/GoRedis/mypkg/controller.go:302: []
[log]2020/05/21 14:31:07 D:/sample/src/GoRedis/mypkg/controller.go:301: 过期的浴室号码
[log]2020/05/21 14:31:07 D:/sample/src/GoRedis/mypkg/controller.go:302: []
[log]2020/05/21 14:31:07 D:/sample/src/GoRedis/mypkg/controller.go:301: 过期的浴室号码
[log]2020/05/21 14:31:07 D:/sample/src/GoRedis/mypkg/controller.go:302: []
[log]2020/05/21 14:31:07 D:/sample/src/GoRedis/mypkg/controller.go:301: 过期的浴室号码
[log]2020/05/21 14:31:07 D:/sample/src/GoRedis/mypkg/controller.go:302: []
[log]2020/05/21 14:31:07 D:/sample/src/GoRedis/mypkg/controller.go:301: 过期的浴室号码
[log]2020/05/21 14:31:07 D:/sample/src/GoRedis/mypkg/controller.go:302: []
[log]2020/05/21 14:31:07 D:/sample/src/GoRedis/mypkg/controller.go:301: 过期的浴室号码
[log]2020/05/21 14:31:07 D:/sample/src/GoRedis/mypkg/controller.go:302: []
[log]2020/05/21 14:31:07 D:/sample/src/GoRedis/mypkg/controller.go:301: 过期的浴室号码
[log]2020/05/21 14:31:07 D:/sample/src/GoRedis/mypkg/controller.go:302: []
[log]2020/05/21 14:31:07 D:/sample/src/GoRedis/mypkg/controller.go:301: 过期的浴室号码
[log]2020/05/21 14:31:07 D:/sample/src/GoRedis/mypkg/controller.go:302: []
[log]2020/05/21 14:31:07 D:/sample/src/GoRedis/mypkg/controller.go:301: 过期的浴室号码
[log]2020/05/21 14:31:07 D:/sample/src/GoRedis/mypkg/controller.go:302: []
[log]2020/05/21 14:31:07 D:/sample/src/GoRedis/mypkg/controller.go:301: 过期的浴室号码
[log]2020/05/21 14:31:07 D:/sample/src/GoRedis/mypkg/controller.go:302: []
[log]2020/05/21 14:31:07 D:/sample/src/GoRedis/mypkg/controller.go:301: 过期的浴室号码
[log]2020/05/21 14:31:07 D:/sample/src/GoRedis/mypkg/controller.go:302: []
[log]2020/05/21 14:31:07 D:/sample/src/GoRedis/mypkg/controller.go:301: 过期的浴室号码
[log]2020/05/21 14:31:07 D:/sample/src/GoRedis/mypkg/controller.go:302: []
[log]2020/05/21 14:31:07 D:/sample/src/GoRedis/mypkg/controller.go:301: 过期的浴室号码
[log]2020/05/21 14:31:07 D:/sample/src/GoRedis/mypkg/controller.go:302: []
[log]2020/05/21 14:31:07 D:/sample/src/GoRedis/mypkg/controller.go:301: 过期的浴室号码
[log]2020/05/21 14:31:07 D:/sample/src/GoRedis/mypkg/controller.go:302: []
[log]2020/05/21 14:31:07 D:/sample/src/GoRedis/mypkg/controller.go:301: 过期的浴室号码
[log]2020/05/21 14:31:07 D:/sample/src/GoRedis/mypkg/controller.go:302: []
[log]2020/05/21 14:31:07 D:/sample/src/GoRedis/mypkg/controller.go:301: 过期的浴室号码
[log]2020/05/21 14:31:07 D:/sample/src/GoRedis/mypkg/controller.go:302: []
[log]2020/05/21 14:31:07 D:/sample/src/GoRedis/mypkg/controller.go:301: 过期的浴室号码
[log]2020/05/21 14:31:07 D:/sample/src/GoRedis/mypkg/controller.go:302: []
[log]2020/05/21 14:31:07 D:/sample/src/GoRedis/mypkg/controller.go:301: 过期的浴室号码
[log]2020/05/21 14:31:07 D:/sample/src/GoRedis/mypkg/controller.go:302: []
[log]2020/05/21 14:31:07 D:/sample/src/GoRedis/mypkg/controller.go:301: 过期的浴室号码
[log]2020/05/21 14:31:07 D:/sample/src/GoRedis/mypkg/controller.go:302: []
[log]2020/05/21 14:31:07 D:/sample/src/GoRedis/mypkg/controller.go:301: 过期的浴室号码
[log]2020/05/21 14:31:07 D:/sample/src/GoRedis/mypkg/controller.go:302: []
[log]2020/05/21 14:31:07 D:/sample/src/GoRedis/mypkg/controller.go:301: 过期的浴室号码
[log]2020/05/21 14:31:07 D:/sample/src/GoRedis/mypkg/controller.go:302: []
[log]2020/05/21 14:31:07 D:/sample/src/GoRedis/mypkg/controller.go:301: 过期的浴室号码
[log]2020/05/21 14:31:07 D:/sample/src/GoRedis/mypkg/controller.go:302: []
[log]2020/05/21 14:31:07 D:/sample/src/GoRedis/mypkg/controller.go:301: 过期的浴室号码
[log]2020/05/21 14:31:07 D:/sample/src/GoRedis/mypkg/controller.go:302: []
[log]2020/05/21 14:31:07 D:/sample/src/GoRedis/mypkg/controller.go:301: 过期的浴室号码
[log]2020/05/21 14:31:07 D:/sample/src/GoRedis/mypkg/controller.go:302: []
[log]2020/05/21 14:31:07 D:/sample/src/GoRedis/mypkg/controller.go:301: 过期的浴室号码
[log]2020/05/21 14:31:07 D:/sample/src/GoRedis/mypkg/controller.go:302: []
[log]2020/05/21 14:31:07 D:/sample/src/GoRedis/mypkg/controller.go:301: 过期的浴室号码
[log]2020/05/21 14:31:07 D:/sample/src/GoRedis/mypkg/controller.go:302: []
[log]2020/05/21 14:31:07 D:/sample/src/GoRedis/mypkg/controller.go:301: 过期的浴室号码
[log]2020/05/21 14:31:07 D:/sample/src/GoRedis/mypkg/controller.go:302: []
[log]2020/05/21 14:31:07 D:/sample/src/GoRedis/mypkg/controller.go:301: 过期的浴室号码
[log]2020/05/21 14:31:07 D:/sample/src/GoRedis/mypkg/controller.go:302: []
[log]2020/05/21 14:31:07 D:/sample/src/GoRedis/mypkg/controller.go:301: 过期的浴室号码
[log]2020/05/21 14:31:07 D:/sample/src/GoRedis/mypkg/controller.go:302: []
[log]2020/05/21 14:31:07 D:/sample/src/GoRedis/mypkg/controller.go:301: 过期的浴室号码
[log]2020/05/21 14:31:07 D:/sample/src/GoRedis/mypkg/controller.go:302: []
[log]2020/05/21 14:31:07 D:/sample/src/GoRedis/mypkg/controller.go:301: 过期的浴室号码
[log]2020/05/21 14:31:07 D:/sample/src/GoRedis/mypkg/controller.go:302: []
[log]2020/05/21 14:31:07 D:/sample/src/GoRedis/mypkg/controller.go:301: 过期的浴室号码
[log]2020/05/21 14:31:07 D:/sample/src/GoRedis/mypkg/controller.go:302: []
[log]2020/05/21 14:31:07 D:/sample/src/GoRedis/mypkg/controller.go:301: 过期的浴室号码
[log]2020/05/21 14:31:07 D:/sample/src/GoRedis/mypkg/controller.go:302: []
[log]2020/05/21 14:31:07 D:/sample/src/GoRedis/mypkg/controller.go:301: 过期的浴室号码
[log]2020/05/21 14:31:07 D:/sample/src/GoRedis/mypkg/controller.go:302: []
[log]2020/05/21 14:31:07 D:/sample/src/GoRedis/mypkg/controller.go:301: 过期的浴室号码
[log]2020/05/21 14:31:07 D:/sample/src/GoRedis/mypkg/controller.go:302: []
[log]2020/05/21 14:31:07 D:/sample/src/GoRedis/mypkg/controller.go:301: 过期的浴室号码
[log]2020/05/21 14:31:07 D:/sample/src/GoRedis/mypkg/controller.go:302: []
[log]2020/05/21 14:31:07 D:/sample/src/GoRedis/mypkg/controller.go:301: 过期的浴室号码
[log]2020/05/21 14:31:07 D:/sample/src/GoRedis/mypkg/controller.go:302: []
[log]2020/05/21 14:31:07 D:/sample/src/GoRedis/mypkg/controller.go:301: 过期的浴室号码
[log]2020/05/21 14:31:07 D:/sample/src/GoRedis/mypkg/controller.go:302: []
[log]2020/05/21 14:31:07 D:/sample/src/GoRedis/mypkg/controller.go:301: 过期的浴室号码
[log]2020/05/21 14:31:07 D:/sample/src/GoRedis/mypkg/controller.go:302: []
[log]2020/05/21 14:31:07 D:/sample/src/GoRedis/mypkg/controller.go:301: 过期的浴室号码
[log]2020/05/21 14:31:07 D:/sample/src/GoRedis/mypkg/controller.go:302: []
[log]2020/05/21 14:31:07 D:/sample/src/GoRedis/mypkg/controller.go:301: 过期的浴室号码
[log]2020/05/21 14:31:07 D:/sample/src/GoRedis/mypkg/controller.go:302: []
[log]2020/05/21 14:31:07 D:/sample/src/GoRedis/mypkg/controller.go:301: 过期的浴室号码
[log]2020/05/21 14:31:07 D:/sample/src/GoRedis/mypkg/controller.go:302: []
[log]2020/05/21 14:31:07 D:/sample/src/GoRedis/mypkg/controller.go:301: 过期的浴室号码
[log]2020/05/21 14:31:07 D:/sample/src/GoRedis/mypkg/controller.go:302: []
[log]2020/05/21 14:31:07 D:/sample/src/GoRedis/mypkg/controller.go:301: 过期的浴室号码
[log]2020/05/21 14:31:07 D:/sample/src/GoRedis/mypkg/controller.go:302: []
[log]2020/05/21 14:31:07 D:/sample/src/GoRedis/mypkg/controller.go:301: 过期的浴室号码
[log]2020/05/21 14:31:07 D:/sample/src/GoRedis/mypkg/controller.go:302: []
[log]2020/05/21 14:31:07 D:/sample/src/GoRedis/mypkg/controller.go:301: 过期的浴室号码
[log]2020/05/21 14:31:07 D:/sample/src/GoRedis/mypkg/controller.go:302: []
[log]2020/05/21 14:31:07 D:/sample/src/GoRedis/mypkg/controller.go:301: 过期的浴室号码
[log]2020/05/21 14:31:07 D:/sample/src/GoRedis/mypkg/controller.go:302: []
[log]2020/05/21 14:31:07 D:/sample/src/GoRedis/mypkg/controller.go:301: 过期的浴室号码
[log]2020/05/21 14:31:07 D:/sample/src/GoRedis/mypkg/controller.go:302: []
[log]2020/05/21 14:31:07 D:/sample/src/GoRedis/mypkg/controller.go:301: 过期的浴室号码
[log]2020/05/21 14:31:07 D:/sample/src/GoRedis/mypkg/controller.go:302: []
[log]2020/05/21 14:31:07 D:/sample/src/GoRedis/mypkg/controller.go:301: 过期的浴室号码
[log]2020/05/21 14:31:07 D:/sample/src/GoRedis/mypkg/controller.go:302: []
[log]2020/05/21 14:31:07 D:/sample/src/GoRedis/mypkg/controller.go:301: 过期的浴室号码
[log]2020/05/21 14:31:07 D:/sample/src/GoRedis/mypkg/controller.go:302: []
[log]2020/05/21 14:31:07 D:/sample/src/GoRedis/mypkg/controller.go:301: 过期的浴室号码
[log]2020/05/21 14:31:07 D:/sample/src/GoRedis/mypkg/controller.go:302: []
[log]2020/05/21 14:31:07 D:/sample/src/GoRedis/mypkg/controller.go:301: 过期的浴室号码
[log]2020/05/21 14:31:07 D:/sample/src/GoRedis/mypkg/controller.go:302: []
[log]2020/05/21 14:31:07 D:/sample/src/GoRedis/mypkg/controller.go:301: 过期的浴室号码
[log]2020/05/21 14:31:07 D:/sample/src/GoRedis/mypkg/controller.go:302: []
[log]2020/05/21 14:31:07 D:/sample/src/GoRedis/mypkg/controller.go:301: 过期的浴室号码
[log]2020/05/21 14:31:07 D:/sample/src/GoRedis/mypkg/controller.go:302: []
[log]2020/05/21 14:31:07 D:/sample/src/GoRedis/mypkg/controller.go:301: 过期的浴室号码
[log]2020/05/21 14:31:07 D:/sample/src/GoRedis/mypkg/controller.go:302: []
[log]2020/05/21 14:31:07 D:/sample/src/GoRedis/mypkg/controller.go:301: 过期的浴室号码
[log]2020/05/21 14:31:07 D:/sample/src/GoRedis/mypkg/controller.go:302: []
[log]2020/05/21 14:31:07 D:/sample/src/GoRedis/mypkg/controller.go:301: 过期的浴室号码
[log]2020/05/21 14:31:07 D:/sample/src/GoRedis/mypkg/controller.go:302: []
[log]2020/05/21 14:31:07 D:/sample/src/GoRedis/mypkg/controller.go:301: 过期的浴室号码
[log]2020/05/21 14:31:07 D:/sample/src/GoRedis/mypkg/controller.go:302: []
[log]2020/05/21 14:31:07 D:/sample/src/GoRedis/mypkg/controller.go:301: 过期的浴室号码
[log]2020/05/21 14:31:07 D:/sample/src/GoRedis/mypkg/controller.go:302: []
[log]2020/05/21 14:31:07 D:/sample/src/GoRedis/mypkg/controller.go:301: 过期的浴室号码
[log]2020/05/21 14:31:07 D:/sample/src/GoRedis/mypkg/controller.go:302: []
[log]2020/05/21 14:31:07 D:/sample/src/GoRedis/mypkg/controller.go:301: 过期的浴室号码
[log]2020/05/21 14:31:07 D:/sample/src/GoRedis/mypkg/controller.go:302: []
[log]2020/05/21 14:31:07 D:/sample/src/GoRedis/mypkg/controller.go:301: 过期的浴室号码
[log]2020/05/21 14:31:07 D:/sample/src/GoRedis/mypkg/controller.go:302: []
[log]2020/05/21 14:31:07 D:/sample/src/GoRedis/mypkg/controller.go:301: 过期的浴室号码
[log]2020/05/21 14:31:07 D:/sample/src/GoRedis/mypkg/controller.go:302: []
[log]2020/05/21 14:31:07 D:/sample/src/GoRedis/mypkg/controller.go:301: 过期的浴室号码
[log]2020/05/21 14:31:07 D:/sample/src/GoRedis/mypkg/controller.go:302: []
[log]2020/05/21 14:31:07 D:/sample/src/GoRedis/mypkg/controller.go:301: 过期的浴室号码
[log]2020/05/21 14:31:07 D:/sample/src/GoRedis/mypkg/controller.go:302: []
[log]2020/05/21 14:31:07 D:/sample/src/GoRedis/mypkg/controller.go:301: 过期的浴室号码
[log]2020/05/21 14:31:07 D:/sample/src/GoRedis/mypkg/controller.go:302: []
[log]2020/05/21 14:31:07 D:/sample/src/GoRedis/mypkg/controller.go:301: 过期的浴室号码
[log]2020/05/21 14:31:07 D:/sample/src/GoRedis/mypkg/controller.go:302: []
[log]2020/05/21 14:31:07 D:/sample/src/GoRedis/mypkg/controller.go:301: 过期的浴室号码
[log]2020/05/21 14:31:07 D:/sample/src/GoRedis/mypkg/controller.go:302: []
[log]2020/05/21 14:31:07 D:/sample/src/GoRedis/mypkg/controller.go:301: 过期的浴室号码
[log]2020/05/21 14:31:07 D:/sample/src/GoRedis/mypkg/controller.go:302: []
[log]2020/05/21 14:31:07 D:/sample/src/GoRedis/mypkg/controller.go:301: 过期的浴室号码
[log]2020/05/21 14:31:07 D:/sample/src/GoRedis/mypkg/controller.go:302: []
[log]2020/05/21 14:31:07 D:/sample/src/GoRedis/mypkg/controller.go:301: 过期的浴室号码
[log]2020/05/21 14:31:07 D:/sample/src/GoRedis/mypkg/controller.go:302: []
[log]2020/05/21 14:31:07 D:/sample/src/GoRedis/mypkg/controller.go:301: 过期的浴室号码
[log]2020/05/21 14:31:07 D:/sample/src/GoRedis/mypkg/controller.go:302: []
[log]2020/05/21 14:31:07 D:/sample/src/GoRedis/mypkg/controller.go:301: 过期的浴室号码
[log]2020/05/21 14:31:07 D:/sample/src/GoRedis/mypkg/controller.go:302: []
[log]2020/05/21 14:31:07 D:/sample/src/GoRedis/mypkg/controller.go:301: 过期的浴室号码
[log]2020/05/21 14:31:07 D:/sample/src/GoRedis/mypkg/controller.go:302: []
[log]2020/05/21 14:31:07 D:/sample/src/GoRedis/mypkg/controller.go:301: 过期的浴室号码
[log]2020/05/21 14:31:07 D:/sample/src/GoRedis/mypkg/controller.go:302: []
[log]2020/05/21 14:31:07 D:/sample/src/GoRedis/mypkg/controller.go:301: 过期的浴室号码
[log]2020/05/21 14:31:07 D:/sample/src/GoRedis/mypkg/controller.go:302: []
[log]2020/05/21 14:31:07 D:/sample/src/GoRedis/mypkg/controller.go:301: 过期的浴室号码
[log]2020/05/21 14:31:07 D:/sample/src/GoRedis/mypkg/controller.go:302: []
[log]2020/05/21 14:31:07 D:/sample/src/GoRedis/mypkg/controller.go:301: 过期的浴室号码
[log]2020/05/21 14:31:07 D:/sample/src/GoRedis/mypkg/controller.go:302: []
[log]2020/05/21 14:31:07 D:/sample/src/GoRedis/mypkg/controller.go:301: 过期的浴室号码
[log]2020/05/21 14:31:07 D:/sample/src/GoRedis/mypkg/controller.go:302: []
[log]2020/05/21 14:31:07 D:/sample/src/GoRedis/mypkg/controller.go:301: 过期的浴室号码
[log]2020/05/21 14:31:07 D:/sample/src/GoRedis/mypkg/controller.go:302: []
[log]2020/05/21 14:31:07 D:/sample/src/GoRedis/mypkg/controller.go:301: 过期的浴室号码
[log]2020/05/21 14:31:07 D:/sample/src/GoRedis/mypkg/controller.go:302: []
[log]2020/05/21 14:31:07 D:/sample/src/GoRedis/mypkg/controller.go:301: 过期的浴室号码
[log]2020/05/21 14:31:07 D:/sample/src/GoRedis/mypkg/controller.go:302: []
[log]2020/05/21 14:31:07 D:/sample/src/GoRedis/mypkg/controller.go:301: 过期的浴室号码
[log]2020/05/21 14:31:07 D:/sample/src/GoRedis/mypkg/controller.go:302: []
[log]2020/05/21 14:31:07 D:/sample/src/GoRedis/mypkg/controller.go:301: 过期的浴室号码
[log]2020/05/21 14:31:07 D:/sample/src/GoRedis/mypkg/controller.go:302: []
[log]2020/05/21 14:31:07 D:/sample/src/GoRedis/mypkg/controller.go:301: 过期的浴室号码
[log]2020/05/21 14:31:07 D:/sample/src/GoRedis/mypkg/controller.go:302: []
[log]2020/05/21 14:31:07 D:/sample/src/GoRedis/mypkg/controller.go:301: 过期的浴室号码
[log]2020/05/21 14:31:07 D:/sample/src/GoRedis/mypkg/controller.go:302: []
[log]2020/05/21 14:31:07 D:/sample/src/GoRedis/mypkg/controller.go:301: 过期的浴室号码
[log]2020/05/21 14:31:07 D:/sample/src/GoRedis/mypkg/controller.go:302: []
[log]2020/05/21 14:31:07 D:/sample/src/GoRedis/mypkg/controller.go:301: 过期的浴室号码
[log]2020/05/21 14:31:07 D:/sample/src/GoRedis/mypkg/controller.go:302: []
[log]2020/05/21 14:31:15 D:/sample/src/GoRedis/mypkg/controller.go:301: 过期的浴室号码
[log]2020/05/21 14:31:15 D:/sample/src/GoRedis/mypkg/controller.go:302: []
[log]2020/05/21 14:31:15 D:/sample/src/GoRedis/mypkg/controller.go:301: 过期的浴室号码
[log]2020/05/21 14:31:15 D:/sample/src/GoRedis/mypkg/controller.go:302: []
[log]2020/05/21 14:31:15 D:/sample/src/GoRedis/mypkg/controller.go:301: 过期的浴室号码
[log]2020/05/21 14:31:15 D:/sample/src/GoRedis/mypkg/controller.go:302: []
[log]2020/05/21 14:31:15 D:/sample/src/GoRedis/mypkg/controller.go:301: 过期的浴室号码
[log]2020/05/21 14:31:15 D:/sample/src/GoRedis/mypkg/controller.go:302: []
[log]2020/05/21 14:31:15 D:/sample/src/GoRedis/mypkg/controller.go:301: 过期的浴室号码
[log]2020/05/21 14:31:15 D:/sample/src/GoRedis/mypkg/controller.go:302: []
[log]2020/05/21 14:31:15 D:/sample/src/GoRedis/mypkg/controller.go:301: 过期的浴室号码
[log]2020/05/21 14:31:15 D:/sample/src/GoRedis/mypkg/controller.go:302: []
[log]2020/05/21 14:31:15 D:/sample/src/GoRedis/mypkg/controller.go:301: 过期的浴室号码
[log]2020/05/21 14:31:15 D:/sample/src/GoRedis/mypkg/controller.go:302: []
[log]2020/05/21 14:31:15 D:/sample/src/GoRedis/mypkg/controller.go:301: 过期的浴室号码
[log]2020/05/21 14:31:15 D:/sample/src/GoRedis/mypkg/controller.go:302: []
[log]2020/05/21 14:31:15 D:/sample/src/GoRedis/mypkg/controller.go:301: 过期的浴室号码
[log]2020/05/21 14:31:15 D:/sample/src/GoRedis/mypkg/controller.go:302: []
[log]2020/05/21 14:31:15 D:/sample/src/GoRedis/mypkg/controller.go:301: 过期的浴室号码
[log]2020/05/21 14:31:15 D:/sample/src/GoRedis/mypkg/controller.go:302: []
[log]2020/05/21 14:31:15 D:/sample/src/GoRedis/mypkg/controller.go:301: 过期的浴室号码
[log]2020/05/21 14:31:15 D:/sample/src/GoRedis/mypkg/controller.go:302: []
[log]2020/05/21 14:31:15 D:/sample/src/GoRedis/mypkg/controller.go:301: 过期的浴室号码
[log]2020/05/21 14:31:15 D:/sample/src/GoRedis/mypkg/controller.go:302: []
[log]2020/05/21 14:31:15 D:/sample/src/GoRedis/mypkg/controller.go:301: 过期的浴室号码
[log]2020/05/21 14:31:15 D:/sample/src/GoRedis/mypkg/controller.go:302: []
[log]2020/05/21 14:31:15 D:/sample/src/GoRedis/mypkg/controller.go:301: 过期的浴室号码
[log]2020/05/21 14:31:15 D:/sample/src/GoRedis/mypkg/controller.go:302: []
[log]2020/05/21 14:31:15 D:/sample/src/GoRedis/mypkg/controller.go:301: 过期的浴室号码
[log]2020/05/21 14:31:15 D:/sample/src/GoRedis/mypkg/controller.go:302: []
[log]2020/05/21 14:31:15 D:/sample/src/GoRedis/mypkg/controller.go:301: 过期的浴室号码
[log]2020/05/21 14:31:15 D:/sample/src/GoRedis/mypkg/controller.go:302: []
[log]2020/05/21 14:31:15 D:/sample/src/GoRedis/mypkg/controller.go:301: 过期的浴室号码
[log]2020/05/21 14:31:15 D:/sample/src/GoRedis/mypkg/controller.go:302: []
[log]2020/05/21 14:31:15 D:/sample/src/GoRedis/mypkg/controller.go:301: 过期的浴室号码
[log]2020/05/21 14:31:15 D:/sample/src/GoRedis/mypkg/controller.go:302: []
[log]2020/05/21 14:31:15 D:/sample/src/GoRedis/mypkg/controller.go:301: 过期的浴室号码
[log]2020/05/21 14:31:15 D:/sample/src/GoRedis/mypkg/controller.go:302: []
[log]2020/05/21 14:31:15 D:/sample/src/GoRedis/mypkg/controller.go:301: 过期的浴室号码
[log]2020/05/21 14:31:15 D:/sample/src/GoRedis/mypkg/controller.go:302: []
[log]2020/05/21 14:31:15 D:/sample/src/GoRedis/mypkg/controller.go:301: 过期的浴室号码
[log]2020/05/21 14:31:15 D:/sample/src/GoRedis/mypkg/controller.go:302: []
[log]2020/05/21 14:31:15 D:/sample/src/GoRedis/mypkg/controller.go:301: 过期的浴室号码
[log]2020/05/21 14:31:15 D:/sample/src/GoRedis/mypkg/controller.go:302: []
[log]2020/05/21 14:31:15 D:/sample/src/GoRedis/mypkg/controller.go:301: 过期的浴室号码
[log]2020/05/21 14:31:15 D:/sample/src/GoRedis/mypkg/controller.go:302: []
[log]2020/05/21 14:31:15 D:/sample/src/GoRedis/mypkg/controller.go:301: 过期的浴室号码
[log]2020/05/21 14:31:15 D:/sample/src/GoRedis/mypkg/controller.go:302: []
[log]2020/05/21 14:31:15 D:/sample/src/GoRedis/mypkg/controller.go:301: 过期的浴室号码
[log]2020/05/21 14:31:15 D:/sample/src/GoRedis/mypkg/controller.go:302: []
[log]2020/05/21 14:31:15 D:/sample/src/GoRedis/mypkg/controller.go:301: 过期的浴室号码
[log]2020/05/21 14:31:15 D:/sample/src/GoRedis/mypkg/controller.go:302: []
[log]2020/05/21 14:31:15 D:/sample/src/GoRedis/mypkg/controller.go:301: 过期的浴室号码
[log]2020/05/21 14:31:15 D:/sample/src/GoRedis/mypkg/controller.go:302: []
[log]2020/05/21 14:31:15 D:/sample/src/GoRedis/mypkg/controller.go:301: 过期的浴室号码
[log]2020/05/21 14:31:15 D:/sample/src/GoRedis/mypkg/controller.go:302: []
[log]2020/05/21 14:31:15 D:/sample/src/GoRedis/mypkg/controller.go:301: 过期的浴室号码
[log]2020/05/21 14:31:15 D:/sample/src/GoRedis/mypkg/controller.go:302: []
[log]2020/05/21 14:31:15 D:/sample/src/GoRedis/mypkg/controller.go:301: 过期的浴室号码
[log]2020/05/21 14:31:15 D:/sample/src/GoRedis/mypkg/controller.go:302: []
[log]2020/05/21 14:31:15 D:/sample/src/GoRedis/mypkg/controller.go:301: 过期的浴室号码
[log]2020/05/21 14:31:15 D:/sample/src/GoRedis/mypkg/controller.go:302: []
[log]2020/05/21 14:31:15 D:/sample/src/GoRedis/mypkg/controller.go:301: 过期的浴室号码
[log]2020/05/21 14:31:15 D:/sample/src/GoRedis/mypkg/controller.go:302: []
[log]2020/05/21 14:31:15 D:/sample/src/GoRedis/mypkg/controller.go:301: 过期的浴室号码
[log]2020/05/21 14:31:15 D:/sample/src/GoRedis/mypkg/controller.go:302: []
[log]2020/05/21 14:31:15 D:/sample/src/GoRedis/mypkg/controller.go:301: 过期的浴室号码
[log]2020/05/21 14:31:15 D:/sample/src/GoRedis/mypkg/controller.go:302: []
[log]2020/05/21 14:31:15 D:/sample/src/GoRedis/mypkg/controller.go:301: 过期的浴室号码
[log]2020/05/21 14:31:15 D:/sample/src/GoRedis/mypkg/controller.go:302: []
[log]2020/05/21 14:31:15 D:/sample/src/GoRedis/mypkg/controller.go:301: 过期的浴室号码
[log]2020/05/21 14:31:15 D:/sample/src/GoRedis/mypkg/controller.go:302: []
[log]2020/05/21 14:31:15 D:/sample/src/GoRedis/mypkg/controller.go:301: 过期的浴室号码
[log]2020/05/21 14:31:15 D:/sample/src/GoRedis/mypkg/controller.go:302: []
[log]2020/05/21 14:31:15 D:/sample/src/GoRedis/mypkg/controller.go:301: 过期的浴室号码
[log]2020/05/21 14:31:15 D:/sample/src/GoRedis/mypkg/controller.go:302: []
[log]2020/05/21 14:31:15 D:/sample/src/GoRedis/mypkg/controller.go:301: 过期的浴室号码
[log]2020/05/21 14:31:15 D:/sample/src/GoRedis/mypkg/controller.go:302: []
[log]2020/05/21 14:31:15 D:/sample/src/GoRedis/mypkg/controller.go:301: 过期的浴室号码
[log]2020/05/21 14:31:15 D:/sample/src/GoRedis/mypkg/controller.go:302: []
[log]2020/05/21 14:31:15 D:/sample/src/GoRedis/mypkg/controller.go:301: 过期的浴室号码
[log]2020/05/21 14:31:15 D:/sample/src/GoRedis/mypkg/controller.go:302: []
[log]2020/05/21 14:31:15 D:/sample/src/GoRedis/mypkg/controller.go:301: 过期的浴室号码
[log]2020/05/21 14:31:15 D:/sample/src/GoRedis/mypkg/controller.go:302: []
[log]2020/05/21 14:31:15 D:/sample/src/GoRedis/mypkg/controller.go:301: 过期的浴室号码
[log]2020/05/21 14:31:15 D:/sample/src/GoRedis/mypkg/controller.go:302: []
[log]2020/05/21 14:31:15 D:/sample/src/GoRedis/mypkg/controller.go:301: 过期的浴室号码
[log]2020/05/21 14:31:15 D:/sample/src/GoRedis/mypkg/controller.go:302: []
[log]2020/05/21 14:31:15 D:/sample/src/GoRedis/mypkg/controller.go:301: 过期的浴室号码
[log]2020/05/21 14:31:15 D:/sample/src/GoRedis/mypkg/controller.go:302: []
[log]2020/05/21 14:31:15 D:/sample/src/GoRedis/mypkg/controller.go:301: 过期的浴室号码
[log]2020/05/21 14:31:15 D:/sample/src/GoRedis/mypkg/controller.go:302: []
[log]2020/05/21 14:31:15 D:/sample/src/GoRedis/mypkg/controller.go:301: 过期的浴室号码
[log]2020/05/21 14:31:15 D:/sample/src/GoRedis/mypkg/controller.go:302: []
[log]2020/05/21 14:31:15 D:/sample/src/GoRedis/mypkg/controller.go:301: 过期的浴室号码
[log]2020/05/21 14:31:15 D:/sample/src/GoRedis/mypkg/controller.go:302: []
[log]2020/05/21 14:31:15 D:/sample/src/GoRedis/mypkg/controller.go:301: 过期的浴室号码
[log]2020/05/21 14:31:15 D:/sample/src/GoRedis/mypkg/controller.go:302: []
[log]2020/05/21 14:31:15 D:/sample/src/GoRedis/mypkg/controller.go:301: 过期的浴室号码
[log]2020/05/21 14:31:15 D:/sample/src/GoRedis/mypkg/controller.go:302: []
[log]2020/05/21 14:31:15 D:/sample/src/GoRedis/mypkg/controller.go:301: 过期的浴室号码
[log]2020/05/21 14:31:15 D:/sample/src/GoRedis/mypkg/controller.go:302: []
[log]2020/05/21 14:31:15 D:/sample/src/GoRedis/mypkg/controller.go:301: 过期的浴室号码
[log]2020/05/21 14:31:15 D:/sample/src/GoRedis/mypkg/controller.go:302: []
[log]2020/05/21 14:31:15 D:/sample/src/GoRedis/mypkg/controller.go:301: 过期的浴室号码
[log]2020/05/21 14:31:15 D:/sample/src/GoRedis/mypkg/controller.go:302: []
[log]2020/05/21 14:31:15 D:/sample/src/GoRedis/mypkg/controller.go:301: 过期的浴室号码
[log]2020/05/21 14:31:15 D:/sample/src/GoRedis/mypkg/controller.go:302: []
[log]2020/05/21 14:31:15 D:/sample/src/GoRedis/mypkg/controller.go:301: 过期的浴室号码
[log]2020/05/21 14:31:15 D:/sample/src/GoRedis/mypkg/controller.go:302: []
[log]2020/05/21 14:31:15 D:/sample/src/GoRedis/mypkg/controller.go:301: 过期的浴室号码
[log]2020/05/21 14:31:15 D:/sample/src/GoRedis/mypkg/controller.go:302: []
[log]2020/05/21 14:31:15 D:/sample/src/GoRedis/mypkg/controller.go:301: 过期的浴室号码
[log]2020/05/21 14:31:15 D:/sample/src/GoRedis/mypkg/controller.go:302: []
[log]2020/05/21 14:31:15 D:/sample/src/GoRedis/mypkg/controller.go:301: 过期的浴室号码
[log]2020/05/21 14:31:15 D:/sample/src/GoRedis/mypkg/controller.go:302: []
[log]2020/05/21 14:31:15 D:/sample/src/GoRedis/mypkg/controller.go:301: 过期的浴室号码
[log]2020/05/21 14:31:15 D:/sample/src/GoRedis/mypkg/controller.go:302: []
[log]2020/05/21 14:31:15 D:/sample/src/GoRedis/mypkg/controller.go:301: 过期的浴室号码
[log]2020/05/21 14:31:15 D:/sample/src/GoRedis/mypkg/controller.go:302: []
[log]2020/05/21 14:31:15 D:/sample/src/GoRedis/mypkg/controller.go:301: 过期的浴室号码
[log]2020/05/21 14:31:15 D:/sample/src/GoRedis/mypkg/controller.go:302: []
[log]2020/05/21 14:31:15 D:/sample/src/GoRedis/mypkg/controller.go:301: 过期的浴室号码
[log]2020/05/21 14:31:15 D:/sample/src/GoRedis/mypkg/controller.go:302: []
[log]2020/05/21 14:31:15 D:/sample/src/GoRedis/mypkg/controller.go:301: 过期的浴室号码
[log]2020/05/21 14:31:15 D:/sample/src/GoRedis/mypkg/controller.go:302: []
[log]2020/05/21 14:31:15 D:/sample/src/GoRedis/mypkg/controller.go:301: 过期的浴室号码
[log]2020/05/21 14:31:15 D:/sample/src/GoRedis/mypkg/controller.go:302: []
[log]2020/05/21 14:31:15 D:/sample/src/GoRedis/mypkg/controller.go:301: 过期的浴室号码
[log]2020/05/21 14:31:15 D:/sample/src/GoRedis/mypkg/controller.go:302: []
[log]2020/05/21 14:31:15 D:/sample/src/GoRedis/mypkg/controller.go:301: 过期的浴室号码
[log]2020/05/21 14:31:15 D:/sample/src/GoRedis/mypkg/controller.go:302: []
[log]2020/05/21 14:31:15 D:/sample/src/GoRedis/mypkg/controller.go:301: 过期的浴室号码
[log]2020/05/21 14:31:15 D:/sample/src/GoRedis/mypkg/controller.go:302: []
[log]2020/05/21 14:31:15 D:/sample/src/GoRedis/mypkg/controller.go:301: 过期的浴室号码
[log]2020/05/21 14:31:15 D:/sample/src/GoRedis/mypkg/controller.go:302: []
[log]2020/05/21 14:31:15 D:/sample/src/GoRedis/mypkg/controller.go:301: 过期的浴室号码
[log]2020/05/21 14:31:15 D:/sample/src/GoRedis/mypkg/controller.go:302: []
[log]2020/05/21 14:31:15 D:/sample/src/GoRedis/mypkg/controller.go:301: 过期的浴室号码
[log]2020/05/21 14:31:15 D:/sample/src/GoRedis/mypkg/controller.go:302: []
[log]2020/05/21 14:31:15 D:/sample/src/GoRedis/mypkg/controller.go:301: 过期的浴室号码
[log]2020/05/21 14:31:15 D:/sample/src/GoRedis/mypkg/controller.go:302: []
[log]2020/05/21 14:31:15 D:/sample/src/GoRedis/mypkg/controller.go:301: 过期的浴室号码
[log]2020/05/21 14:31:15 D:/sample/src/GoRedis/mypkg/controller.go:302: []
[log]2020/05/21 14:31:15 D:/sample/src/GoRedis/mypkg/controller.go:301: 过期的浴室号码
[log]2020/05/21 14:31:15 D:/sample/src/GoRedis/mypkg/controller.go:302: []
[log]2020/05/21 14:31:15 D:/sample/src/GoRedis/mypkg/controller.go:301: 过期的浴室号码
[log]2020/05/21 14:31:15 D:/sample/src/GoRedis/mypkg/controller.go:302: []
[log]2020/05/21 14:31:15 D:/sample/src/GoRedis/mypkg/controller.go:301: 过期的浴室号码
[log]2020/05/21 14:31:15 D:/sample/src/GoRedis/mypkg/controller.go:302: []
[log]2020/05/21 14:31:15 D:/sample/src/GoRedis/mypkg/controller.go:301: 过期的浴室号码
[log]2020/05/21 14:31:15 D:/sample/src/GoRedis/mypkg/controller.go:302: []
[log]2020/05/21 14:31:15 D:/sample/src/GoRedis/mypkg/controller.go:301: 过期的浴室号码
[log]2020/05/21 14:31:15 D:/sample/src/GoRedis/mypkg/controller.go:302: []
[log]2020/05/21 14:31:15 D:/sample/src/GoRedis/mypkg/controller.go:301: 过期的浴室号码
[log]2020/05/21 14:31:15 D:/sample/src/GoRedis/mypkg/controller.go:302: []
[log]2020/05/21 14:31:15 D:/sample/src/GoRedis/mypkg/controller.go:301: 过期的浴室号码
[log]2020/05/21 14:31:15 D:/sample/src/GoRedis/mypkg/controller.go:302: []
[log]2020/05/21 14:31:15 D:/sample/src/GoRedis/mypkg/controller.go:301: 过期的浴室号码
[log]2020/05/21 14:31:15 D:/sample/src/GoRedis/mypkg/controller.go:302: []
[log]2020/05/21 14:31:15 D:/sample/src/GoRedis/mypkg/controller.go:301: 过期的浴室号码
[log]2020/05/21 14:31:15 D:/sample/src/GoRedis/mypkg/controller.go:302: []
[log]2020/05/21 14:31:15 D:/sample/src/GoRedis/mypkg/controller.go:301: 过期的浴室号码
[log]2020/05/21 14:31:15 D:/sample/src/GoRedis/mypkg/controller.go:302: []
[log]2020/05/21 14:31:15 D:/sample/src/GoRedis/mypkg/controller.go:301: 过期的浴室号码
[log]2020/05/21 14:31:15 D:/sample/src/GoRedis/mypkg/controller.go:302: []
[log]2020/05/21 14:31:15 D:/sample/src/GoRedis/mypkg/controller.go:301: 过期的浴室号码
[log]2020/05/21 14:31:15 D:/sample/src/GoRedis/mypkg/controller.go:302: []
[log]2020/05/21 14:31:15 D:/sample/src/GoRedis/mypkg/controller.go:301: 过期的浴室号码
[log]2020/05/21 14:31:15 D:/sample/src/GoRedis/mypkg/controller.go:302: []
[log]2020/05/21 14:31:15 D:/sample/src/GoRedis/mypkg/controller.go:301: 过期的浴室号码
[log]2020/05/21 14:31:15 D:/sample/src/GoRedis/mypkg/controller.go:302: []
[log]2020/05/21 14:31:15 D:/sample/src/GoRedis/mypkg/controller.go:301: 过期的浴室号码
[log]2020/05/21 14:31:15 D:/sample/src/GoRedis/mypkg/controller.go:302: []
[log]2020/05/21 14:31:15 D:/sample/src/GoRedis/mypkg/controller.go:301: 过期的浴室号码
[log]2020/05/21 14:31:15 D:/sample/src/GoRedis/mypkg/controller.go:302: []
[log]2020/05/21 14:31:15 D:/sample/src/GoRedis/mypkg/controller.go:301: 过期的浴室号码
[log]2020/05/21 14:31:15 D:/sample/src/GoRedis/mypkg/controller.go:302: []
[log]2020/05/21 14:31:15 D:/sample/src/GoRedis/mypkg/controller.go:301: 过期的浴室号码
[log]2020/05/21 14:31:15 D:/sample/src/GoRedis/mypkg/controller.go:302: []
[log]2020/05/21 14:31:15 D:/sample/src/GoRedis/mypkg/controller.go:301: 过期的浴室号码
[log]2020/05/21 14:31:15 D:/sample/src/GoRedis/mypkg/controller.go:302: []
[log]2020/05/21 14:31:15 D:/sample/src/GoRedis/mypkg/controller.go:301: 过期的浴室号码
[log]2020/05/21 14:31:15 D:/sample/src/GoRedis/mypkg/controller.go:302: []
[log]2020/05/21 14:31:15 D:/sample/src/GoRedis/mypkg/controller.go:301: 过期的浴室号码
[log]2020/05/21 14:31:15 D:/sample/src/GoRedis/mypkg/controller.go:302: []
[log]2020/05/21 14:31:15 D:/sample/src/GoRedis/mypkg/controller.go:301: 过期的浴室号码
[log]2020/05/21 14:31:15 D:/sample/src/GoRedis/mypkg/controller.go:302: []
[log]2020/05/21 14:31:15 D:/sample/src/GoRedis/mypkg/controller.go:301: 过期的浴室号码
[log]2020/05/21 14:31:15 D:/sample/src/GoRedis/mypkg/controller.go:302: []
[log]2020/05/21 14:31:15 D:/sample/src/GoRedis/mypkg/controller.go:301: 过期的浴室号码
[log]2020/05/21 14:31:15 D:/sample/src/GoRedis/mypkg/controller.go:302: []
[log]2020/05/21 14:31:15 D:/sample/src/GoRedis/mypkg/controller.go:301: 过期的浴室号码
[log]2020/05/21 14:31:15 D:/sample/src/GoRedis/mypkg/controller.go:302: []
[log]2020/05/21 14:31:15 D:/sample/src/GoRedis/mypkg/controller.go:301: 过期的浴室号码
[log]2020/05/21 14:31:15 D:/sample/src/GoRedis/mypkg/controller.go:302: []
[log]2020/05/21 14:31:15 D:/sample/src/GoRedis/mypkg/controller.go:301: 过期的浴室号码
[log]2020/05/21 14:31:15 D:/sample/src/GoRedis/mypkg/controller.go:302: []
[log]2020/05/21 14:31:15 D:/sample/src/GoRedis/mypkg/controller.go:301: 过期的浴室号码
[log]2020/05/21 14:31:15 D:/sample/src/GoRedis/mypkg/controller.go:302: []
[log]2020/05/21 14:37:01 D:/sample/src/GoRedis/mypkg/controller.go:301: 过期的浴室号码
[log]2020/05/21 14:37:01 D:/sample/src/GoRedis/mypkg/controller.go:302: []
[log]2020/05/21 14:37:01 D:/sample/src/GoRedis/mypkg/controller.go:301: 过期的浴室号码
[log]2020/05/21 14:37:01 D:/sample/src/GoRedis/mypkg/controller.go:302: []
[log]2020/05/21 14:37:01 D:/sample/src/GoRedis/mypkg/controller.go:301: 过期的浴室号码
[log]2020/05/21 14:37:01 D:/sample/src/GoRedis/mypkg/controller.go:302: []
[log]2020/05/21 14:37:01 D:/sample/src/GoRedis/mypkg/controller.go:301: 过期的浴室号码
[log]2020/05/21 14:37:01 D:/sample/src/GoRedis/mypkg/controller.go:302: []
[log]2020/05/21 14:37:01 D:/sample/src/GoRedis/mypkg/controller.go:301: 过期的浴室号码
[log]2020/05/21 14:37:01 D:/sample/src/GoRedis/mypkg/controller.go:302: []
[log]2020/05/21 14:37:01 D:/sample/src/GoRedis/mypkg/controller.go:301: 过期的浴室号码
[log]2020/05/21 14:37:01 D:/sample/src/GoRedis/mypkg/controller.go:302: []
[log]2020/05/21 14:37:01 D:/sample/src/GoRedis/mypkg/controller.go:301: 过期的浴室号码
[log]2020/05/21 14:37:01 D:/sample/src/GoRedis/mypkg/controller.go:302: []
[log]2020/05/21 14:37:01 D:/sample/src/GoRedis/mypkg/controller.go:301: 过期的浴室号码
[log]2020/05/21 14:37:01 D:/sample/src/GoRedis/mypkg/controller.go:302: []
[log]2020/05/21 14:37:01 D:/sample/src/GoRedis/mypkg/controller.go:301: 过期的浴室号码
[log]2020/05/21 14:37:01 D:/sample/src/GoRedis/mypkg/controller.go:302: []
[log]2020/05/21 14:37:01 D:/sample/src/GoRedis/mypkg/controller.go:301: 过期的浴室号码
[log]2020/05/21 14:37:01 D:/sample/src/GoRedis/mypkg/controller.go:302: []
[log]2020/05/21 14:37:01 D:/sample/src/GoRedis/mypkg/controller.go:301: 过期的浴室号码
[log]2020/05/21 14:37:01 D:/sample/src/GoRedis/mypkg/controller.go:302: []
[log]2020/05/21 14:37:01 D:/sample/src/GoRedis/mypkg/controller.go:301: 过期的浴室号码
[log]2020/05/21 14:37:01 D:/sample/src/GoRedis/mypkg/controller.go:302: []
[log]2020/05/21 14:37:01 D:/sample/src/GoRedis/mypkg/controller.go:301: 过期的浴室号码
[log]2020/05/21 14:37:01 D:/sample/src/GoRedis/mypkg/controller.go:302: []
[log]2020/05/21 14:37:01 D:/sample/src/GoRedis/mypkg/controller.go:301: 过期的浴室号码
[log]2020/05/21 14:37:01 D:/sample/src/GoRedis/mypkg/controller.go:302: []
[log]2020/05/21 14:37:01 D:/sample/src/GoRedis/mypkg/controller.go:301: 过期的浴室号码
[log]2020/05/21 14:37:01 D:/sample/src/GoRedis/mypkg/controller.go:302: []
[log]2020/05/21 14:37:01 D:/sample/src/GoRedis/mypkg/controller.go:301: 过期的浴室号码
[log]2020/05/21 14:37:01 D:/sample/src/GoRedis/mypkg/controller.go:302: []
[log]2020/05/21 14:37:01 D:/sample/src/GoRedis/mypkg/controller.go:301: 过期的浴室号码
[log]2020/05/21 14:37:01 D:/sample/src/GoRedis/mypkg/controller.go:302: []
[log]2020/05/21 14:37:01 D:/sample/src/GoRedis/mypkg/controller.go:301: 过期的浴室号码
[log]2020/05/21 14:37:01 D:/sample/src/GoRedis/mypkg/controller.go:302: []
[log]2020/05/21 14:37:01 D:/sample/src/GoRedis/mypkg/controller.go:301: 过期的浴室号码
[log]2020/05/21 14:37:01 D:/sample/src/GoRedis/mypkg/controller.go:302: []
[log]2020/05/21 14:37:01 D:/sample/src/GoRedis/mypkg/controller.go:301: 过期的浴室号码
[log]2020/05/21 14:37:01 D:/sample/src/GoRedis/mypkg/controller.go:302: []
[log]2020/05/21 14:37:01 D:/sample/src/GoRedis/mypkg/controller.go:301: 过期的浴室号码
[log]2020/05/21 14:37:01 D:/sample/src/GoRedis/mypkg/controller.go:302: []
[log]2020/05/21 14:37:01 D:/sample/src/GoRedis/mypkg/controller.go:301: 过期的浴室号码
[log]2020/05/21 14:37:01 D:/sample/src/GoRedis/mypkg/controller.go:302: []
[log]2020/05/21 14:37:01 D:/sample/src/GoRedis/mypkg/controller.go:301: 过期的浴室号码
[log]2020/05/21 14:37:01 D:/sample/src/GoRedis/mypkg/controller.go:302: []
[log]2020/05/21 14:37:01 D:/sample/src/GoRedis/mypkg/controller.go:301: 过期的浴室号码
[log]2020/05/21 14:37:01 D:/sample/src/GoRedis/mypkg/controller.go:302: []
[log]2020/05/21 14:37:01 D:/sample/src/GoRedis/mypkg/controller.go:301: 过期的浴室号码
[log]2020/05/21 14:37:01 D:/sample/src/GoRedis/mypkg/controller.go:302: []
[log]2020/05/21 14:37:01 D:/sample/src/GoRedis/mypkg/controller.go:301: 过期的浴室号码
[log]2020/05/21 14:37:01 D:/sample/src/GoRedis/mypkg/controller.go:302: []
[log]2020/05/21 14:37:01 D:/sample/src/GoRedis/mypkg/controller.go:301: 过期的浴室号码
[log]2020/05/21 14:37:01 D:/sample/src/GoRedis/mypkg/controller.go:302: []
[log]2020/05/21 14:37:01 D:/sample/src/GoRedis/mypkg/controller.go:301: 过期的浴室号码
[log]2020/05/21 14:37:01 D:/sample/src/GoRedis/mypkg/controller.go:302: []
[log]2020/05/21 14:37:01 D:/sample/src/GoRedis/mypkg/controller.go:301: 过期的浴室号码
[log]2020/05/21 14:37:01 D:/sample/src/GoRedis/mypkg/controller.go:302: []
[log]2020/05/21 14:37:01 D:/sample/src/GoRedis/mypkg/controller.go:301: 过期的浴室号码
[log]2020/05/21 14:37:01 D:/sample/src/GoRedis/mypkg/controller.go:302: []
[log]2020/05/21 14:37:01 D:/sample/src/GoRedis/mypkg/controller.go:301: 过期的浴室号码
[log]2020/05/21 14:37:01 D:/sample/src/GoRedis/mypkg/controller.go:302: []
[log]2020/05/21 14:37:01 D:/sample/src/GoRedis/mypkg/controller.go:301: 过期的浴室号码
[log]2020/05/21 14:37:01 D:/sample/src/GoRedis/mypkg/controller.go:302: []
[log]2020/05/21 14:37:01 D:/sample/src/GoRedis/mypkg/controller.go:301: 过期的浴室号码
[log]2020/05/21 14:37:01 D:/sample/src/GoRedis/mypkg/controller.go:302: []
[log]2020/05/21 14:37:01 D:/sample/src/GoRedis/mypkg/controller.go:301: 过期的浴室号码
[log]2020/05/21 14:37:01 D:/sample/src/GoRedis/mypkg/controller.go:302: []
[log]2020/05/21 14:37:01 D:/sample/src/GoRedis/mypkg/controller.go:301: 过期的浴室号码
[log]2020/05/21 14:37:01 D:/sample/src/GoRedis/mypkg/controller.go:302: []
[log]2020/05/21 14:37:01 D:/sample/src/GoRedis/mypkg/controller.go:301: 过期的浴室号码
[log]2020/05/21 14:37:01 D:/sample/src/GoRedis/mypkg/controller.go:302: []
[log]2020/05/21 14:37:01 D:/sample/src/GoRedis/mypkg/controller.go:301: 过期的浴室号码
[log]2020/05/21 14:37:01 D:/sample/src/GoRedis/mypkg/controller.go:302: []
[log]2020/05/21 14:37:01 D:/sample/src/GoRedis/mypkg/controller.go:301: 过期的浴室号码
[log]2020/05/21 14:37:01 D:/sample/src/GoRedis/mypkg/controller.go:302: []
[log]2020/05/21 14:37:01 D:/sample/src/GoRedis/mypkg/controller.go:301: 过期的浴室号码
[log]2020/05/21 14:37:01 D:/sample/src/GoRedis/mypkg/controller.go:302: []
[log]2020/05/21 14:37:01 D:/sample/src/GoRedis/mypkg/controller.go:301: 过期的浴室号码
[log]2020/05/21 14:37:01 D:/sample/src/GoRedis/mypkg/controller.go:302: []
[log]2020/05/21 14:37:01 D:/sample/src/GoRedis/mypkg/controller.go:301: 过期的浴室号码
[log]2020/05/21 14:37:01 D:/sample/src/GoRedis/mypkg/controller.go:302: []
[log]2020/05/21 14:37:01 D:/sample/src/GoRedis/mypkg/controller.go:301: 过期的浴室号码
[log]2020/05/21 14:37:01 D:/sample/src/GoRedis/mypkg/controller.go:302: []
[log]2020/05/21 14:37:01 D:/sample/src/GoRedis/mypkg/controller.go:301: 过期的浴室号码
[log]2020/05/21 14:37:01 D:/sample/src/GoRedis/mypkg/controller.go:302: []
[log]2020/05/21 14:37:01 D:/sample/src/GoRedis/mypkg/controller.go:301: 过期的浴室号码
[log]2020/05/21 14:37:01 D:/sample/src/GoRedis/mypkg/controller.go:302: []
[log]2020/05/21 14:37:01 D:/sample/src/GoRedis/mypkg/controller.go:301: 过期的浴室号码
[log]2020/05/21 14:37:01 D:/sample/src/GoRedis/mypkg/controller.go:302: []
[log]2020/05/21 14:37:01 D:/sample/src/GoRedis/mypkg/controller.go:301: 过期的浴室号码
[log]2020/05/21 14:37:01 D:/sample/src/GoRedis/mypkg/controller.go:302: []
[log]2020/05/21 14:37:01 D:/sample/src/GoRedis/mypkg/controller.go:301: 过期的浴室号码
[log]2020/05/21 14:37:01 D:/sample/src/GoRedis/mypkg/controller.go:302: []
[log]2020/05/21 14:37:01 D:/sample/src/GoRedis/mypkg/controller.go:301: 过期的浴室号码
[log]2020/05/21 14:37:01 D:/sample/src/GoRedis/mypkg/controller.go:302: []
[log]2020/05/21 14:37:01 D:/sample/src/GoRedis/mypkg/controller.go:301: 过期的浴室号码
[log]2020/05/21 14:37:01 D:/sample/src/GoRedis/mypkg/controller.go:302: []
[log]2020/05/21 14:37:01 D:/sample/src/GoRedis/mypkg/controller.go:301: 过期的浴室号码
[log]2020/05/21 14:37:01 D:/sample/src/GoRedis/mypkg/controller.go:302: []
[log]2020/05/21 14:37:01 D:/sample/src/GoRedis/mypkg/controller.go:301: 过期的浴室号码
[log]2020/05/21 14:37:01 D:/sample/src/GoRedis/mypkg/controller.go:302: []
[log]2020/05/21 14:37:01 D:/sample/src/GoRedis/mypkg/controller.go:301: 过期的浴室号码
[log]2020/05/21 14:37:01 D:/sample/src/GoRedis/mypkg/controller.go:302: []
[log]2020/05/21 14:37:01 D:/sample/src/GoRedis/mypkg/controller.go:301: 过期的浴室号码
[log]2020/05/21 14:37:01 D:/sample/src/GoRedis/mypkg/controller.go:302: []
[log]2020/05/21 14:37:01 D:/sample/src/GoRedis/mypkg/controller.go:301: 过期的浴室号码
[log]2020/05/21 14:37:01 D:/sample/src/GoRedis/mypkg/controller.go:302: []
[log]2020/05/21 14:37:01 D:/sample/src/GoRedis/mypkg/controller.go:301: 过期的浴室号码
[log]2020/05/21 14:37:01 D:/sample/src/GoRedis/mypkg/controller.go:302: []
[log]2020/05/21 14:37:01 D:/sample/src/GoRedis/mypkg/controller.go:301: 过期的浴室号码
[log]2020/05/21 14:37:01 D:/sample/src/GoRedis/mypkg/controller.go:302: []
[log]2020/05/21 14:37:01 D:/sample/src/GoRedis/mypkg/controller.go:301: 过期的浴室号码
[log]2020/05/21 14:37:01 D:/sample/src/GoRedis/mypkg/controller.go:302: []
[log]2020/05/21 14:37:01 D:/sample/src/GoRedis/mypkg/controller.go:301: 过期的浴室号码
[log]2020/05/21 14:37:01 D:/sample/src/GoRedis/mypkg/controller.go:302: []
[log]2020/05/21 14:37:01 D:/sample/src/GoRedis/mypkg/controller.go:301: 过期的浴室号码
[log]2020/05/21 14:37:01 D:/sample/src/GoRedis/mypkg/controller.go:302: []
[log]2020/05/21 14:37:01 D:/sample/src/GoRedis/mypkg/controller.go:301: 过期的浴室号码
[log]2020/05/21 14:37:01 D:/sample/src/GoRedis/mypkg/controller.go:302: []
[log]2020/05/21 14:37:01 D:/sample/src/GoRedis/mypkg/controller.go:301: 过期的浴室号码
[log]2020/05/21 14:37:01 D:/sample/src/GoRedis/mypkg/controller.go:302: []
[log]2020/05/21 14:37:01 D:/sample/src/GoRedis/mypkg/controller.go:301: 过期的浴室号码
[log]2020/05/21 14:37:01 D:/sample/src/GoRedis/mypkg/controller.go:302: []
[log]2020/05/21 14:37:01 D:/sample/src/GoRedis/mypkg/controller.go:301: 过期的浴室号码
[log]2020/05/21 14:37:01 D:/sample/src/GoRedis/mypkg/controller.go:302: []
[log]2020/05/21 14:37:01 D:/sample/src/GoRedis/mypkg/controller.go:301: 过期的浴室号码
[log]2020/05/21 14:37:01 D:/sample/src/GoRedis/mypkg/controller.go:302: []
[log]2020/05/21 14:37:01 D:/sample/src/GoRedis/mypkg/controller.go:301: 过期的浴室号码
[log]2020/05/21 14:37:01 D:/sample/src/GoRedis/mypkg/controller.go:302: []
[log]2020/05/21 14:37:01 D:/sample/src/GoRedis/mypkg/controller.go:301: 过期的浴室号码
[log]2020/05/21 14:37:01 D:/sample/src/GoRedis/mypkg/controller.go:302: []
[log]2020/05/21 14:37:01 D:/sample/src/GoRedis/mypkg/controller.go:301: 过期的浴室号码
[log]2020/05/21 14:37:01 D:/sample/src/GoRedis/mypkg/controller.go:302: []
[log]2020/05/21 14:37:01 D:/sample/src/GoRedis/mypkg/controller.go:301: 过期的浴室号码
[log]2020/05/21 14:37:01 D:/sample/src/GoRedis/mypkg/controller.go:302: []
[log]2020/05/21 14:37:01 D:/sample/src/GoRedis/mypkg/controller.go:301: 过期的浴室号码
[log]2020/05/21 14:37:01 D:/sample/src/GoRedis/mypkg/controller.go:302: []
[log]2020/05/21 14:37:01 D:/sample/src/GoRedis/mypkg/controller.go:301: 过期的浴室号码
[log]2020/05/21 14:37:01 D:/sample/src/GoRedis/mypkg/controller.go:302: []
[log]2020/05/21 14:37:01 D:/sample/src/GoRedis/mypkg/controller.go:301: 过期的浴室号码
[log]2020/05/21 14:37:01 D:/sample/src/GoRedis/mypkg/controller.go:302: []
[log]2020/05/21 14:37:01 D:/sample/src/GoRedis/mypkg/controller.go:301: 过期的浴室号码
[log]2020/05/21 14:37:01 D:/sample/src/GoRedis/mypkg/controller.go:302: []
[log]2020/05/21 14:37:01 D:/sample/src/GoRedis/mypkg/controller.go:301: 过期的浴室号码
[log]2020/05/21 14:37:01 D:/sample/src/GoRedis/mypkg/controller.go:302: []
[log]2020/05/21 14:37:01 D:/sample/src/GoRedis/mypkg/controller.go:301: 过期的浴室号码
[log]2020/05/21 14:37:01 D:/sample/src/GoRedis/mypkg/controller.go:302: []
[log]2020/05/21 14:37:01 D:/sample/src/GoRedis/mypkg/controller.go:301: 过期的浴室号码
[log]2020/05/21 14:37:01 D:/sample/src/GoRedis/mypkg/controller.go:302: []
[log]2020/05/21 14:37:01 D:/sample/src/GoRedis/mypkg/controller.go:301: 过期的浴室号码
[log]2020/05/21 14:37:01 D:/sample/src/GoRedis/mypkg/controller.go:302: []
[log]2020/05/21 14:37:01 D:/sample/src/GoRedis/mypkg/controller.go:301: 过期的浴室号码
[log]2020/05/21 14:37:01 D:/sample/src/GoRedis/mypkg/controller.go:302: []
[log]2020/05/21 14:37:01 D:/sample/src/GoRedis/mypkg/controller.go:301: 过期的浴室号码
[log]2020/05/21 14:37:01 D:/sample/src/GoRedis/mypkg/controller.go:302: []
[log]2020/05/21 14:37:01 D:/sample/src/GoRedis/mypkg/controller.go:301: 过期的浴室号码
[log]2020/05/21 14:37:01 D:/sample/src/GoRedis/mypkg/controller.go:302: []
[log]2020/05/21 14:37:01 D:/sample/src/GoRedis/mypkg/controller.go:301: 过期的浴室号码
[log]2020/05/21 14:37:01 D:/sample/src/GoRedis/mypkg/controller.go:302: []
[log]2020/05/21 14:37:01 D:/sample/src/GoRedis/mypkg/controller.go:301: 过期的浴室号码
[log]2020/05/21 14:37:01 D:/sample/src/GoRedis/mypkg/controller.go:302: []
[log]2020/05/21 14:37:01 D:/sample/src/GoRedis/mypkg/controller.go:301: 过期的浴室号码
[log]2020/05/21 14:37:01 D:/sample/src/GoRedis/mypkg/controller.go:302: []
[log]2020/05/21 14:37:01 D:/sample/src/GoRedis/mypkg/controller.go:301: 过期的浴室号码
[log]2020/05/21 14:37:01 D:/sample/src/GoRedis/mypkg/controller.go:302: []
[log]2020/05/21 14:37:01 D:/sample/src/GoRedis/mypkg/controller.go:301: 过期的浴室号码
[log]2020/05/21 14:37:01 D:/sample/src/GoRedis/mypkg/controller.go:302: []
[log]2020/05/21 14:37:01 D:/sample/src/GoRedis/mypkg/controller.go:301: 过期的浴室号码
[log]2020/05/21 14:37:01 D:/sample/src/GoRedis/mypkg/controller.go:302: []
[log]2020/05/21 14:37:01 D:/sample/src/GoRedis/mypkg/controller.go:301: 过期的浴室号码
[log]2020/05/21 14:37:01 D:/sample/src/GoRedis/mypkg/controller.go:302: []
[log]2020/05/21 14:37:01 D:/sample/src/GoRedis/mypkg/controller.go:301: 过期的浴室号码
[log]2020/05/21 14:37:01 D:/sample/src/GoRedis/mypkg/controller.go:302: []
[log]2020/05/21 14:37:01 D:/sample/src/GoRedis/mypkg/controller.go:301: 过期的浴室号码
[log]2020/05/21 14:37:01 D:/sample/src/GoRedis/mypkg/controller.go:302: []
[log]2020/05/21 14:37:01 D:/sample/src/GoRedis/mypkg/controller.go:301: 过期的浴室号码
[log]2020/05/21 14:37:01 D:/sample/src/GoRedis/mypkg/controller.go:302: []
[log]2020/05/21 14:37:01 D:/sample/src/GoRedis/mypkg/controller.go:301: 过期的浴室号码
[log]2020/05/21 14:37:01 D:/sample/src/GoRedis/mypkg/controller.go:302: []
[log]2020/05/21 14:37:01 D:/sample/src/GoRedis/mypkg/controller.go:301: 过期的浴室号码
[log]2020/05/21 14:37:01 D:/sample/src/GoRedis/mypkg/controller.go:302: []
[log]2020/05/21 14:37:01 D:/sample/src/GoRedis/mypkg/controller.go:301: 过期的浴室号码
[log]2020/05/21 14:37:01 D:/sample/src/GoRedis/mypkg/controller.go:302: []
[log]2020/05/21 14:37:01 D:/sample/src/GoRedis/mypkg/controller.go:301: 过期的浴室号码
[log]2020/05/21 14:37:01 D:/sample/src/GoRedis/mypkg/controller.go:302: []
[log]2020/05/21 14:37:01 D:/sample/src/GoRedis/mypkg/controller.go:301: 过期的浴室号码
[log]2020/05/21 14:37:01 D:/sample/src/GoRedis/mypkg/controller.go:302: []
[log]2020/05/21 14:37:01 D:/sample/src/GoRedis/mypkg/controller.go:301: 过期的浴室号码
[log]2020/05/21 14:37:01 D:/sample/src/GoRedis/mypkg/controller.go:302: []
[log]2020/05/21 14:37:01 D:/sample/src/GoRedis/mypkg/controller.go:301: 过期的浴室号码
[log]2020/05/21 14:37:01 D:/sample/src/GoRedis/mypkg/controller.go:302: []
[log]2020/05/21 14:37:54 D:/sample/src/GoRedis/mypkg/controller.go:298: 过期的浴室号码
[log]2020/05/21 14:37:54 D:/sample/src/GoRedis/mypkg/controller.go:299: []
[log]2020/05/21 14:37:54 D:/sample/src/GoRedis/mypkg/controller.go:298: 过期的浴室号码
[log]2020/05/21 14:37:54 D:/sample/src/GoRedis/mypkg/controller.go:299: []
[log]2020/05/21 14:37:54 D:/sample/src/GoRedis/mypkg/controller.go:298: 过期的浴室号码
[log]2020/05/21 14:37:54 D:/sample/src/GoRedis/mypkg/controller.go:299: []
[log]2020/05/21 14:37:54 D:/sample/src/GoRedis/mypkg/controller.go:298: 过期的浴室号码
[log]2020/05/21 14:37:54 D:/sample/src/GoRedis/mypkg/controller.go:299: []
[log]2020/05/21 14:37:54 D:/sample/src/GoRedis/mypkg/controller.go:298: 过期的浴室号码
[log]2020/05/21 14:37:54 D:/sample/src/GoRedis/mypkg/controller.go:299: []
[log]2020/05/21 14:37:54 D:/sample/src/GoRedis/mypkg/controller.go:298: 过期的浴室号码
[log]2020/05/21 14:37:54 D:/sample/src/GoRedis/mypkg/controller.go:299: []
[log]2020/05/21 14:37:54 D:/sample/src/GoRedis/mypkg/controller.go:298: 过期的浴室号码
[log]2020/05/21 14:37:54 D:/sample/src/GoRedis/mypkg/controller.go:299: []
[log]2020/05/21 14:37:54 D:/sample/src/GoRedis/mypkg/controller.go:298: 过期的浴室号码
[log]2020/05/21 14:37:54 D:/sample/src/GoRedis/mypkg/controller.go:299: []
[log]2020/05/21 14:37:54 D:/sample/src/GoRedis/mypkg/controller.go:298: 过期的浴室号码
[log]2020/05/21 14:37:54 D:/sample/src/GoRedis/mypkg/controller.go:299: []
[log]2020/05/21 14:37:54 D:/sample/src/GoRedis/mypkg/controller.go:298: 过期的浴室号码
[log]2020/05/21 14:37:54 D:/sample/src/GoRedis/mypkg/controller.go:299: []
[log]2020/05/21 14:37:54 D:/sample/src/GoRedis/mypkg/controller.go:298: 过期的浴室号码
[log]2020/05/21 14:37:54 D:/sample/src/GoRedis/mypkg/controller.go:299: []
[log]2020/05/21 14:37:54 D:/sample/src/GoRedis/mypkg/controller.go:298: 过期的浴室号码
[log]2020/05/21 14:37:54 D:/sample/src/GoRedis/mypkg/controller.go:299: []
[log]2020/05/21 14:37:54 D:/sample/src/GoRedis/mypkg/controller.go:298: 过期的浴室号码
[log]2020/05/21 14:37:54 D:/sample/src/GoRedis/mypkg/controller.go:299: []
[log]2020/05/21 14:37:54 D:/sample/src/GoRedis/mypkg/controller.go:298: 过期的浴室号码
[log]2020/05/21 14:37:54 D:/sample/src/GoRedis/mypkg/controller.go:299: []
[log]2020/05/21 14:37:54 D:/sample/src/GoRedis/mypkg/controller.go:298: 过期的浴室号码
[log]2020/05/21 14:37:54 D:/sample/src/GoRedis/mypkg/controller.go:299: []
[log]2020/05/21 14:37:54 D:/sample/src/GoRedis/mypkg/controller.go:298: 过期的浴室号码
[log]2020/05/21 14:37:54 D:/sample/src/GoRedis/mypkg/controller.go:299: []
[log]2020/05/21 14:37:54 D:/sample/src/GoRedis/mypkg/controller.go:298: 过期的浴室号码
[log]2020/05/21 14:37:54 D:/sample/src/GoRedis/mypkg/controller.go:299: []
[log]2020/05/21 14:37:54 D:/sample/src/GoRedis/mypkg/controller.go:298: 过期的浴室号码
[log]2020/05/21 14:37:54 D:/sample/src/GoRedis/mypkg/controller.go:299: []
[log]2020/05/21 14:37:54 D:/sample/src/GoRedis/mypkg/controller.go:298: 过期的浴室号码
[log]2020/05/21 14:37:54 D:/sample/src/GoRedis/mypkg/controller.go:299: []
[log]2020/05/21 14:37:54 D:/sample/src/GoRedis/mypkg/controller.go:298: 过期的浴室号码
[log]2020/05/21 14:37:54 D:/sample/src/GoRedis/mypkg/controller.go:299: []
[log]2020/05/21 14:37:54 D:/sample/src/GoRedis/mypkg/controller.go:298: 过期的浴室号码
[log]2020/05/21 14:37:54 D:/sample/src/GoRedis/mypkg/controller.go:299: []
[log]2020/05/21 14:37:54 D:/sample/src/GoRedis/mypkg/controller.go:298: 过期的浴室号码
[log]2020/05/21 14:37:54 D:/sample/src/GoRedis/mypkg/controller.go:299: []
[log]2020/05/21 14:37:54 D:/sample/src/GoRedis/mypkg/controller.go:298: 过期的浴室号码
[log]2020/05/21 14:37:54 D:/sample/src/GoRedis/mypkg/controller.go:299: []
[log]2020/05/21 14:37:54 D:/sample/src/GoRedis/mypkg/controller.go:298: 过期的浴室号码
[log]2020/05/21 14:37:54 D:/sample/src/GoRedis/mypkg/controller.go:299: []
[log]2020/05/21 14:37:54 D:/sample/src/GoRedis/mypkg/controller.go:298: 过期的浴室号码
[log]2020/05/21 14:37:54 D:/sample/src/GoRedis/mypkg/controller.go:299: []
[log]2020/05/21 14:37:54 D:/sample/src/GoRedis/mypkg/controller.go:298: 过期的浴室号码
[log]2020/05/21 14:37:54 D:/sample/src/GoRedis/mypkg/controller.go:299: []
[log]2020/05/21 14:37:54 D:/sample/src/GoRedis/mypkg/controller.go:298: 过期的浴室号码
[log]2020/05/21 14:37:54 D:/sample/src/GoRedis/mypkg/controller.go:299: []
[log]2020/05/21 14:37:54 D:/sample/src/GoRedis/mypkg/controller.go:298: 过期的浴室号码
[log]2020/05/21 14:37:54 D:/sample/src/GoRedis/mypkg/controller.go:299: []
[log]2020/05/21 14:37:54 D:/sample/src/GoRedis/mypkg/controller.go:298: 过期的浴室号码
[log]2020/05/21 14:37:54 D:/sample/src/GoRedis/mypkg/controller.go:299: []
[log]2020/05/21 14:37:54 D:/sample/src/GoRedis/mypkg/controller.go:298: 过期的浴室号码
[log]2020/05/21 14:37:54 D:/sample/src/GoRedis/mypkg/controller.go:299: []
[log]2020/05/21 14:37:54 D:/sample/src/GoRedis/mypkg/controller.go:298: 过期的浴室号码
[log]2020/05/21 14:37:54 D:/sample/src/GoRedis/mypkg/controller.go:299: []
[log]2020/05/21 14:37:54 D:/sample/src/GoRedis/mypkg/controller.go:298: 过期的浴室号码
[log]2020/05/21 14:37:54 D:/sample/src/GoRedis/mypkg/controller.go:299: []
[log]2020/05/21 14:37:54 D:/sample/src/GoRedis/mypkg/controller.go:298: 过期的浴室号码
[log]2020/05/21 14:37:54 D:/sample/src/GoRedis/mypkg/controller.go:299: []
[log]2020/05/21 14:37:54 D:/sample/src/GoRedis/mypkg/controller.go:298: 过期的浴室号码
[log]2020/05/21 14:37:54 D:/sample/src/GoRedis/mypkg/controller.go:299: []
[log]2020/05/21 14:37:54 D:/sample/src/GoRedis/mypkg/controller.go:298: 过期的浴室号码
[log]2020/05/21 14:37:54 D:/sample/src/GoRedis/mypkg/controller.go:299: []
[log]2020/05/21 14:37:54 D:/sample/src/GoRedis/mypkg/controller.go:298: 过期的浴室号码
[log]2020/05/21 14:37:54 D:/sample/src/GoRedis/mypkg/controller.go:299: []
[log]2020/05/21 14:37:54 D:/sample/src/GoRedis/mypkg/controller.go:298: 过期的浴室号码
[log]2020/05/21 14:37:54 D:/sample/src/GoRedis/mypkg/controller.go:299: []
[log]2020/05/21 14:37:54 D:/sample/src/GoRedis/mypkg/controller.go:298: 过期的浴室号码
[log]2020/05/21 14:37:54 D:/sample/src/GoRedis/mypkg/controller.go:299: []
[log]2020/05/21 14:37:54 D:/sample/src/GoRedis/mypkg/controller.go:298: 过期的浴室号码
[log]2020/05/21 14:37:54 D:/sample/src/GoRedis/mypkg/controller.go:299: []
[log]2020/05/21 14:37:54 D:/sample/src/GoRedis/mypkg/controller.go:298: 过期的浴室号码
[log]2020/05/21 14:37:54 D:/sample/src/GoRedis/mypkg/controller.go:299: []
[log]2020/05/21 14:37:54 D:/sample/src/GoRedis/mypkg/controller.go:298: 过期的浴室号码
[log]2020/05/21 14:37:54 D:/sample/src/GoRedis/mypkg/controller.go:299: []
[log]2020/05/21 14:37:54 D:/sample/src/GoRedis/mypkg/controller.go:298: 过期的浴室号码
[log]2020/05/21 14:37:54 D:/sample/src/GoRedis/mypkg/controller.go:299: []
[log]2020/05/21 14:37:54 D:/sample/src/GoRedis/mypkg/controller.go:298: 过期的浴室号码
[log]2020/05/21 14:37:54 D:/sample/src/GoRedis/mypkg/controller.go:299: []
[log]2020/05/21 14:37:54 D:/sample/src/GoRedis/mypkg/controller.go:298: 过期的浴室号码
[log]2020/05/21 14:37:54 D:/sample/src/GoRedis/mypkg/controller.go:299: []
[log]2020/05/21 14:37:54 D:/sample/src/GoRedis/mypkg/controller.go:298: 过期的浴室号码
[log]2020/05/21 14:37:54 D:/sample/src/GoRedis/mypkg/controller.go:299: []
[log]2020/05/21 14:37:54 D:/sample/src/GoRedis/mypkg/controller.go:298: 过期的浴室号码
[log]2020/05/21 14:37:54 D:/sample/src/GoRedis/mypkg/controller.go:299: []
[log]2020/05/21 14:37:54 D:/sample/src/GoRedis/mypkg/controller.go:298: 过期的浴室号码
[log]2020/05/21 14:37:54 D:/sample/src/GoRedis/mypkg/controller.go:299: []
[log]2020/05/21 14:37:54 D:/sample/src/GoRedis/mypkg/controller.go:298: 过期的浴室号码
[log]2020/05/21 14:37:54 D:/sample/src/GoRedis/mypkg/controller.go:299: []
[log]2020/05/21 14:37:54 D:/sample/src/GoRedis/mypkg/controller.go:298: 过期的浴室号码
[log]2020/05/21 14:37:54 D:/sample/src/GoRedis/mypkg/controller.go:299: []
[log]2020/05/21 14:37:54 D:/sample/src/GoRedis/mypkg/controller.go:298: 过期的浴室号码
[log]2020/05/21 14:37:54 D:/sample/src/GoRedis/mypkg/controller.go:299: []
[log]2020/05/21 14:37:54 D:/sample/src/GoRedis/mypkg/controller.go:298: 过期的浴室号码
[log]2020/05/21 14:37:54 D:/sample/src/GoRedis/mypkg/controller.go:299: []
[log]2020/05/21 14:37:54 D:/sample/src/GoRedis/mypkg/controller.go:298: 过期的浴室号码
[log]2020/05/21 14:37:54 D:/sample/src/GoRedis/mypkg/controller.go:299: []
[log]2020/05/21 14:37:54 D:/sample/src/GoRedis/mypkg/controller.go:298: 过期的浴室号码
[log]2020/05/21 14:37:54 D:/sample/src/GoRedis/mypkg/controller.go:299: []
[log]2020/05/21 14:37:54 D:/sample/src/GoRedis/mypkg/controller.go:298: 过期的浴室号码
[log]2020/05/21 14:37:54 D:/sample/src/GoRedis/mypkg/controller.go:299: []
[log]2020/05/21 14:37:54 D:/sample/src/GoRedis/mypkg/controller.go:298: 过期的浴室号码
[log]2020/05/21 14:37:54 D:/sample/src/GoRedis/mypkg/controller.go:299: []
[log]2020/05/21 14:37:54 D:/sample/src/GoRedis/mypkg/controller.go:298: 过期的浴室号码
[log]2020/05/21 14:37:54 D:/sample/src/GoRedis/mypkg/controller.go:299: []
[log]2020/05/21 14:37:54 D:/sample/src/GoRedis/mypkg/controller.go:298: 过期的浴室号码
[log]2020/05/21 14:37:54 D:/sample/src/GoRedis/mypkg/controller.go:299: []
[log]2020/05/21 14:37:54 D:/sample/src/GoRedis/mypkg/controller.go:298: 过期的浴室号码
[log]2020/05/21 14:37:54 D:/sample/src/GoRedis/mypkg/controller.go:299: []
[log]2020/05/21 14:37:54 D:/sample/src/GoRedis/mypkg/controller.go:298: 过期的浴室号码
[log]2020/05/21 14:37:54 D:/sample/src/GoRedis/mypkg/controller.go:299: []
[log]2020/05/21 14:37:54 D:/sample/src/GoRedis/mypkg/controller.go:298: 过期的浴室号码
[log]2020/05/21 14:37:54 D:/sample/src/GoRedis/mypkg/controller.go:299: []
[log]2020/05/21 14:37:54 D:/sample/src/GoRedis/mypkg/controller.go:298: 过期的浴室号码
[log]2020/05/21 14:37:54 D:/sample/src/GoRedis/mypkg/controller.go:299: []
[log]2020/05/21 14:37:54 D:/sample/src/GoRedis/mypkg/controller.go:298: 过期的浴室号码
[log]2020/05/21 14:37:54 D:/sample/src/GoRedis/mypkg/controller.go:299: []
[log]2020/05/21 14:37:54 D:/sample/src/GoRedis/mypkg/controller.go:298: 过期的浴室号码
[log]2020/05/21 14:37:54 D:/sample/src/GoRedis/mypkg/controller.go:299: []
[log]2020/05/21 14:37:54 D:/sample/src/GoRedis/mypkg/controller.go:298: 过期的浴室号码
[log]2020/05/21 14:37:54 D:/sample/src/GoRedis/mypkg/controller.go:299: []
[log]2020/05/21 14:37:54 D:/sample/src/GoRedis/mypkg/controller.go:298: 过期的浴室号码
[log]2020/05/21 14:37:54 D:/sample/src/GoRedis/mypkg/controller.go:299: []
[log]2020/05/21 14:37:54 D:/sample/src/GoRedis/mypkg/controller.go:298: 过期的浴室号码
[log]2020/05/21 14:37:54 D:/sample/src/GoRedis/mypkg/controller.go:299: []
[log]2020/05/21 14:37:54 D:/sample/src/GoRedis/mypkg/controller.go:298: 过期的浴室号码
[log]2020/05/21 14:37:54 D:/sample/src/GoRedis/mypkg/controller.go:299: []
[log]2020/05/21 14:37:54 D:/sample/src/GoRedis/mypkg/controller.go:298: 过期的浴室号码
[log]2020/05/21 14:37:54 D:/sample/src/GoRedis/mypkg/controller.go:299: []
[log]2020/05/21 14:37:54 D:/sample/src/GoRedis/mypkg/controller.go:298: 过期的浴室号码
[log]2020/05/21 14:37:54 D:/sample/src/GoRedis/mypkg/controller.go:299: []
[log]2020/05/21 14:37:54 D:/sample/src/GoRedis/mypkg/controller.go:298: 过期的浴室号码
[log]2020/05/21 14:37:54 D:/sample/src/GoRedis/mypkg/controller.go:299: []
[log]2020/05/21 14:37:54 D:/sample/src/GoRedis/mypkg/controller.go:298: 过期的浴室号码
[log]2020/05/21 14:37:54 D:/sample/src/GoRedis/mypkg/controller.go:299: []
[log]2020/05/21 14:37:54 D:/sample/src/GoRedis/mypkg/controller.go:298: 过期的浴室号码
[log]2020/05/21 14:37:54 D:/sample/src/GoRedis/mypkg/controller.go:299: []
[log]2020/05/21 14:37:54 D:/sample/src/GoRedis/mypkg/controller.go:298: 过期的浴室号码
[log]2020/05/21 14:37:54 D:/sample/src/GoRedis/mypkg/controller.go:299: []
[log]2020/05/21 14:37:54 D:/sample/src/GoRedis/mypkg/controller.go:298: 过期的浴室号码
[log]2020/05/21 14:37:54 D:/sample/src/GoRedis/mypkg/controller.go:299: []
[log]2020/05/21 14:37:54 D:/sample/src/GoRedis/mypkg/controller.go:298: 过期的浴室号码
[log]2020/05/21 14:37:54 D:/sample/src/GoRedis/mypkg/controller.go:299: []
[log]2020/05/21 14:37:54 D:/sample/src/GoRedis/mypkg/controller.go:298: 过期的浴室号码
[log]2020/05/21 14:37:54 D:/sample/src/GoRedis/mypkg/controller.go:299: []
[log]2020/05/21 14:37:54 D:/sample/src/GoRedis/mypkg/controller.go:298: 过期的浴室号码
[log]2020/05/21 14:37:54 D:/sample/src/GoRedis/mypkg/controller.go:299: []
[log]2020/05/21 14:37:54 D:/sample/src/GoRedis/mypkg/controller.go:298: 过期的浴室号码
[log]2020/05/21 14:37:54 D:/sample/src/GoRedis/mypkg/controller.go:299: []
[log]2020/05/21 14:37:54 D:/sample/src/GoRedis/mypkg/controller.go:298: 过期的浴室号码
[log]2020/05/21 14:37:54 D:/sample/src/GoRedis/mypkg/controller.go:299: []
[log]2020/05/21 14:37:54 D:/sample/src/GoRedis/mypkg/controller.go:298: 过期的浴室号码
[log]2020/05/21 14:37:54 D:/sample/src/GoRedis/mypkg/controller.go:299: []
[log]2020/05/21 14:37:54 D:/sample/src/GoRedis/mypkg/controller.go:298: 过期的浴室号码
[log]2020/05/21 14:37:54 D:/sample/src/GoRedis/mypkg/controller.go:299: []
[log]2020/05/21 14:37:54 D:/sample/src/GoRedis/mypkg/controller.go:298: 过期的浴室号码
[log]2020/05/21 14:37:54 D:/sample/src/GoRedis/mypkg/controller.go:299: []
[log]2020/05/21 14:37:54 D:/sample/src/GoRedis/mypkg/controller.go:298: 过期的浴室号码
[log]2020/05/21 14:37:54 D:/sample/src/GoRedis/mypkg/controller.go:299: []
[log]2020/05/21 14:37:54 D:/sample/src/GoRedis/mypkg/controller.go:298: 过期的浴室号码
[log]2020/05/21 14:37:54 D:/sample/src/GoRedis/mypkg/controller.go:299: []
[log]2020/05/21 14:37:54 D:/sample/src/GoRedis/mypkg/controller.go:298: 过期的浴室号码
[log]2020/05/21 14:37:54 D:/sample/src/GoRedis/mypkg/controller.go:299: []
[log]2020/05/21 14:37:54 D:/sample/src/GoRedis/mypkg/controller.go:298: 过期的浴室号码
[log]2020/05/21 14:37:54 D:/sample/src/GoRedis/mypkg/controller.go:299: []
[log]2020/05/21 14:37:54 D:/sample/src/GoRedis/mypkg/controller.go:298: 过期的浴室号码
[log]2020/05/21 14:37:54 D:/sample/src/GoRedis/mypkg/controller.go:299: []
[log]2020/05/21 14:37:54 D:/sample/src/GoRedis/mypkg/controller.go:298: 过期的浴室号码
[log]2020/05/21 14:37:54 D:/sample/src/GoRedis/mypkg/controller.go:299: []
[log]2020/05/21 14:37:54 D:/sample/src/GoRedis/mypkg/controller.go:298: 过期的浴室号码
[log]2020/05/21 14:37:54 D:/sample/src/GoRedis/mypkg/controller.go:299: []
[log]2020/05/21 14:37:54 D:/sample/src/GoRedis/mypkg/controller.go:298: 过期的浴室号码
[log]2020/05/21 14:37:54 D:/sample/src/GoRedis/mypkg/controller.go:299: []
[log]2020/05/21 14:37:54 D:/sample/src/GoRedis/mypkg/controller.go:298: 过期的浴室号码
[log]2020/05/21 14:37:54 D:/sample/src/GoRedis/mypkg/controller.go:299: []
[log]2020/05/21 14:37:54 D:/sample/src/GoRedis/mypkg/controller.go:298: 过期的浴室号码
[log]2020/05/21 14:37:54 D:/sample/src/GoRedis/mypkg/controller.go:299: []
[log]2020/05/21 14:37:54 D:/sample/src/GoRedis/mypkg/controller.go:298: 过期的浴室号码
[log]2020/05/21 14:37:54 D:/sample/src/GoRedis/mypkg/controller.go:299: []
[log]2020/05/21 14:37:54 D:/sample/src/GoRedis/mypkg/controller.go:298: 过期的浴室号码
[log]2020/05/21 14:37:54 D:/sample/src/GoRedis/mypkg/controller.go:299: []
[log]2020/05/21 14:37:54 D:/sample/src/GoRedis/mypkg/controller.go:298: 过期的浴室号码
[log]2020/05/21 14:37:54 D:/sample/src/GoRedis/mypkg/controller.go:299: []
[log]2020/05/21 14:37:54 D:/sample/src/GoRedis/mypkg/controller.go:298: 过期的浴室号码
[log]2020/05/21 14:37:54 D:/sample/src/GoRedis/mypkg/controller.go:299: []
[log]2020/05/21 14:37:54 D:/sample/src/GoRedis/mypkg/controller.go:298: 过期的浴室号码
[log]2020/05/21 14:37:54 D:/sample/src/GoRedis/mypkg/controller.go:299: []
[log]2020/05/21 14:37:54 D:/sample/src/GoRedis/mypkg/controller.go:298: 过期的浴室号码
[log]2020/05/21 14:37:54 D:/sample/src/GoRedis/mypkg/controller.go:299: []
[log]2020/05/21 14:37:54 D:/sample/src/GoRedis/mypkg/controller.go:298: 过期的浴室号码
[log]2020/05/21 14:37:54 D:/sample/src/GoRedis/mypkg/controller.go:299: []
[log]2020/05/21 14:37:54 D:/sample/src/GoRedis/mypkg/controller.go:298: 过期的浴室号码
[log]2020/05/21 14:37:54 D:/sample/src/GoRedis/mypkg/controller.go:299: []
[log]2020/05/21 15:45:01 D:/sample/src/GoRedis/mypkg/controller.go:299: 过期的浴室号码
[log]2020/05/21 15:45:01 D:/sample/src/GoRedis/mypkg/controller.go:300: []
[log]2020/05/21 15:45:01 D:/sample/src/GoRedis/mypkg/controller.go:299: 过期的浴室号码
[log]2020/05/21 15:45:01 D:/sample/src/GoRedis/mypkg/controller.go:300: []
[log]2020/05/21 15:45:01 D:/sample/src/GoRedis/mypkg/controller.go:299: 过期的浴室号码
[log]2020/05/21 15:45:01 D:/sample/src/GoRedis/mypkg/controller.go:300: []
[log]2020/05/21 15:45:01 D:/sample/src/GoRedis/mypkg/controller.go:299: 过期的浴室号码
[log]2020/05/21 15:45:01 D:/sample/src/GoRedis/mypkg/controller.go:300: []
[log]2020/05/21 15:45:01 D:/sample/src/GoRedis/mypkg/controller.go:299: 过期的浴室号码
[log]2020/05/21 15:45:01 D:/sample/src/GoRedis/mypkg/controller.go:300: []
[log]2020/05/21 15:45:01 D:/sample/src/GoRedis/mypkg/controller.go:299: 过期的浴室号码
[log]2020/05/21 15:45:01 D:/sample/src/GoRedis/mypkg/controller.go:300: []
[log]2020/05/21 15:45:01 D:/sample/src/GoRedis/mypkg/controller.go:299: 过期的浴室号码
[log]2020/05/21 15:45:01 D:/sample/src/GoRedis/mypkg/controller.go:300: []
[log]2020/05/21 15:45:01 D:/sample/src/GoRedis/mypkg/controller.go:299: 过期的浴室号码
[log]2020/05/21 15:45:01 D:/sample/src/GoRedis/mypkg/controller.go:300: []
[log]2020/05/21 15:45:01 D:/sample/src/GoRedis/mypkg/controller.go:299: 过期的浴室号码
[log]2020/05/21 15:45:01 D:/sample/src/GoRedis/mypkg/controller.go:300: []
[log]2020/05/21 15:45:01 D:/sample/src/GoRedis/mypkg/controller.go:299: 过期的浴室号码
[log]2020/05/21 15:45:01 D:/sample/src/GoRedis/mypkg/controller.go:300: []
[log]2020/05/21 15:45:01 D:/sample/src/GoRedis/mypkg/controller.go:299: 过期的浴室号码
[log]2020/05/21 15:45:01 D:/sample/src/GoRedis/mypkg/controller.go:300: []
[log]2020/05/21 15:45:01 D:/sample/src/GoRedis/mypkg/controller.go:299: 过期的浴室号码
[log]2020/05/21 15:45:01 D:/sample/src/GoRedis/mypkg/controller.go:300: []
[log]2020/05/21 15:45:01 D:/sample/src/GoRedis/mypkg/controller.go:299: 过期的浴室号码
[log]2020/05/21 15:45:01 D:/sample/src/GoRedis/mypkg/controller.go:300: []
[log]2020/05/21 15:45:01 D:/sample/src/GoRedis/mypkg/controller.go:299: 过期的浴室号码
[log]2020/05/21 15:45:01 D:/sample/src/GoRedis/mypkg/controller.go:300: []
[log]2020/05/21 15:45:01 D:/sample/src/GoRedis/mypkg/controller.go:299: 过期的浴室号码
[log]2020/05/21 15:45:01 D:/sample/src/GoRedis/mypkg/controller.go:300: []
[log]2020/05/21 15:45:01 D:/sample/src/GoRedis/mypkg/controller.go:299: 过期的浴室号码
[log]2020/05/21 15:45:01 D:/sample/src/GoRedis/mypkg/controller.go:300: []
[log]2020/05/21 15:45:01 D:/sample/src/GoRedis/mypkg/controller.go:299: 过期的浴室号码
[log]2020/05/21 15:45:01 D:/sample/src/GoRedis/mypkg/controller.go:300: []
[log]2020/05/21 15:45:01 D:/sample/src/GoRedis/mypkg/controller.go:299: 过期的浴室号码
[log]2020/05/21 15:45:01 D:/sample/src/GoRedis/mypkg/controller.go:300: []
[log]2020/05/21 15:45:01 D:/sample/src/GoRedis/mypkg/controller.go:299: 过期的浴室号码
[log]2020/05/21 15:45:01 D:/sample/src/GoRedis/mypkg/controller.go:300: []
[log]2020/05/21 15:45:01 D:/sample/src/GoRedis/mypkg/controller.go:299: 过期的浴室号码
[log]2020/05/21 15:45:01 D:/sample/src/GoRedis/mypkg/controller.go:300: []
[log]2020/05/21 15:45:01 D:/sample/src/GoRedis/mypkg/controller.go:299: 过期的浴室号码
[log]2020/05/21 15:45:01 D:/sample/src/GoRedis/mypkg/controller.go:300: []
[log]2020/05/21 15:45:01 D:/sample/src/GoRedis/mypkg/controller.go:299: 过期的浴室号码
[log]2020/05/21 15:45:01 D:/sample/src/GoRedis/mypkg/controller.go:300: []
[log]2020/05/21 15:45:01 D:/sample/src/GoRedis/mypkg/controller.go:299: 过期的浴室号码
[log]2020/05/21 15:45:01 D:/sample/src/GoRedis/mypkg/controller.go:300: []
[log]2020/05/21 15:45:01 D:/sample/src/GoRedis/mypkg/controller.go:299: 过期的浴室号码
[log]2020/05/21 15:45:01 D:/sample/src/GoRedis/mypkg/controller.go:300: []
[log]2020/05/21 15:45:01 D:/sample/src/GoRedis/mypkg/controller.go:299: 过期的浴室号码
[log]2020/05/21 15:45:01 D:/sample/src/GoRedis/mypkg/controller.go:300: []
[log]2020/05/21 15:45:01 D:/sample/src/GoRedis/mypkg/controller.go:299: 过期的浴室号码
[log]2020/05/21 15:45:01 D:/sample/src/GoRedis/mypkg/controller.go:300: []
[log]2020/05/21 15:45:01 D:/sample/src/GoRedis/mypkg/controller.go:299: 过期的浴室号码
[log]2020/05/21 15:45:01 D:/sample/src/GoRedis/mypkg/controller.go:300: []
[log]2020/05/21 15:45:01 D:/sample/src/GoRedis/mypkg/controller.go:299: 过期的浴室号码
[log]2020/05/21 15:45:01 D:/sample/src/GoRedis/mypkg/controller.go:300: []
[log]2020/05/21 15:45:01 D:/sample/src/GoRedis/mypkg/controller.go:299: 过期的浴室号码
[log]2020/05/21 15:45:01 D:/sample/src/GoRedis/mypkg/controller.go:300: []
[log]2020/05/21 15:45:01 D:/sample/src/GoRedis/mypkg/controller.go:299: 过期的浴室号码
[log]2020/05/21 15:45:01 D:/sample/src/GoRedis/mypkg/controller.go:300: []
[log]2020/05/21 15:45:01 D:/sample/src/GoRedis/mypkg/controller.go:299: 过期的浴室号码
[log]2020/05/21 15:45:01 D:/sample/src/GoRedis/mypkg/controller.go:300: []
[log]2020/05/21 15:45:01 D:/sample/src/GoRedis/mypkg/controller.go:299: 过期的浴室号码
[log]2020/05/21 15:45:01 D:/sample/src/GoRedis/mypkg/controller.go:300: []
[log]2020/05/21 15:45:01 D:/sample/src/GoRedis/mypkg/controller.go:299: 过期的浴室号码
[log]2020/05/21 15:45:01 D:/sample/src/GoRedis/mypkg/controller.go:300: []
[log]2020/05/21 15:45:01 D:/sample/src/GoRedis/mypkg/controller.go:299: 过期的浴室号码
[log]2020/05/21 15:45:01 D:/sample/src/GoRedis/mypkg/controller.go:300: []
[log]2020/05/21 15:45:01 D:/sample/src/GoRedis/mypkg/controller.go:299: 过期的浴室号码
[log]2020/05/21 15:45:01 D:/sample/src/GoRedis/mypkg/controller.go:300: []
[log]2020/05/21 15:45:01 D:/sample/src/GoRedis/mypkg/controller.go:299: 过期的浴室号码
[log]2020/05/21 15:45:01 D:/sample/src/GoRedis/mypkg/controller.go:300: []
[log]2020/05/21 15:45:01 D:/sample/src/GoRedis/mypkg/controller.go:299: 过期的浴室号码
[log]2020/05/21 15:45:01 D:/sample/src/GoRedis/mypkg/controller.go:300: []
[log]2020/05/21 15:45:01 D:/sample/src/GoRedis/mypkg/controller.go:299: 过期的浴室号码
[log]2020/05/21 15:45:01 D:/sample/src/GoRedis/mypkg/controller.go:300: []
[log]2020/05/21 15:45:01 D:/sample/src/GoRedis/mypkg/controller.go:299: 过期的浴室号码
[log]2020/05/21 15:45:01 D:/sample/src/GoRedis/mypkg/controller.go:300: []
[log]2020/05/21 15:45:01 D:/sample/src/GoRedis/mypkg/controller.go:299: 过期的浴室号码
[log]2020/05/21 15:45:01 D:/sample/src/GoRedis/mypkg/controller.go:300: []
[log]2020/05/21 15:45:01 D:/sample/src/GoRedis/mypkg/controller.go:299: 过期的浴室号码
[log]2020/05/21 15:45:01 D:/sample/src/GoRedis/mypkg/controller.go:300: []
[log]2020/05/21 15:45:01 D:/sample/src/GoRedis/mypkg/controller.go:299: 过期的浴室号码
[log]2020/05/21 15:45:01 D:/sample/src/GoRedis/mypkg/controller.go:300: []
[log]2020/05/21 15:45:01 D:/sample/src/GoRedis/mypkg/controller.go:299: 过期的浴室号码
[log]2020/05/21 15:45:01 D:/sample/src/GoRedis/mypkg/controller.go:300: []
[log]2020/05/21 15:45:01 D:/sample/src/GoRedis/mypkg/controller.go:299: 过期的浴室号码
[log]2020/05/21 15:45:01 D:/sample/src/GoRedis/mypkg/controller.go:300: []
[log]2020/05/21 15:45:01 D:/sample/src/GoRedis/mypkg/controller.go:299: 过期的浴室号码
[log]2020/05/21 15:45:01 D:/sample/src/GoRedis/mypkg/controller.go:300: []
[log]2020/05/21 15:45:01 D:/sample/src/GoRedis/mypkg/controller.go:299: 过期的浴室号码
[log]2020/05/21 15:45:01 D:/sample/src/GoRedis/mypkg/controller.go:300: []
[log]2020/05/21 15:45:01 D:/sample/src/GoRedis/mypkg/controller.go:299: 过期的浴室号码
[log]2020/05/21 15:45:01 D:/sample/src/GoRedis/mypkg/controller.go:300: []
[log]2020/05/21 15:45:01 D:/sample/src/GoRedis/mypkg/controller.go:299: 过期的浴室号码
[log]2020/05/21 15:45:01 D:/sample/src/GoRedis/mypkg/controller.go:300: []
[log]2020/05/21 15:45:01 D:/sample/src/GoRedis/mypkg/controller.go:299: 过期的浴室号码
[log]2020/05/21 15:45:01 D:/sample/src/GoRedis/mypkg/controller.go:300: []
[log]2020/05/21 15:45:01 D:/sample/src/GoRedis/mypkg/controller.go:299: 过期的浴室号码
[log]2020/05/21 15:45:01 D:/sample/src/GoRedis/mypkg/controller.go:300: []
[log]2020/05/21 15:45:01 D:/sample/src/GoRedis/mypkg/controller.go:299: 过期的浴室号码
[log]2020/05/21 15:45:01 D:/sample/src/GoRedis/mypkg/controller.go:300: []
[log]2020/05/21 15:45:01 D:/sample/src/GoRedis/mypkg/controller.go:299: 过期的浴室号码
[log]2020/05/21 15:45:01 D:/sample/src/GoRedis/mypkg/controller.go:300: []
[log]2020/05/21 15:45:01 D:/sample/src/GoRedis/mypkg/controller.go:299: 过期的浴室号码
[log]2020/05/21 15:45:01 D:/sample/src/GoRedis/mypkg/controller.go:300: []
[log]2020/05/21 15:45:01 D:/sample/src/GoRedis/mypkg/controller.go:299: 过期的浴室号码
[log]2020/05/21 15:45:01 D:/sample/src/GoRedis/mypkg/controller.go:300: []
[log]2020/05/21 15:45:01 D:/sample/src/GoRedis/mypkg/controller.go:299: 过期的浴室号码
[log]2020/05/21 15:45:01 D:/sample/src/GoRedis/mypkg/controller.go:300: []
[log]2020/05/21 15:45:01 D:/sample/src/GoRedis/mypkg/controller.go:299: 过期的浴室号码
[log]2020/05/21 15:45:01 D:/sample/src/GoRedis/mypkg/controller.go:300: []
[log]2020/05/21 15:45:01 D:/sample/src/GoRedis/mypkg/controller.go:299: 过期的浴室号码
[log]2020/05/21 15:45:01 D:/sample/src/GoRedis/mypkg/controller.go:300: []
[log]2020/05/21 15:45:01 D:/sample/src/GoRedis/mypkg/controller.go:299: 过期的浴室号码
[log]2020/05/21 15:45:01 D:/sample/src/GoRedis/mypkg/controller.go:300: []
[log]2020/05/21 15:45:01 D:/sample/src/GoRedis/mypkg/controller.go:299: 过期的浴室号码
[log]2020/05/21 15:45:01 D:/sample/src/GoRedis/mypkg/controller.go:300: []
[log]2020/05/21 15:45:01 D:/sample/src/GoRedis/mypkg/controller.go:299: 过期的浴室号码
[log]2020/05/21 15:45:01 D:/sample/src/GoRedis/mypkg/controller.go:300: []
[log]2020/05/21 15:45:01 D:/sample/src/GoRedis/mypkg/controller.go:299: 过期的浴室号码
[log]2020/05/21 15:45:01 D:/sample/src/GoRedis/mypkg/controller.go:300: []
[log]2020/05/21 15:45:01 D:/sample/src/GoRedis/mypkg/controller.go:299: 过期的浴室号码
[log]2020/05/21 15:45:01 D:/sample/src/GoRedis/mypkg/controller.go:300: []
[log]2020/05/21 15:45:01 D:/sample/src/GoRedis/mypkg/controller.go:299: 过期的浴室号码
[log]2020/05/21 15:45:01 D:/sample/src/GoRedis/mypkg/controller.go:300: []
[log]2020/05/21 15:45:01 D:/sample/src/GoRedis/mypkg/controller.go:299: 过期的浴室号码
[log]2020/05/21 15:45:01 D:/sample/src/GoRedis/mypkg/controller.go:300: []
[log]2020/05/21 15:45:01 D:/sample/src/GoRedis/mypkg/controller.go:299: 过期的浴室号码
[log]2020/05/21 15:45:01 D:/sample/src/GoRedis/mypkg/controller.go:300: []
[log]2020/05/21 15:45:01 D:/sample/src/GoRedis/mypkg/controller.go:299: 过期的浴室号码
[log]2020/05/21 15:45:01 D:/sample/src/GoRedis/mypkg/controller.go:300: []
[log]2020/05/21 15:45:01 D:/sample/src/GoRedis/mypkg/controller.go:299: 过期的浴室号码
[log]2020/05/21 15:45:01 D:/sample/src/GoRedis/mypkg/controller.go:300: []
[log]2020/05/21 15:45:01 D:/sample/src/GoRedis/mypkg/controller.go:299: 过期的浴室号码
[log]2020/05/21 15:45:01 D:/sample/src/GoRedis/mypkg/controller.go:300: []
[log]2020/05/21 15:45:01 D:/sample/src/GoRedis/mypkg/controller.go:299: 过期的浴室号码
[log]2020/05/21 15:45:01 D:/sample/src/GoRedis/mypkg/controller.go:300: []
[log]2020/05/21 15:45:01 D:/sample/src/GoRedis/mypkg/controller.go:299: 过期的浴室号码
[log]2020/05/21 15:45:01 D:/sample/src/GoRedis/mypkg/controller.go:300: []
[log]2020/05/21 15:45:01 D:/sample/src/GoRedis/mypkg/controller.go:299: 过期的浴室号码
[log]2020/05/21 15:45:01 D:/sample/src/GoRedis/mypkg/controller.go:300: []
[log]2020/05/21 15:45:01 D:/sample/src/GoRedis/mypkg/controller.go:299: 过期的浴室号码
[log]2020/05/21 15:45:01 D:/sample/src/GoRedis/mypkg/controller.go:300: []
[log]2020/05/21 15:45:01 D:/sample/src/GoRedis/mypkg/controller.go:299: 过期的浴室号码
[log]2020/05/21 15:45:01 D:/sample/src/GoRedis/mypkg/controller.go:300: []
[log]2020/05/21 15:45:01 D:/sample/src/GoRedis/mypkg/controller.go:299: 过期的浴室号码
[log]2020/05/21 15:45:01 D:/sample/src/GoRedis/mypkg/controller.go:300: []
[log]2020/05/21 15:45:01 D:/sample/src/GoRedis/mypkg/controller.go:299: 过期的浴室号码
[log]2020/05/21 15:45:01 D:/sample/src/GoRedis/mypkg/controller.go:300: []
[log]2020/05/21 15:45:01 D:/sample/src/GoRedis/mypkg/controller.go:299: 过期的浴室号码
[log]2020/05/21 15:45:01 D:/sample/src/GoRedis/mypkg/controller.go:300: []
[log]2020/05/21 15:45:01 D:/sample/src/GoRedis/mypkg/controller.go:299: 过期的浴室号码
[log]2020/05/21 15:45:01 D:/sample/src/GoRedis/mypkg/controller.go:300: []
[log]2020/05/21 15:45:01 D:/sample/src/GoRedis/mypkg/controller.go:299: 过期的浴室号码
[log]2020/05/21 15:45:01 D:/sample/src/GoRedis/mypkg/controller.go:300: []
[log]2020/05/21 15:45:01 D:/sample/src/GoRedis/mypkg/controller.go:299: 过期的浴室号码
[log]2020/05/21 15:45:01 D:/sample/src/GoRedis/mypkg/controller.go:300: []
[log]2020/05/21 15:45:01 D:/sample/src/GoRedis/mypkg/controller.go:299: 过期的浴室号码
[log]2020/05/21 15:45:01 D:/sample/src/GoRedis/mypkg/controller.go:300: []
[log]2020/05/21 15:45:01 D:/sample/src/GoRedis/mypkg/controller.go:299: 过期的浴室号码
[log]2020/05/21 15:45:01 D:/sample/src/GoRedis/mypkg/controller.go:300: []
[log]2020/05/21 15:45:01 D:/sample/src/GoRedis/mypkg/controller.go:299: 过期的浴室号码
[log]2020/05/21 15:45:01 D:/sample/src/GoRedis/mypkg/controller.go:300: []
[log]2020/05/21 15:45:01 D:/sample/src/GoRedis/mypkg/controller.go:299: 过期的浴室号码
[log]2020/05/21 15:45:01 D:/sample/src/GoRedis/mypkg/controller.go:300: []
[log]2020/05/21 15:45:01 D:/sample/src/GoRedis/mypkg/controller.go:299: 过期的浴室号码
[log]2020/05/21 15:45:01 D:/sample/src/GoRedis/mypkg/controller.go:300: []
[log]2020/05/21 15:45:01 D:/sample/src/GoRedis/mypkg/controller.go:299: 过期的浴室号码
[log]2020/05/21 15:45:01 D:/sample/src/GoRedis/mypkg/controller.go:300: []
[log]2020/05/21 15:45:01 D:/sample/src/GoRedis/mypkg/controller.go:299: 过期的浴室号码
[log]2020/05/21 15:45:01 D:/sample/src/GoRedis/mypkg/controller.go:300: []
[log]2020/05/21 15:45:01 D:/sample/src/GoRedis/mypkg/controller.go:299: 过期的浴室号码
[log]2020/05/21 15:45:01 D:/sample/src/GoRedis/mypkg/controller.go:300: []
[log]2020/05/21 15:45:01 D:/sample/src/GoRedis/mypkg/controller.go:299: 过期的浴室号码
[log]2020/05/21 15:45:01 D:/sample/src/GoRedis/mypkg/controller.go:300: []
[log]2020/05/21 15:45:01 D:/sample/src/GoRedis/mypkg/controller.go:299: 过期的浴室号码
[log]2020/05/21 15:45:01 D:/sample/src/GoRedis/mypkg/controller.go:300: []
[log]2020/05/21 15:45:01 D:/sample/src/GoRedis/mypkg/controller.go:299: 过期的浴室号码
[log]2020/05/21 15:45:01 D:/sample/src/GoRedis/mypkg/controller.go:300: []
[log]2020/05/21 15:45:01 D:/sample/src/GoRedis/mypkg/controller.go:299: 过期的浴室号码
[log]2020/05/21 15:45:01 D:/sample/src/GoRedis/mypkg/controller.go:300: []
[log]2020/05/21 15:45:01 D:/sample/src/GoRedis/mypkg/controller.go:299: 过期的浴室号码
[log]2020/05/21 15:45:01 D:/sample/src/GoRedis/mypkg/controller.go:300: []
[log]2020/05/21 15:45:01 D:/sample/src/GoRedis/mypkg/controller.go:299: 过期的浴室号码
[log]2020/05/21 15:45:01 D:/sample/src/GoRedis/mypkg/controller.go:300: []
[log]2020/05/21 15:45:01 D:/sample/src/GoRedis/mypkg/controller.go:299: 过期的浴室号码
[log]2020/05/21 15:45:01 D:/sample/src/GoRedis/mypkg/controller.go:300: []
[log]2020/05/21 15:46:55 D:/sample/src/GoRedis/mypkg/controller.go:299: 过期的浴室号码
[log]2020/05/21 15:46:55 D:/sample/src/GoRedis/mypkg/controller.go:300: [7 2 10 6 11 13 4 12 14 57 58 59 60 3 66 65 67 64 63 62 61 41 77 40 78 39 38 76 37 36 35 28 22 31 26 79 25 75 24 23 74 21 30 73 29 20 16 72 17 33 18 19 15 32 5 96 71 94 95 8 93 92 91 90 9 34 89 88 87 86 70 85 84 83 82 68 69 81 80 27 1 97 98 99 100 42 43 44 45 46 47 48 49 50]
[log]2020/05/21 15:47:41 D:/sample/src/GoRedis/mypkg/controller.go:299: 过期的浴室号码
[log]2020/05/21 15:47:41 D:/sample/src/GoRedis/mypkg/controller.go:300: [14 13 10 38 78 77 61 63 67 66 60 58 46 44 42 99 97 27 81 68 83 85 86 88 34 90 12 11 2 39 40 41 62 64 65 3 59 57 45 43 100 98 1 80 69 82 84 70 87 89 9 91 52 53 54 55 56 4 6 7]
[log]2020/05/21 15:47:51 D:/sample/src/GoRedis/mypkg/controller.go:299: 过期的浴室号码
[log]2020/05/21 15:47:51 D:/sample/src/GoRedis/mypkg/controller.go:300: [92 8 94 96 32 19 33 72 20 73 21 23 75 79 31 28 36 76 93 95 71 5 15 18 17 16 29 30 74 24 25 26 22 35 37]
[log]2020/05/21 15:47:52 D:/sample/src/GoRedis/mypkg/controller.go:299: 过期的浴室号码
[log]2020/05/21 15:47:52 D:/sample/src/GoRedis/mypkg/controller.go:300: [13 78 10 14 38 76 36 28 31 79 75 23]
[log]2020/05/21 15:49:05 D:/sample/src/GoRedis/mypkg/controller.go:299: 过期的浴室号码
[log]2020/05/21 15:49:05 D:/sample/src/GoRedis/mypkg/controller.go:300: [21 73 20 72 33 19 32 96 94 8 92 37 35 22 26 25 24 74 30 29 16 17 18 15 5 71 95 93 14 10 13 23 75 79 31]
[log]2020/05/21 15:49:05 D:/sample/src/GoRedis/mypkg/controller.go:299: 过期的浴室号码
[log]2020/05/21 15:49:05 D:/sample/src/GoRedis/mypkg/controller.go:300: []
[log]2020/05/21 15:49:05 D:/sample/src/GoRedis/mypkg/controller.go:299: 过期的浴室号码
[log]2020/05/21 15:49:05 D:/sample/src/GoRedis/mypkg/controller.go:300: []
[log]2020/05/21 15:49:05 D:/sample/src/GoRedis/mypkg/controller.go:299: 过期的浴室号码
[log]2020/05/21 15:49:05 D:/sample/src/GoRedis/mypkg/controller.go:300: []
[log]2020/05/21 15:49:05 D:/sample/src/GoRedis/mypkg/controller.go:299: 过期的浴室号码
[log]2020/05/21 15:49:05 D:/sample/src/GoRedis/mypkg/controller.go:300: []
[log]2020/05/21 15:49:05 D:/sample/src/GoRedis/mypkg/controller.go:299: 过期的浴室号码
[log]2020/05/21 15:49:05 D:/sample/src/GoRedis/mypkg/controller.go:300: []
[log]2020/05/21 15:49:05 D:/sample/src/GoRedis/mypkg/controller.go:299: 过期的浴室号码
[log]2020/05/21 15:49:05 D:/sample/src/GoRedis/mypkg/controller.go:300: []
[log]2020/05/21 15:49:05 D:/sample/src/GoRedis/mypkg/controller.go:299: 过期的浴室号码
[log]2020/05/21 15:49:05 D:/sample/src/GoRedis/mypkg/controller.go:300: []
[log]2020/05/21 15:49:05 D:/sample/src/GoRedis/mypkg/controller.go:299: 过期的浴室号码
[log]2020/05/21 15:49:05 D:/sample/src/GoRedis/mypkg/controller.go:300: []
[log]2020/05/21 15:49:05 D:/sample/src/GoRedis/mypkg/controller.go:299: 过期的浴室号码
[log]2020/05/21 15:49:05 D:/sample/src/GoRedis/mypkg/controller.go:300: []
[log]2020/05/21 15:49:05 D:/sample/src/GoRedis/mypkg/controller.go:299: 过期的浴室号码
[log]2020/05/21 15:49:05 D:/sample/src/GoRedis/mypkg/controller.go:300: []
[log]2020/05/21 15:49:05 D:/sample/src/GoRedis/mypkg/controller.go:299: 过期的浴室号码
[log]2020/05/21 15:49:05 D:/sample/src/GoRedis/mypkg/controller.go:300: []
[log]2020/05/21 15:49:05 D:/sample/src/GoRedis/mypkg/controller.go:299: 过期的浴室号码
[log]2020/05/21 15:49:05 D:/sample/src/GoRedis/mypkg/controller.go:300: []
[log]2020/05/21 15:49:05 D:/sample/src/GoRedis/mypkg/controller.go:299: 过期的浴室号码
[log]2020/05/21 15:49:05 D:/sample/src/GoRedis/mypkg/controller.go:300: []
[log]2020/05/21 15:49:05 D:/sample/src/GoRedis/mypkg/controller.go:299: 过期的浴室号码
[log]2020/05/21 15:49:05 D:/sample/src/GoRedis/mypkg/controller.go:300: []
[log]2020/05/21 15:49:05 D:/sample/src/GoRedis/mypkg/controller.go:299: 过期的浴室号码
[log]2020/05/21 15:49:05 D:/sample/src/GoRedis/mypkg/controller.go:300: []
[log]2020/05/21 15:49:05 D:/sample/src/GoRedis/mypkg/controller.go:299: 过期的浴室号码
[log]2020/05/21 15:49:05 D:/sample/src/GoRedis/mypkg/controller.go:300: []
[log]2020/05/21 15:49:05 D:/sample/src/GoRedis/mypkg/controller.go:299: 过期的浴室号码
[log]2020/05/21 15:49:05 D:/sample/src/GoRedis/mypkg/controller.go:300: []
[log]2020/05/21 15:49:05 D:/sample/src/GoRedis/mypkg/controller.go:299: 过期的浴室号码
[log]2020/05/21 15:49:05 D:/sample/src/GoRedis/mypkg/controller.go:300: []
[log]2020/05/21 15:49:05 D:/sample/src/GoRedis/mypkg/controller.go:299: 过期的浴室号码
[log]2020/05/21 15:49:05 D:/sample/src/GoRedis/mypkg/controller.go:300: []
[log]2020/05/21 15:49:05 D:/sample/src/GoRedis/mypkg/controller.go:299: 过期的浴室号码
[log]2020/05/21 15:49:05 D:/sample/src/GoRedis/mypkg/controller.go:300: []
[log]2020/05/21 15:49:05 D:/sample/src/GoRedis/mypkg/controller.go:299: 过期的浴室号码
[log]2020/05/21 15:49:05 D:/sample/src/GoRedis/mypkg/controller.go:300: []
[log]2020/05/21 15:49:05 D:/sample/src/GoRedis/mypkg/controller.go:299: 过期的浴室号码
[log]2020/05/21 15:49:05 D:/sample/src/GoRedis/mypkg/controller.go:300: []
[log]2020/05/21 15:49:05 D:/sample/src/GoRedis/mypkg/controller.go:299: 过期的浴室号码
[log]2020/05/21 15:49:05 D:/sample/src/GoRedis/mypkg/controller.go:300: []
[log]2020/05/21 15:49:05 D:/sample/src/GoRedis/mypkg/controller.go:299: 过期的浴室号码
[log]2020/05/21 15:49:05 D:/sample/src/GoRedis/mypkg/controller.go:300: []
[log]2020/05/21 15:49:05 D:/sample/src/GoRedis/mypkg/controller.go:299: 过期的浴室号码
[log]2020/05/21 15:49:05 D:/sample/src/GoRedis/mypkg/controller.go:300: []
[log]2020/05/21 15:49:05 D:/sample/src/GoRedis/mypkg/controller.go:299: 过期的浴室号码
[log]2020/05/21 15:49:05 D:/sample/src/GoRedis/mypkg/controller.go:300: []
[log]2020/05/21 15:49:05 D:/sample/src/GoRedis/mypkg/controller.go:299: 过期的浴室号码
[log]2020/05/21 15:49:05 D:/sample/src/GoRedis/mypkg/controller.go:300: []
[log]2020/05/21 15:49:05 D:/sample/src/GoRedis/mypkg/controller.go:299: 过期的浴室号码
[log]2020/05/21 15:49:05 D:/sample/src/GoRedis/mypkg/controller.go:300: []
[log]2020/05/21 15:49:05 D:/sample/src/GoRedis/mypkg/controller.go:299: 过期的浴室号码
[log]2020/05/21 15:49:05 D:/sample/src/GoRedis/mypkg/controller.go:300: []
[log]2020/05/21 15:49:05 D:/sample/src/GoRedis/mypkg/controller.go:299: 过期的浴室号码
[log]2020/05/21 15:49:05 D:/sample/src/GoRedis/mypkg/controller.go:300: []
[log]2020/05/21 15:49:05 D:/sample/src/GoRedis/mypkg/controller.go:299: 过期的浴室号码
[log]2020/05/21 15:49:05 D:/sample/src/GoRedis/mypkg/controller.go:300: []
[log]2020/05/21 15:49:05 D:/sample/src/GoRedis/mypkg/controller.go:299: 过期的浴室号码
[log]2020/05/21 15:49:05 D:/sample/src/GoRedis/mypkg/controller.go:300: []
[log]2020/05/21 15:49:05 D:/sample/src/GoRedis/mypkg/controller.go:299: 过期的浴室号码
[log]2020/05/21 15:49:05 D:/sample/src/GoRedis/mypkg/controller.go:300: []
[log]2020/05/21 15:49:05 D:/sample/src/GoRedis/mypkg/controller.go:299: 过期的浴室号码
[log]2020/05/21 15:49:05 D:/sample/src/GoRedis/mypkg/controller.go:300: []
[log]2020/05/21 15:49:05 D:/sample/src/GoRedis/mypkg/controller.go:299: 过期的浴室号码
[log]2020/05/21 15:49:05 D:/sample/src/GoRedis/mypkg/controller.go:300: []
[log]2020/05/21 15:49:05 D:/sample/src/GoRedis/mypkg/controller.go:299: 过期的浴室号码
[log]2020/05/21 15:49:05 D:/sample/src/GoRedis/mypkg/controller.go:300: []
[log]2020/05/21 15:49:05 D:/sample/src/GoRedis/mypkg/controller.go:299: 过期的浴室号码
[log]2020/05/21 15:49:05 D:/sample/src/GoRedis/mypkg/controller.go:300: []
[log]2020/05/21 15:49:05 D:/sample/src/GoRedis/mypkg/controller.go:299: 过期的浴室号码
[log]2020/05/21 15:49:05 D:/sample/src/GoRedis/mypkg/controller.go:300: []
[log]2020/05/21 15:49:05 D:/sample/src/GoRedis/mypkg/controller.go:299: 过期的浴室号码
[log]2020/05/21 15:49:05 D:/sample/src/GoRedis/mypkg/controller.go:300: []
[log]2020/05/21 15:49:05 D:/sample/src/GoRedis/mypkg/controller.go:299: 过期的浴室号码
[log]2020/05/21 15:49:05 D:/sample/src/GoRedis/mypkg/controller.go:300: []
[log]2020/05/21 15:49:05 D:/sample/src/GoRedis/mypkg/controller.go:299: 过期的浴室号码
[log]2020/05/21 15:49:05 D:/sample/src/GoRedis/mypkg/controller.go:300: []
[log]2020/05/21 15:49:05 D:/sample/src/GoRedis/mypkg/controller.go:299: 过期的浴室号码
[log]2020/05/21 15:49:05 D:/sample/src/GoRedis/mypkg/controller.go:300: []
[log]2020/05/21 15:49:05 D:/sample/src/GoRedis/mypkg/controller.go:299: 过期的浴室号码
[log]2020/05/21 15:49:05 D:/sample/src/GoRedis/mypkg/controller.go:300: []
[log]2020/05/21 15:49:05 D:/sample/src/GoRedis/mypkg/controller.go:299: 过期的浴室号码
[log]2020/05/21 15:49:05 D:/sample/src/GoRedis/mypkg/controller.go:300: []
[log]2020/05/21 15:49:05 D:/sample/src/GoRedis/mypkg/controller.go:299: 过期的浴室号码
[log]2020/05/21 15:49:05 D:/sample/src/GoRedis/mypkg/controller.go:300: []
[log]2020/05/21 15:49:05 D:/sample/src/GoRedis/mypkg/controller.go:299: 过期的浴室号码
[log]2020/05/21 15:49:05 D:/sample/src/GoRedis/mypkg/controller.go:300: []
[log]2020/05/21 15:49:05 D:/sample/src/GoRedis/mypkg/controller.go:299: 过期的浴室号码
[log]2020/05/21 15:49:05 D:/sample/src/GoRedis/mypkg/controller.go:300: []
[log]2020/05/21 15:49:05 D:/sample/src/GoRedis/mypkg/controller.go:299: 过期的浴室号码
[log]2020/05/21 15:49:05 D:/sample/src/GoRedis/mypkg/controller.go:300: []
[log]2020/05/21 15:49:05 D:/sample/src/GoRedis/mypkg/controller.go:299: 过期的浴室号码
[log]2020/05/21 15:49:05 D:/sample/src/GoRedis/mypkg/controller.go:300: []
[log]2020/05/21 15:49:05 D:/sample/src/GoRedis/mypkg/controller.go:299: 过期的浴室号码
[log]2020/05/21 15:49:05 D:/sample/src/GoRedis/mypkg/controller.go:300: []
[log]2020/05/21 15:49:05 D:/sample/src/GoRedis/mypkg/controller.go:299: 过期的浴室号码
[log]2020/05/21 15:49:05 D:/sample/src/GoRedis/mypkg/controller.go:300: []
[log]2020/05/21 15:49:05 D:/sample/src/GoRedis/mypkg/controller.go:299: 过期的浴室号码
[log]2020/05/21 15:49:05 D:/sample/src/GoRedis/mypkg/controller.go:300: []
[log]2020/05/21 15:49:05 D:/sample/src/GoRedis/mypkg/controller.go:299: 过期的浴室号码
[log]2020/05/21 15:49:05 D:/sample/src/GoRedis/mypkg/controller.go:300: []
[log]2020/05/21 15:49:05 D:/sample/src/GoRedis/mypkg/controller.go:299: 过期的浴室号码
[log]2020/05/21 15:49:05 D:/sample/src/GoRedis/mypkg/controller.go:300: []
[log]2020/05/21 15:49:05 D:/sample/src/GoRedis/mypkg/controller.go:299: 过期的浴室号码
[log]2020/05/21 15:49:05 D:/sample/src/GoRedis/mypkg/controller.go:300: []
[log]2020/05/21 15:49:06 D:/sample/src/GoRedis/mypkg/controller.go:299: 过期的浴室号码
[log]2020/05/21 15:49:06 D:/sample/src/GoRedis/mypkg/controller.go:300: []
[log]2020/05/21 15:49:06 D:/sample/src/GoRedis/mypkg/controller.go:299: 过期的浴室号码
[log]2020/05/21 15:49:06 D:/sample/src/GoRedis/mypkg/controller.go:300: [36 38 78 73 73 73 73 38 36 36 38 38 78 73 76 73 73 73 73 73 73 73 73 73 73 73 73 73 73 73 73]
[log]2020/05/21 15:51:15 D:/sample/src/GoRedis/mypkg/controller.go:299: 过期的浴室号码
[log]2020/05/21 15:51:15 D:/sample/src/GoRedis/mypkg/controller.go:300: [33 79 53 47 88 72 75 52 91 87 20 23 51 90 86 21 56 50 9 70 28 55 49 34 85 31 54 48 89 13 35 37 92 8 94 94 96 32 19]
[log]2020/05/22 09:16:25 D:/sample/src/GoRedis/mypkg/controller.go:79: 请求到了登陆页面
[log]2020/05/22 09:16:36 D:/sample/src/GoRedis/mypkg/controller.go:84: 请求到了验证
[log]2020/05/22 09:16:36 D:/sample/src/GoRedis/mypkg/controller.go:92: 前端传过来的：学号XX140101密码123456
[log]2020/05/22 09:16:36 D:/sample/src/GoRedis/mypkg/controller.go:94: 数据库查询到的user {XX140101 123456 张三}
[log]2020/05/22 09:16:36 D:/sample/src/GoRedis/mypkg/controller.go:66: 登陆成功这是登陆用户 {XX140101 123456 张三}
[log]2020/05/22 09:16:36 D:/sample/src/GoRedis/mypkg/controller.go:72: {0 / 100 }
[log]2020/05/22 09:16:40 D:/sample/src/GoRedis/mypkg/controller.go:182: 请求到了预约界面
[log]2020/05/22 09:16:40 D:/sample/src/GoRedis/mypkg/controller.go:300: 过期的浴室号码
[log]2020/05/22 09:16:40 D:/sample/src/GoRedis/mypkg/controller.go:301: [63 64 67 65 58 66 59 60 3 39 40 77 41 61 62 100 99 71 98 95 97 1 27 80 81 69 68 73 14 4 12 82 83 84 11 6 2 7 10 92 37 35 13 19 32 89 96 48 94 54 31 8 85 34 26 22 49 55 36 25 24 38 28 74 78 30 70 29 9 76 16 17 50 56 15 18 21 86 90 51 23 20 87 91 52 75 72 88 5 93 47 53 79 33 57 46 45 44 43 42]
[log]2020/05/22 09:16:48 D:/sample/src/GoRedis/mypkg/controller.go:309: 取消预约
[log]2020/05/22 09:16:49 D:/sample/src/GoRedis/mypkg/controller.go:182: 请求到了预约界面
[log]2020/05/22 09:16:50 D:/sample/src/GoRedis/mypkg/controller.go:182: 请求到了预约界面
[log]2020/05/22 09:16:56 D:/sample/src/GoRedis/mypkg/controller.go:182: 请求到了预约界面
[log]2020/05/22 09:16:57 D:/sample/src/GoRedis/mypkg/controller.go:182: 请求到了预约界面
[log]2020/05/22 09:16:57 D:/sample/src/GoRedis/mypkg/controller.go:182: 请求到了预约界面
[log]2020/05/22 09:16:57 D:/sample/src/GoRedis/mypkg/controller.go:182: 请求到了预约界面
[log]2020/05/22 09:16:57 D:/sample/src/GoRedis/mypkg/controller.go:182: 请求到了预约界面
[log]2020/05/22 09:17:00 D:/sample/src/GoRedis/mypkg/controller.go:182: 请求到了预约界面
[log]2020/05/22 09:20:36 D:/sample/src/GoRedis/mypkg/controller.go:182: 请求到了预约界面
[log]2020/05/22 09:20:41 D:/sample/src/GoRedis/mypkg/controller.go:182: 请求到了预约界面
[log]2020/05/22 09:20:52 D:/sample/src/GoRedis/mypkg/controller.go:182: 请求到了预约界面
[log]2020/05/22 09:21:26 D:/sample/src/GoRedis/mypkg/controller.go:79: 请求到了登陆页面
[log]2020/05/22 09:21:32 D:/sample/src/GoRedis/mypkg/controller.go:84: 请求到了验证
[log]2020/05/22 09:21:32 D:/sample/src/GoRedis/mypkg/controller.go:92: 前端传过来的：学号XX140101密码123456
[log]2020/05/22 09:21:32 D:/sample/src/GoRedis/mypkg/controller.go:94: 数据库查询到的user {XX140101 123456 张三}
[log]2020/05/22 09:21:32 D:/sample/src/GoRedis/mypkg/controller.go:66: 登陆成功这是登陆用户 {XX140101 123456 张三}
[log]2020/05/22 09:21:32 D:/sample/src/GoRedis/mypkg/controller.go:72: {100 / 100 }
[log]2020/05/22 09:21:36 D:/sample/src/GoRedis/mypkg/controller.go:182: 请求到了预约界面
[log]2020/05/22 09:21:37 D:/sample/src/GoRedis/mypkg/controller.go:309: 取消预约
[log]2020/05/22 09:21:38 D:/sample/src/GoRedis/mypkg/controller.go:182: 请求到了预约界面
[log]2020/05/22 09:21:45 D:/sample/src/GoRedis/mypkg/controller.go:309: 取消预约
[log]2020/05/22 09:21:46 D:/sample/src/GoRedis/mypkg/controller.go:182: 请求到了预约界面
[log]2020/05/22 09:21:47 D:/sample/src/GoRedis/mypkg/controller.go:309: 取消预约
[log]2020/05/22 09:21:48 D:/sample/src/GoRedis/mypkg/controller.go:182: 请求到了预约界面
[log]2020/05/22 09:21:49 D:/sample/src/GoRedis/mypkg/controller.go:309: 取消预约
[log]2020/05/22 09:21:49 D:/sample/src/GoRedis/mypkg/controller.go:182: 请求到了预约界面
[log]2020/05/22 09:21:50 D:/sample/src/GoRedis/mypkg/controller.go:309: 取消预约
[log]2020/05/22 09:21:51 D:/sample/src/GoRedis/mypkg/controller.go:182: 请求到了预约界面
[log]2020/05/22 09:21:52 D:/sample/src/GoRedis/mypkg/controller.go:309: 取消预约
[log]2020/05/22 09:21:53 D:/sample/src/GoRedis/mypkg/controller.go:182: 请求到了预约界面
[log]2020/05/22 09:21:54 D:/sample/src/GoRedis/mypkg/controller.go:309: 取消预约
[log]2020/05/22 09:23:47 D:/sample/src/GoRedis/mypkg/controller.go:79: 请求到了登陆页面
[log]2020/05/22 09:23:54 D:/sample/src/GoRedis/mypkg/controller.go:84: 请求到了验证
[log]2020/05/22 09:23:54 D:/sample/src/GoRedis/mypkg/controller.go:92: 前端传过来的：学号XX140101密码123456
[log]2020/05/22 09:23:54 D:/sample/src/GoRedis/mypkg/controller.go:94: 数据库查询到的user {XX140101 123456 张三}
[log]2020/05/22 09:23:54 D:/sample/src/GoRedis/mypkg/controller.go:66: 登陆成功这是登陆用户 {XX140101 123456 张三}
[log]2020/05/22 09:23:54 D:/sample/src/GoRedis/mypkg/controller.go:72: {1 / 100 }
[log]2020/05/22 09:23:56 D:/sample/src/GoRedis/mypkg/controller.go:182: 请求到了预约界面
[log]2020/05/22 09:24:09 D:/sample/src/GoRedis/mypkg/controller.go:309: 取消预约
[log]2020/05/22 09:24:12 D:/sample/src/GoRedis/mypkg/controller.go:182: 请求到了预约界面
[log]2020/05/22 09:24:13 D:/sample/src/GoRedis/mypkg/controller.go:309: 取消预约
[log]2020/05/22 09:24:14 D:/sample/src/GoRedis/mypkg/controller.go:182: 请求到了预约界面
[log]2020/05/22 09:24:15 D:/sample/src/GoRedis/mypkg/controller.go:309: 取消预约
[log]2020/05/22 09:24:16 D:/sample/src/GoRedis/mypkg/controller.go:182: 请求到了预约界面
[log]2020/05/22 09:24:23 D:/sample/src/GoRedis/mypkg/controller.go:79: 请求到了登陆页面
[log]2020/05/22 09:24:32 D:/sample/src/GoRedis/mypkg/controller.go:84: 请求到了验证
[log]2020/05/22 09:24:32 D:/sample/src/GoRedis/mypkg/controller.go:92: 前端传过来的：学号XX140102密码654321
[log]2020/05/22 09:24:32 D:/sample/src/GoRedis/mypkg/controller.go:94: 数据库查询到的user {XX140102 654321 李四}
[log]2020/05/22 09:24:32 D:/sample/src/GoRedis/mypkg/controller.go:66: 登陆成功这是登陆用户 {XX140102 654321 李四}
[log]2020/05/22 09:24:32 D:/sample/src/GoRedis/mypkg/controller.go:72: {0 / 100 }
[log]2020/05/22 09:24:33 D:/sample/src/GoRedis/mypkg/controller.go:182: 请求到了预约界面
[log]2020/05/22 09:24:33 D:/sample/src/GoRedis/mypkg/controller.go:300: 过期的浴室号码
[log]2020/05/22 09:24:33 D:/sample/src/GoRedis/mypkg/controller.go:301: [42 63 64 67 65 58 66 59 60 3 39 40 77 41 61 62 100 99 71 98 95 97 1 27 80 81 69 68 73 14 4 12 82 83 84 11 6 2 7 10 92 37 35 13 19 32 89 96 48 94 54 31 8 85 34 26 22 49 55 36 25 24 38 28 74 78 30 70 29 9 76 16 17 50 56 15 18 21 86 90 51 23 20 87 91 52 75 72 88 5 93 47 53 79 33 57 46 45 44 43]
[log]2020/05/22 09:24:50 D:/sample/src/GoRedis/mypkg/controller.go:182: 请求到了预约界面
[log]2020/05/22 09:25:15 D:/sample/src/GoRedis/mypkg/controller.go:309: 取消预约
[log]2020/05/22 09:25:15 D:/sample/src/GoRedis/mypkg/controller.go:338: pq: �Բ���, �Ѿ���̫��Ŀͻ�
[log]2020/05/22 09:25:15 D:/sample/src/GoRedis/mypkg/controller.go:309: 取消预约
[log]2020/05/22 09:25:15 D:/sample/src/GoRedis/mypkg/controller.go:338: pq: �Բ���, �Ѿ���̫��Ŀͻ�
[log]2020/05/22 09:25:15 D:/sample/src/GoRedis/mypkg/controller.go:309: 取消预约
[log]2020/05/22 09:25:15 D:/sample/src/GoRedis/mypkg/controller.go:338: pq: �Բ���, �Ѿ���̫��Ŀͻ�
[log]2020/05/22 09:25:15 D:/sample/src/GoRedis/mypkg/controller.go:309: 取消预约
[log]2020/05/22 09:25:15 D:/sample/src/GoRedis/mypkg/controller.go:338: pq: �Բ���, �Ѿ���̫��Ŀͻ�
[log]2020/05/22 09:25:16 D:/sample/src/GoRedis/mypkg/controller.go:309: 取消预约
[log]2020/05/22 09:25:16 D:/sample/src/GoRedis/mypkg/controller.go:338: pq: �Բ���, �Ѿ���̫��Ŀͻ�
[log]2020/05/22 09:25:16 D:/sample/src/GoRedis/mypkg/controller.go:309: 取消预约
[log]2020/05/22 09:25:16 D:/sample/src/GoRedis/mypkg/controller.go:338: pq: �Բ���, �Ѿ���̫��Ŀͻ�
[log]2020/05/22 09:25:16 D:/sample/src/GoRedis/mypkg/controller.go:309: 取消预约
[log]2020/05/22 09:25:16 D:/sample/src/GoRedis/mypkg/controller.go:338: pq: �Բ���, �Ѿ���̫��Ŀͻ�
[log]2020/05/22 09:25:16 D:/sample/src/GoRedis/mypkg/controller.go:309: 取消预约
[log]2020/05/22 09:25:16 D:/sample/src/GoRedis/mypkg/controller.go:338: pq: �Բ���, �Ѿ���̫��Ŀͻ�
[log]2020/05/22 09:25:16 D:/sample/src/GoRedis/mypkg/controller.go:309: 取消预约
[log]2020/05/22 09:25:17 D:/sample/src/GoRedis/mypkg/controller.go:338: pq: �Բ���, �Ѿ���̫��Ŀͻ�
[log]2020/05/22 09:25:17 D:/sample/src/GoRedis/mypkg/controller.go:309: 取消预约
[log]2020/05/22 09:25:17 D:/sample/src/GoRedis/mypkg/controller.go:338: pq: �Բ���, �Ѿ���̫��Ŀͻ�
[log]2020/05/22 09:25:17 D:/sample/src/GoRedis/mypkg/controller.go:309: 取消预约
[log]2020/05/22 09:25:17 D:/sample/src/GoRedis/mypkg/controller.go:338: pq: �Բ���, �Ѿ���̫��Ŀͻ�
[log]2020/05/22 09:25:17 D:/sample/src/GoRedis/mypkg/controller.go:309: 取消预约
[log]2020/05/22 09:25:17 D:/sample/src/GoRedis/mypkg/controller.go:338: pq: �Բ���, �Ѿ���̫��Ŀͻ�
[log]2020/05/22 09:25:17 D:/sample/src/GoRedis/mypkg/controller.go:309: 取消预约
[log]2020/05/22 09:25:17 D:/sample/src/GoRedis/mypkg/controller.go:338: pq: �Բ���, �Ѿ���̫��Ŀͻ�
[log]2020/05/22 09:25:17 D:/sample/src/GoRedis/mypkg/controller.go:309: 取消预约
[log]2020/05/22 09:25:17 D:/sample/src/GoRedis/mypkg/controller.go:338: pq: �Բ���, �Ѿ���̫��Ŀͻ�
[log]2020/05/22 09:25:18 D:/sample/src/GoRedis/mypkg/controller.go:309: 取消预约
[log]2020/05/22 09:25:18 D:/sample/src/GoRedis/mypkg/controller.go:338: pq: �Բ���, �Ѿ���̫��Ŀͻ�
[log]2020/05/22 09:25:18 D:/sample/src/GoRedis/mypkg/controller.go:309: 取消预约
[log]2020/05/22 09:25:18 D:/sample/src/GoRedis/mypkg/controller.go:338: pq: �Բ���, �Ѿ���̫��Ŀͻ�
[log]2020/05/22 09:25:18 D:/sample/src/GoRedis/mypkg/controller.go:309: 取消预约
[log]2020/05/22 09:25:18 D:/sample/src/GoRedis/mypkg/controller.go:338: pq: �Բ���, �Ѿ���̫��Ŀͻ�
[log]2020/05/22 09:25:18 D:/sample/src/GoRedis/mypkg/controller.go:309: 取消预约
[log]2020/05/22 09:25:18 D:/sample/src/GoRedis/mypkg/controller.go:338: pq: �Բ���, �Ѿ���̫��Ŀͻ�
[log]2020/05/22 09:25:18 D:/sample/src/GoRedis/mypkg/controller.go:309: 取消预约
[log]2020/05/22 09:25:18 D:/sample/src/GoRedis/mypkg/controller.go:338: pq: �Բ���, �Ѿ���̫��Ŀͻ�
[log]2020/05/22 09:25:19 D:/sample/src/GoRedis/mypkg/controller.go:309: 取消预约
[log]2020/05/22 09:25:19 D:/sample/src/GoRedis/mypkg/controller.go:338: pq: �Բ���, �Ѿ���̫��Ŀͻ�
[log]2020/05/22 09:25:19 D:/sample/src/GoRedis/mypkg/controller.go:309: 取消预约
[log]2020/05/22 09:25:19 D:/sample/src/GoRedis/mypkg/controller.go:338: pq: �Բ���, �Ѿ���̫��Ŀͻ�
[log]2020/05/22 09:25:19 D:/sample/src/GoRedis/mypkg/controller.go:309: 取消预约
[log]2020/05/22 09:25:19 D:/sample/src/GoRedis/mypkg/controller.go:338: pq: �Բ���, �Ѿ���̫��Ŀͻ�
[log]2020/05/22 09:25:19 D:/sample/src/GoRedis/mypkg/controller.go:309: 取消预约
[log]2020/05/22 09:25:19 D:/sample/src/GoRedis/mypkg/controller.go:338: pq: �Բ���, �Ѿ���̫��Ŀͻ�
[log]2020/05/22 09:25:19 D:/sample/src/GoRedis/mypkg/controller.go:309: 取消预约
[log]2020/05/22 09:25:19 D:/sample/src/GoRedis/mypkg/controller.go:338: pq: �Բ���, �Ѿ���̫��Ŀͻ�
[log]2020/05/22 09:25:19 D:/sample/src/GoRedis/mypkg/controller.go:309: 取消预约
[log]2020/05/22 09:25:20 D:/sample/src/GoRedis/mypkg/controller.go:338: pq: �Բ���, �Ѿ���̫��Ŀͻ�
[log]2020/05/22 09:25:20 D:/sample/src/GoRedis/mypkg/controller.go:309: 取消预约
[log]2020/05/22 09:25:20 D:/sample/src/GoRedis/mypkg/controller.go:338: pq: �Բ���, �Ѿ���̫��Ŀͻ�
[log]2020/05/22 09:25:20 D:/sample/src/GoRedis/mypkg/controller.go:309: 取消预约
[log]2020/05/22 09:25:20 D:/sample/src/GoRedis/mypkg/controller.go:338: pq: �Բ���, �Ѿ���̫��Ŀͻ�
[log]2020/05/22 09:25:20 D:/sample/src/GoRedis/mypkg/controller.go:309: 取消预约
[log]2020/05/22 09:25:20 D:/sample/src/GoRedis/mypkg/controller.go:338: pq: �Բ���, �Ѿ���̫��Ŀͻ�
[log]2020/05/22 09:25:20 D:/sample/src/GoRedis/mypkg/controller.go:309: 取消预约
[log]2020/05/22 09:25:20 D:/sample/src/GoRedis/mypkg/controller.go:338: pq: �Բ���, �Ѿ���̫��Ŀͻ�
[log]2020/05/22 09:25:21 D:/sample/src/GoRedis/mypkg/controller.go:309: 取消预约
[log]2020/05/22 09:25:21 D:/sample/src/GoRedis/mypkg/controller.go:338: pq: �Բ���, �Ѿ���̫��Ŀͻ�
[log]2020/05/22 09:25:21 D:/sample/src/GoRedis/mypkg/controller.go:309: 取消预约
[log]2020/05/22 09:25:21 D:/sample/src/GoRedis/mypkg/controller.go:338: pq: �Բ���, �Ѿ���̫��Ŀͻ�
[log]2020/05/22 09:25:21 D:/sample/src/GoRedis/mypkg/controller.go:309: 取消预约
[log]2020/05/22 09:25:21 D:/sample/src/GoRedis/mypkg/controller.go:338: pq: �Բ���, �Ѿ���̫��Ŀͻ�
[log]2020/05/22 09:25:21 D:/sample/src/GoRedis/mypkg/controller.go:309: 取消预约
[log]2020/05/22 09:25:21 D:/sample/src/GoRedis/mypkg/controller.go:338: pq: �Բ���, �Ѿ���̫��Ŀͻ�
[log]2020/05/22 09:25:21 D:/sample/src/GoRedis/mypkg/controller.go:309: 取消预约
[log]2020/05/22 09:25:21 D:/sample/src/GoRedis/mypkg/controller.go:338: pq: �Բ���, �Ѿ���̫��Ŀͻ�
[log]2020/05/22 09:25:21 D:/sample/src/GoRedis/mypkg/controller.go:309: 取消预约
[log]2020/05/22 09:25:21 D:/sample/src/GoRedis/mypkg/controller.go:338: pq: �Բ���, �Ѿ���̫��Ŀͻ�
[log]2020/05/22 09:25:22 D:/sample/src/GoRedis/mypkg/controller.go:309: 取消预约
[log]2020/05/22 09:25:22 D:/sample/src/GoRedis/mypkg/controller.go:338: pq: �Բ���, �Ѿ���̫��Ŀͻ�
[log]2020/05/22 09:25:22 D:/sample/src/GoRedis/mypkg/controller.go:309: 取消预约
[log]2020/05/22 09:25:22 D:/sample/src/GoRedis/mypkg/controller.go:338: pq: �Բ���, �Ѿ���̫��Ŀͻ�
[log]2020/05/22 09:25:22 D:/sample/src/GoRedis/mypkg/controller.go:309: 取消预约
[log]2020/05/22 09:25:22 D:/sample/src/GoRedis/mypkg/controller.go:338: pq: �Բ���, �Ѿ���̫��Ŀͻ�
[log]2020/05/22 09:25:22 D:/sample/src/GoRedis/mypkg/controller.go:309: 取消预约
[log]2020/05/22 09:25:22 D:/sample/src/GoRedis/mypkg/controller.go:338: pq: �Բ���, �Ѿ���̫��Ŀͻ�
[log]2020/05/22 09:25:22 D:/sample/src/GoRedis/mypkg/controller.go:309: 取消预约
[log]2020/05/22 09:25:22 D:/sample/src/GoRedis/mypkg/controller.go:338: pq: �Բ���, �Ѿ���̫��Ŀͻ�
[log]2020/05/22 09:25:23 D:/sample/src/GoRedis/mypkg/controller.go:309: 取消预约
[log]2020/05/22 09:25:23 D:/sample/src/GoRedis/mypkg/controller.go:338: pq: �Բ���, �Ѿ���̫��Ŀͻ�
[log]2020/05/22 09:25:23 D:/sample/src/GoRedis/mypkg/controller.go:309: 取消预约
[log]2020/05/22 09:25:23 D:/sample/src/GoRedis/mypkg/controller.go:338: pq: �Բ���, �Ѿ���̫��Ŀͻ�
[log]2020/05/22 09:25:23 D:/sample/src/GoRedis/mypkg/controller.go:309: 取消预约
[log]2020/05/22 09:25:23 D:/sample/src/GoRedis/mypkg/controller.go:338: pq: �Բ���, �Ѿ���̫��Ŀͻ�
[log]2020/05/22 09:25:23 D:/sample/src/GoRedis/mypkg/controller.go:309: 取消预约
[log]2020/05/22 09:25:23 D:/sample/src/GoRedis/mypkg/controller.go:338: pq: �Բ���, �Ѿ���̫��Ŀͻ�
[log]2020/05/22 09:25:24 D:/sample/src/GoRedis/mypkg/controller.go:309: 取消预约
[log]2020/05/22 09:25:24 D:/sample/src/GoRedis/mypkg/controller.go:338: pq: �Բ���, �Ѿ���̫��Ŀͻ�
[log]2020/05/22 09:25:24 D:/sample/src/GoRedis/mypkg/controller.go:309: 取消预约
[log]2020/05/22 09:25:24 D:/sample/src/GoRedis/mypkg/controller.go:338: pq: �Բ���, �Ѿ���̫��Ŀͻ�
[log]2020/05/22 09:25:24 D:/sample/src/GoRedis/mypkg/controller.go:309: 取消预约
[log]2020/05/22 09:25:24 D:/sample/src/GoRedis/mypkg/controller.go:338: pq: �Բ���, �Ѿ���̫��Ŀͻ�
[log]2020/05/22 09:25:24 D:/sample/src/GoRedis/mypkg/controller.go:309: 取消预约
[log]2020/05/22 09:25:24 D:/sample/src/GoRedis/mypkg/controller.go:338: pq: �Բ���, �Ѿ���̫��Ŀͻ�
[log]2020/05/22 09:25:24 D:/sample/src/GoRedis/mypkg/controller.go:309: 取消预约
[log]2020/05/22 09:25:24 D:/sample/src/GoRedis/mypkg/controller.go:338: pq: �Բ���, �Ѿ���̫��Ŀͻ�
[log]2020/05/22 09:25:24 D:/sample/src/GoRedis/mypkg/controller.go:309: 取消预约
[log]2020/05/22 09:25:24 D:/sample/src/GoRedis/mypkg/controller.go:338: pq: �Բ���, �Ѿ���̫��Ŀͻ�
[log]2020/05/22 09:25:25 D:/sample/src/GoRedis/mypkg/controller.go:309: 取消预约
[log]2020/05/22 09:25:25 D:/sample/src/GoRedis/mypkg/controller.go:338: pq: �Բ���, �Ѿ���̫��Ŀͻ�
[log]2020/05/22 09:25:25 D:/sample/src/GoRedis/mypkg/controller.go:309: 取消预约
[log]2020/05/22 09:25:25 D:/sample/src/GoRedis/mypkg/controller.go:338: pq: �Բ���, �Ѿ���̫��Ŀͻ�
[log]2020/05/22 09:25:25 D:/sample/src/GoRedis/mypkg/controller.go:309: 取消预约
[log]2020/05/22 09:25:25 D:/sample/src/GoRedis/mypkg/controller.go:338: pq: �Բ���, �Ѿ���̫��Ŀͻ�
[log]2020/05/22 09:25:25 D:/sample/src/GoRedis/mypkg/controller.go:309: 取消预约
[log]2020/05/22 09:25:25 D:/sample/src/GoRedis/mypkg/controller.go:338: pq: �Բ���, �Ѿ���̫��Ŀͻ�
[log]2020/05/22 09:25:25 D:/sample/src/GoRedis/mypkg/controller.go:309: 取消预约
[log]2020/05/22 09:25:25 D:/sample/src/GoRedis/mypkg/controller.go:338: pq: �Բ���, �Ѿ���̫��Ŀͻ�
[log]2020/05/22 09:25:26 D:/sample/src/GoRedis/mypkg/controller.go:309: 取消预约
[log]2020/05/22 09:25:26 D:/sample/src/GoRedis/mypkg/controller.go:338: pq: �Բ���, �Ѿ���̫��Ŀͻ�
[log]2020/05/22 09:25:26 D:/sample/src/GoRedis/mypkg/controller.go:309: 取消预约
[log]2020/05/22 09:25:26 D:/sample/src/GoRedis/mypkg/controller.go:338: pq: �Բ���, �Ѿ���̫��Ŀͻ�
[log]2020/05/22 09:25:26 D:/sample/src/GoRedis/mypkg/controller.go:309: 取消预约
[log]2020/05/22 09:25:26 D:/sample/src/GoRedis/mypkg/controller.go:338: pq: �Բ���, �Ѿ���̫��Ŀͻ�
[log]2020/05/22 09:25:26 D:/sample/src/GoRedis/mypkg/controller.go:309: 取消预约
[log]2020/05/22 09:25:26 D:/sample/src/GoRedis/mypkg/controller.go:338: pq: �Բ���, �Ѿ���̫��Ŀͻ�
[log]2020/05/22 09:25:27 D:/sample/src/GoRedis/mypkg/controller.go:309: 取消预约
[log]2020/05/22 09:25:27 D:/sample/src/GoRedis/mypkg/controller.go:338: pq: �Բ���, �Ѿ���̫��Ŀͻ�
[log]2020/05/22 09:26:48 D:/sample/src/GoRedis/mypkg/controller.go:79: 请求到了登陆页面
[log]2020/05/22 09:27:07 D:/sample/src/GoRedis/mypkg/controller.go:84: 请求到了验证
[log]2020/05/22 09:27:07 D:/sample/src/GoRedis/mypkg/controller.go:92: 前端传过来的：学号XX140102密码654321
[log]2020/05/22 09:27:07 D:/sample/src/GoRedis/mypkg/controller.go:94: 数据库查询到的user {XX140102 654321 李四}
[log]2020/05/22 09:27:07 D:/sample/src/GoRedis/mypkg/controller.go:66: 登陆成功这是登陆用户 {XX140102 654321 李四}
[log]2020/05/22 09:27:07 D:/sample/src/GoRedis/mypkg/controller.go:72: {89 / 100 }
[log]2020/05/22 09:27:10 D:/sample/src/GoRedis/mypkg/controller.go:66: 登陆成功这是登陆用户 {XX140102 654321 李四}
[log]2020/05/22 09:27:10 D:/sample/src/GoRedis/mypkg/controller.go:72: {89 / 100 }
[log]2020/05/22 09:27:15 D:/sample/src/GoRedis/mypkg/controller.go:182: 请求到了预约界面
[log]2020/05/22 09:27:22 D:/sample/src/GoRedis/mypkg/controller.go:309: 取消预约
[log]2020/05/22 09:27:23 D:/sample/src/GoRedis/mypkg/controller.go:182: 请求到了预约界面
[log]2020/05/22 09:27:24 D:/sample/src/GoRedis/mypkg/controller.go:309: 取消预约
[log]2020/05/22 09:27:25 D:/sample/src/GoRedis/mypkg/controller.go:182: 请求到了预约界面
[log]2020/05/22 09:27:26 D:/sample/src/GoRedis/mypkg/controller.go:309: 取消预约
[log]2020/05/22 09:30:08 D:/sample/src/GoRedis/mypkg/controller.go:79: 请求到了登陆页面
[log]2020/05/22 09:30:14 D:/sample/src/GoRedis/mypkg/controller.go:84: 请求到了验证
[log]2020/05/22 09:30:14 D:/sample/src/GoRedis/mypkg/controller.go:92: 前端传过来的：学号XX140101密码123456
[log]2020/05/22 09:30:14 D:/sample/src/GoRedis/mypkg/controller.go:94: 数据库查询到的user {XX140101 123456 张三}
[log]2020/05/22 09:30:14 D:/sample/src/GoRedis/mypkg/controller.go:66: 登陆成功这是登陆用户 {XX140101 123456 张三}
[log]2020/05/22 09:30:14 D:/sample/src/GoRedis/mypkg/controller.go:72: {1 / 100 }
[log]2020/05/22 09:30:23 D:/sample/src/GoRedis/mypkg/controller.go:79: 请求到了登陆页面
[log]2020/05/22 09:30:30 D:/sample/src/GoRedis/mypkg/controller.go:84: 请求到了验证
[log]2020/05/22 09:30:30 D:/sample/src/GoRedis/mypkg/controller.go:92: 前端传过来的：学号XX140102密码654321
[log]2020/05/22 09:30:30 D:/sample/src/GoRedis/mypkg/controller.go:94: 数据库查询到的user {XX140102 654321 李四}
[log]2020/05/22 09:30:30 D:/sample/src/GoRedis/mypkg/controller.go:66: 登陆成功这是登陆用户 {XX140102 654321 李四}
[log]2020/05/22 09:30:30 D:/sample/src/GoRedis/mypkg/controller.go:72: {1 / 100 }
[log]2020/05/22 09:30:34 D:/sample/src/GoRedis/mypkg/controller.go:182: 请求到了预约界面
[log]2020/05/22 09:30:39 D:/sample/src/GoRedis/mypkg/controller.go:182: 请求到了预约界面
[log]2020/05/22 09:30:39 D:/sample/src/GoRedis/mypkg/controller.go:300: 过期的浴室号码
[log]2020/05/22 09:30:39 D:/sample/src/GoRedis/mypkg/controller.go:301: []
[log]2020/05/22 09:30:41 D:/sample/src/GoRedis/mypkg/controller.go:182: 请求到了预约界面
[log]2020/05/22 09:30:41 D:/sample/src/GoRedis/mypkg/controller.go:300: 过期的浴室号码
[log]2020/05/22 09:30:41 D:/sample/src/GoRedis/mypkg/controller.go:301: []
[log]2020/05/22 09:30:41 D:/sample/src/GoRedis/mypkg/controller.go:182: 请求到了预约界面
[log]2020/05/22 09:30:41 D:/sample/src/GoRedis/mypkg/controller.go:300: 过期的浴室号码
[log]2020/05/22 09:30:41 D:/sample/src/GoRedis/mypkg/controller.go:301: []
[log]2020/05/22 09:30:41 D:/sample/src/GoRedis/mypkg/controller.go:182: 请求到了预约界面
[log]2020/05/22 09:30:41 D:/sample/src/GoRedis/mypkg/controller.go:300: 过期的浴室号码
[log]2020/05/22 09:30:41 D:/sample/src/GoRedis/mypkg/controller.go:301: []
[log]2020/05/22 09:30:50 D:/sample/src/GoRedis/mypkg/controller.go:309: 取消预约
[log]2020/05/22 09:30:55 D:/sample/src/GoRedis/mypkg/controller.go:182: 请求到了预约界面
[log]2020/05/22 09:30:59 D:/sample/src/GoRedis/mypkg/controller.go:309: 取消预约
[log]2020/05/22 09:31:02 D:/sample/src/GoRedis/mypkg/controller.go:309: 取消预约
[log]2020/05/22 09:31:04 D:/sample/src/GoRedis/mypkg/controller.go:182: 请求到了预约界面
[log]2020/05/22 09:31:07 D:/sample/src/GoRedis/mypkg/controller.go:182: 请求到了预约界面
[log]2020/05/22 09:31:07 D:/sample/src/GoRedis/mypkg/controller.go:300: 过期的浴室号码
[log]2020/05/22 09:31:07 D:/sample/src/GoRedis/mypkg/controller.go:301: []
[log]2020/05/22 09:31:10 D:/sample/src/GoRedis/mypkg/controller.go:309: 取消预约
[log]2020/05/22 09:31:12 D:/sample/src/GoRedis/mypkg/controller.go:182: 请求到了预约界面
[log]2020/05/22 09:31:13 D:/sample/src/GoRedis/mypkg/controller.go:182: 请求到了预约界面
[log]2020/05/22 09:31:13 D:/sample/src/GoRedis/mypkg/controller.go:300: 过期的浴室号码
[log]2020/05/22 09:31:13 D:/sample/src/GoRedis/mypkg/controller.go:301: []
[log]2020/05/22 09:31:14 D:/sample/src/GoRedis/mypkg/controller.go:309: 取消预约
[log]2020/05/22 09:31:15 D:/sample/src/GoRedis/mypkg/controller.go:182: 请求到了预约界面
[log]2020/05/22 09:31:17 D:/sample/src/GoRedis/mypkg/controller.go:182: 请求到了预约界面
[log]2020/05/22 09:31:17 D:/sample/src/GoRedis/mypkg/controller.go:300: 过期的浴室号码
[log]2020/05/22 09:31:17 D:/sample/src/GoRedis/mypkg/controller.go:301: []
[log]2020/05/22 09:31:17 D:/sample/src/GoRedis/mypkg/controller.go:182: 请求到了预约界面
[log]2020/05/22 09:31:17 D:/sample/src/GoRedis/mypkg/controller.go:300: 过期的浴室号码
[log]2020/05/22 09:31:17 D:/sample/src/GoRedis/mypkg/controller.go:301: []
[log]2020/05/22 09:31:17 D:/sample/src/GoRedis/mypkg/controller.go:182: 请求到了预约界面
[log]2020/05/22 09:31:17 D:/sample/src/GoRedis/mypkg/controller.go:300: 过期的浴室号码
[log]2020/05/22 09:31:17 D:/sample/src/GoRedis/mypkg/controller.go:301: []
[log]2020/05/22 09:31:19 D:/sample/src/GoRedis/mypkg/controller.go:309: 取消预约
[log]2020/05/22 09:31:20 D:/sample/src/GoRedis/mypkg/controller.go:182: 请求到了预约界面
[log]2020/05/22 09:31:21 D:/sample/src/GoRedis/mypkg/controller.go:309: 取消预约
[log]2020/05/22 09:31:21 D:/sample/src/GoRedis/mypkg/controller.go:182: 请求到了预约界面
[log]2020/05/22 09:31:22 D:/sample/src/GoRedis/mypkg/controller.go:309: 取消预约
[log]2020/05/22 09:31:23 D:/sample/src/GoRedis/mypkg/controller.go:182: 请求到了预约界面
[log]2020/05/22 09:31:23 D:/sample/src/GoRedis/mypkg/controller.go:309: 取消预约
[log]2020/05/22 09:31:24 D:/sample/src/GoRedis/mypkg/controller.go:182: 请求到了预约界面
[log]2020/05/22 09:31:25 D:/sample/src/GoRedis/mypkg/controller.go:309: 取消预约
[log]2020/05/22 09:31:25 D:/sample/src/GoRedis/mypkg/controller.go:182: 请求到了预约界面
[log]2020/05/22 09:31:26 D:/sample/src/GoRedis/mypkg/controller.go:309: 取消预约
[log]2020/05/22 09:31:28 D:/sample/src/GoRedis/mypkg/controller.go:182: 请求到了预约界面
[log]2020/05/22 13:52:40 D:/sample/src/GoRedis/mypkg/controller.go:298: 过期的浴室号码
[log]2020/05/22 13:52:40 D:/sample/src/GoRedis/mypkg/controller.go:299: []
[log]2020/05/22 13:52:40 D:/sample/src/GoRedis/mypkg/controller.go:298: 过期的浴室号码
[log]2020/05/22 13:52:40 D:/sample/src/GoRedis/mypkg/controller.go:299: []
[log]2020/05/22 13:52:40 D:/sample/src/GoRedis/mypkg/controller.go:298: 过期的浴室号码
[log]2020/05/22 13:52:40 D:/sample/src/GoRedis/mypkg/controller.go:299: []
[log]2020/05/22 13:52:40 D:/sample/src/GoRedis/mypkg/controller.go:298: 过期的浴室号码
[log]2020/05/22 13:52:40 D:/sample/src/GoRedis/mypkg/controller.go:299: []
[log]2020/05/22 13:52:40 D:/sample/src/GoRedis/mypkg/controller.go:298: 过期的浴室号码
[log]2020/05/22 13:52:40 D:/sample/src/GoRedis/mypkg/controller.go:299: []
[log]2020/05/22 13:52:40 D:/sample/src/GoRedis/mypkg/controller.go:298: 过期的浴室号码
[log]2020/05/22 13:52:40 D:/sample/src/GoRedis/mypkg/controller.go:299: []
[log]2020/05/22 13:52:40 D:/sample/src/GoRedis/mypkg/controller.go:298: 过期的浴室号码
[log]2020/05/22 13:52:40 D:/sample/src/GoRedis/mypkg/controller.go:299: []
[log]2020/05/22 13:52:40 D:/sample/src/GoRedis/mypkg/controller.go:298: 过期的浴室号码
[log]2020/05/22 13:52:40 D:/sample/src/GoRedis/mypkg/controller.go:299: []
[log]2020/05/22 13:52:40 D:/sample/src/GoRedis/mypkg/controller.go:298: 过期的浴室号码
[log]2020/05/22 13:52:40 D:/sample/src/GoRedis/mypkg/controller.go:299: []
[log]2020/05/22 13:52:40 D:/sample/src/GoRedis/mypkg/controller.go:298: 过期的浴室号码
[log]2020/05/22 13:52:40 D:/sample/src/GoRedis/mypkg/controller.go:299: []
[log]2020/05/22 13:52:40 D:/sample/src/GoRedis/mypkg/controller.go:298: 过期的浴室号码
[log]2020/05/22 13:52:40 D:/sample/src/GoRedis/mypkg/controller.go:299: []
[log]2020/05/22 13:52:40 D:/sample/src/GoRedis/mypkg/controller.go:298: 过期的浴室号码
[log]2020/05/22 13:52:40 D:/sample/src/GoRedis/mypkg/controller.go:299: []
[log]2020/05/22 13:52:40 D:/sample/src/GoRedis/mypkg/controller.go:298: 过期的浴室号码
[log]2020/05/22 13:52:40 D:/sample/src/GoRedis/mypkg/controller.go:299: []
[log]2020/05/22 13:52:40 D:/sample/src/GoRedis/mypkg/controller.go:298: 过期的浴室号码
[log]2020/05/22 13:52:40 D:/sample/src/GoRedis/mypkg/controller.go:299: []
[log]2020/05/22 13:52:40 D:/sample/src/GoRedis/mypkg/controller.go:298: 过期的浴室号码
[log]2020/05/22 13:52:40 D:/sample/src/GoRedis/mypkg/controller.go:299: []
[log]2020/05/22 13:52:40 D:/sample/src/GoRedis/mypkg/controller.go:298: 过期的浴室号码
[log]2020/05/22 13:52:40 D:/sample/src/GoRedis/mypkg/controller.go:299: []
[log]2020/05/22 13:52:40 D:/sample/src/GoRedis/mypkg/controller.go:298: 过期的浴室号码
[log]2020/05/22 13:52:40 D:/sample/src/GoRedis/mypkg/controller.go:299: []
[log]2020/05/22 13:52:40 D:/sample/src/GoRedis/mypkg/controller.go:298: 过期的浴室号码
[log]2020/05/22 13:52:40 D:/sample/src/GoRedis/mypkg/controller.go:299: []
[log]2020/05/22 13:52:40 D:/sample/src/GoRedis/mypkg/controller.go:298: 过期的浴室号码
[log]2020/05/22 13:52:40 D:/sample/src/GoRedis/mypkg/controller.go:299: []
[log]2020/05/22 13:52:40 D:/sample/src/GoRedis/mypkg/controller.go:298: 过期的浴室号码
[log]2020/05/22 13:52:40 D:/sample/src/GoRedis/mypkg/controller.go:299: []
[log]2020/05/22 13:52:40 D:/sample/src/GoRedis/mypkg/controller.go:298: 过期的浴室号码
[log]2020/05/22 13:52:40 D:/sample/src/GoRedis/mypkg/controller.go:299: []
[log]2020/05/22 13:52:40 D:/sample/src/GoRedis/mypkg/controller.go:298: 过期的浴室号码
[log]2020/05/22 13:52:40 D:/sample/src/GoRedis/mypkg/controller.go:299: []
[log]2020/05/22 13:52:40 D:/sample/src/GoRedis/mypkg/controller.go:298: 过期的浴室号码
[log]2020/05/22 13:52:40 D:/sample/src/GoRedis/mypkg/controller.go:299: []
[log]2020/05/22 13:52:40 D:/sample/src/GoRedis/mypkg/controller.go:298: 过期的浴室号码
[log]2020/05/22 13:52:40 D:/sample/src/GoRedis/mypkg/controller.go:299: []
[log]2020/05/22 13:52:40 D:/sample/src/GoRedis/mypkg/controller.go:298: 过期的浴室号码
[log]2020/05/22 13:52:40 D:/sample/src/GoRedis/mypkg/controller.go:299: []
[log]2020/05/22 13:52:40 D:/sample/src/GoRedis/mypkg/controller.go:298: 过期的浴室号码
[log]2020/05/22 13:52:40 D:/sample/src/GoRedis/mypkg/controller.go:299: []
[log]2020/05/22 13:52:40 D:/sample/src/GoRedis/mypkg/controller.go:298: 过期的浴室号码
[log]2020/05/22 13:52:40 D:/sample/src/GoRedis/mypkg/controller.go:299: []
[log]2020/05/22 13:52:40 D:/sample/src/GoRedis/mypkg/controller.go:298: 过期的浴室号码
[log]2020/05/22 13:52:40 D:/sample/src/GoRedis/mypkg/controller.go:299: []
[log]2020/05/22 13:52:40 D:/sample/src/GoRedis/mypkg/controller.go:298: 过期的浴室号码
[log]2020/05/22 13:52:40 D:/sample/src/GoRedis/mypkg/controller.go:299: []
[log]2020/05/22 13:52:40 D:/sample/src/GoRedis/mypkg/controller.go:298: 过期的浴室号码
[log]2020/05/22 13:52:40 D:/sample/src/GoRedis/mypkg/controller.go:299: []
[log]2020/05/22 13:52:40 D:/sample/src/GoRedis/mypkg/controller.go:298: 过期的浴室号码
[log]2020/05/22 13:52:40 D:/sample/src/GoRedis/mypkg/controller.go:299: []
[log]2020/05/22 13:52:40 D:/sample/src/GoRedis/mypkg/controller.go:298: 过期的浴室号码
[log]2020/05/22 13:52:40 D:/sample/src/GoRedis/mypkg/controller.go:299: []
[log]2020/05/22 13:52:40 D:/sample/src/GoRedis/mypkg/controller.go:298: 过期的浴室号码
[log]2020/05/22 13:52:40 D:/sample/src/GoRedis/mypkg/controller.go:299: []
[log]2020/05/22 13:52:40 D:/sample/src/GoRedis/mypkg/controller.go:298: 过期的浴室号码
[log]2020/05/22 13:52:40 D:/sample/src/GoRedis/mypkg/controller.go:299: []
[log]2020/05/22 13:52:40 D:/sample/src/GoRedis/mypkg/controller.go:298: 过期的浴室号码
[log]2020/05/22 13:52:40 D:/sample/src/GoRedis/mypkg/controller.go:299: []
[log]2020/05/22 13:52:40 D:/sample/src/GoRedis/mypkg/controller.go:298: 过期的浴室号码
[log]2020/05/22 13:52:40 D:/sample/src/GoRedis/mypkg/controller.go:299: []
[log]2020/05/22 13:52:40 D:/sample/src/GoRedis/mypkg/controller.go:298: 过期的浴室号码
[log]2020/05/22 13:52:40 D:/sample/src/GoRedis/mypkg/controller.go:299: []
[log]2020/05/22 13:52:40 D:/sample/src/GoRedis/mypkg/controller.go:298: 过期的浴室号码
[log]2020/05/22 13:52:40 D:/sample/src/GoRedis/mypkg/controller.go:299: []
[log]2020/05/22 13:52:40 D:/sample/src/GoRedis/mypkg/controller.go:298: 过期的浴室号码
[log]2020/05/22 13:52:40 D:/sample/src/GoRedis/mypkg/controller.go:299: []
[log]2020/05/22 13:52:40 D:/sample/src/GoRedis/mypkg/controller.go:298: 过期的浴室号码
[log]2020/05/22 13:52:40 D:/sample/src/GoRedis/mypkg/controller.go:299: []
[log]2020/05/22 13:52:40 D:/sample/src/GoRedis/mypkg/controller.go:298: 过期的浴室号码
[log]2020/05/22 13:52:40 D:/sample/src/GoRedis/mypkg/controller.go:299: []
[log]2020/05/22 13:52:40 D:/sample/src/GoRedis/mypkg/controller.go:298: 过期的浴室号码
[log]2020/05/22 13:52:40 D:/sample/src/GoRedis/mypkg/controller.go:299: []
[log]2020/05/22 13:52:40 D:/sample/src/GoRedis/mypkg/controller.go:298: 过期的浴室号码
[log]2020/05/22 13:52:40 D:/sample/src/GoRedis/mypkg/controller.go:299: []
[log]2020/05/22 13:52:40 D:/sample/src/GoRedis/mypkg/controller.go:298: 过期的浴室号码
[log]2020/05/22 13:52:40 D:/sample/src/GoRedis/mypkg/controller.go:299: []
[log]2020/05/22 13:52:40 D:/sample/src/GoRedis/mypkg/controller.go:298: 过期的浴室号码
[log]2020/05/22 13:52:40 D:/sample/src/GoRedis/mypkg/controller.go:299: []
[log]2020/05/22 13:52:40 D:/sample/src/GoRedis/mypkg/controller.go:298: 过期的浴室号码
[log]2020/05/22 13:52:40 D:/sample/src/GoRedis/mypkg/controller.go:299: []
[log]2020/05/22 13:52:40 D:/sample/src/GoRedis/mypkg/controller.go:298: 过期的浴室号码
[log]2020/05/22 13:52:40 D:/sample/src/GoRedis/mypkg/controller.go:299: []
[log]2020/05/22 13:52:40 D:/sample/src/GoRedis/mypkg/controller.go:298: 过期的浴室号码
[log]2020/05/22 13:52:40 D:/sample/src/GoRedis/mypkg/controller.go:299: []
[log]2020/05/22 13:52:40 D:/sample/src/GoRedis/mypkg/controller.go:298: 过期的浴室号码
[log]2020/05/22 13:52:40 D:/sample/src/GoRedis/mypkg/controller.go:299: []
[log]2020/05/22 13:52:40 D:/sample/src/GoRedis/mypkg/controller.go:298: 过期的浴室号码
[log]2020/05/22 13:52:40 D:/sample/src/GoRedis/mypkg/controller.go:299: []
[log]2020/05/22 13:52:40 D:/sample/src/GoRedis/mypkg/controller.go:298: 过期的浴室号码
[log]2020/05/22 13:52:40 D:/sample/src/GoRedis/mypkg/controller.go:299: []
[log]2020/05/22 13:52:40 D:/sample/src/GoRedis/mypkg/controller.go:298: 过期的浴室号码
[log]2020/05/22 13:52:40 D:/sample/src/GoRedis/mypkg/controller.go:299: []
[log]2020/05/22 13:52:40 D:/sample/src/GoRedis/mypkg/controller.go:298: 过期的浴室号码
[log]2020/05/22 13:52:40 D:/sample/src/GoRedis/mypkg/controller.go:299: []
[log]2020/05/22 13:52:40 D:/sample/src/GoRedis/mypkg/controller.go:298: 过期的浴室号码
[log]2020/05/22 13:52:40 D:/sample/src/GoRedis/mypkg/controller.go:299: []
[log]2020/05/22 13:52:40 D:/sample/src/GoRedis/mypkg/controller.go:298: 过期的浴室号码
[log]2020/05/22 13:52:40 D:/sample/src/GoRedis/mypkg/controller.go:299: []
[log]2020/05/22 13:52:40 D:/sample/src/GoRedis/mypkg/controller.go:298: 过期的浴室号码
[log]2020/05/22 13:52:40 D:/sample/src/GoRedis/mypkg/controller.go:299: []
[log]2020/05/22 13:52:40 D:/sample/src/GoRedis/mypkg/controller.go:298: 过期的浴室号码
[log]2020/05/22 13:52:40 D:/sample/src/GoRedis/mypkg/controller.go:299: []
[log]2020/05/22 13:52:40 D:/sample/src/GoRedis/mypkg/controller.go:298: 过期的浴室号码
[log]2020/05/22 13:52:40 D:/sample/src/GoRedis/mypkg/controller.go:299: []
[log]2020/05/22 13:52:40 D:/sample/src/GoRedis/mypkg/controller.go:298: 过期的浴室号码
[log]2020/05/22 13:52:40 D:/sample/src/GoRedis/mypkg/controller.go:299: []
[log]2020/05/22 13:52:40 D:/sample/src/GoRedis/mypkg/controller.go:298: 过期的浴室号码
[log]2020/05/22 13:52:40 D:/sample/src/GoRedis/mypkg/controller.go:299: []
[log]2020/05/22 13:52:40 D:/sample/src/GoRedis/mypkg/controller.go:298: 过期的浴室号码
[log]2020/05/22 13:52:40 D:/sample/src/GoRedis/mypkg/controller.go:299: []
[log]2020/05/22 13:52:40 D:/sample/src/GoRedis/mypkg/controller.go:298: 过期的浴室号码
[log]2020/05/22 13:52:40 D:/sample/src/GoRedis/mypkg/controller.go:299: []
[log]2020/05/22 13:52:40 D:/sample/src/GoRedis/mypkg/controller.go:298: 过期的浴室号码
[log]2020/05/22 13:52:40 D:/sample/src/GoRedis/mypkg/controller.go:299: []
[log]2020/05/22 13:52:40 D:/sample/src/GoRedis/mypkg/controller.go:298: 过期的浴室号码
[log]2020/05/22 13:52:40 D:/sample/src/GoRedis/mypkg/controller.go:299: []
[log]2020/05/22 13:52:40 D:/sample/src/GoRedis/mypkg/controller.go:298: 过期的浴室号码
[log]2020/05/22 13:52:40 D:/sample/src/GoRedis/mypkg/controller.go:299: []
[log]2020/05/22 13:52:40 D:/sample/src/GoRedis/mypkg/controller.go:298: 过期的浴室号码
[log]2020/05/22 13:52:40 D:/sample/src/GoRedis/mypkg/controller.go:299: []
[log]2020/05/22 13:52:40 D:/sample/src/GoRedis/mypkg/controller.go:298: 过期的浴室号码
[log]2020/05/22 13:52:40 D:/sample/src/GoRedis/mypkg/controller.go:299: []
[log]2020/05/22 13:52:40 D:/sample/src/GoRedis/mypkg/controller.go:298: 过期的浴室号码
[log]2020/05/22 13:52:40 D:/sample/src/GoRedis/mypkg/controller.go:299: []
[log]2020/05/22 13:52:40 D:/sample/src/GoRedis/mypkg/controller.go:298: 过期的浴室号码
[log]2020/05/22 13:52:40 D:/sample/src/GoRedis/mypkg/controller.go:299: []
[log]2020/05/22 13:52:40 D:/sample/src/GoRedis/mypkg/controller.go:298: 过期的浴室号码
[log]2020/05/22 13:52:40 D:/sample/src/GoRedis/mypkg/controller.go:299: []
[log]2020/05/22 13:52:40 D:/sample/src/GoRedis/mypkg/controller.go:298: 过期的浴室号码
[log]2020/05/22 13:52:40 D:/sample/src/GoRedis/mypkg/controller.go:299: []
[log]2020/05/22 13:52:40 D:/sample/src/GoRedis/mypkg/controller.go:298: 过期的浴室号码
[log]2020/05/22 13:52:40 D:/sample/src/GoRedis/mypkg/controller.go:299: []
[log]2020/05/22 13:52:40 D:/sample/src/GoRedis/mypkg/controller.go:298: 过期的浴室号码
[log]2020/05/22 13:52:40 D:/sample/src/GoRedis/mypkg/controller.go:299: []
[log]2020/05/22 13:52:40 D:/sample/src/GoRedis/mypkg/controller.go:298: 过期的浴室号码
[log]2020/05/22 13:52:40 D:/sample/src/GoRedis/mypkg/controller.go:299: []
[log]2020/05/22 13:52:40 D:/sample/src/GoRedis/mypkg/controller.go:298: 过期的浴室号码
[log]2020/05/22 13:52:40 D:/sample/src/GoRedis/mypkg/controller.go:299: []
[log]2020/05/22 13:52:40 D:/sample/src/GoRedis/mypkg/controller.go:298: 过期的浴室号码
[log]2020/05/22 13:52:40 D:/sample/src/GoRedis/mypkg/controller.go:299: []
[log]2020/05/22 13:52:40 D:/sample/src/GoRedis/mypkg/controller.go:298: 过期的浴室号码
[log]2020/05/22 13:52:40 D:/sample/src/GoRedis/mypkg/controller.go:299: []
[log]2020/05/22 13:52:40 D:/sample/src/GoRedis/mypkg/controller.go:298: 过期的浴室号码
[log]2020/05/22 13:52:40 D:/sample/src/GoRedis/mypkg/controller.go:299: []
[log]2020/05/22 13:52:40 D:/sample/src/GoRedis/mypkg/controller.go:298: 过期的浴室号码
[log]2020/05/22 13:52:40 D:/sample/src/GoRedis/mypkg/controller.go:299: []
[log]2020/05/22 13:52:40 D:/sample/src/GoRedis/mypkg/controller.go:298: 过期的浴室号码
[log]2020/05/22 13:52:40 D:/sample/src/GoRedis/mypkg/controller.go:299: []
[log]2020/05/22 13:52:40 D:/sample/src/GoRedis/mypkg/controller.go:298: 过期的浴室号码
[log]2020/05/22 13:52:40 D:/sample/src/GoRedis/mypkg/controller.go:299: []
[log]2020/05/22 13:52:40 D:/sample/src/GoRedis/mypkg/controller.go:298: 过期的浴室号码
[log]2020/05/22 13:52:40 D:/sample/src/GoRedis/mypkg/controller.go:299: []
[log]2020/05/22 13:52:40 D:/sample/src/GoRedis/mypkg/controller.go:298: 过期的浴室号码
[log]2020/05/22 13:52:40 D:/sample/src/GoRedis/mypkg/controller.go:299: []
[log]2020/05/22 13:52:40 D:/sample/src/GoRedis/mypkg/controller.go:298: 过期的浴室号码
[log]2020/05/22 13:52:40 D:/sample/src/GoRedis/mypkg/controller.go:299: []
[log]2020/05/22 13:52:40 D:/sample/src/GoRedis/mypkg/controller.go:298: 过期的浴室号码
[log]2020/05/22 13:52:40 D:/sample/src/GoRedis/mypkg/controller.go:299: []
[log]2020/05/22 13:52:40 D:/sample/src/GoRedis/mypkg/controller.go:298: 过期的浴室号码
[log]2020/05/22 13:52:40 D:/sample/src/GoRedis/mypkg/controller.go:299: []
[log]2020/05/22 13:52:40 D:/sample/src/GoRedis/mypkg/controller.go:298: 过期的浴室号码
[log]2020/05/22 13:52:40 D:/sample/src/GoRedis/mypkg/controller.go:299: []
[log]2020/05/22 13:52:40 D:/sample/src/GoRedis/mypkg/controller.go:298: 过期的浴室号码
[log]2020/05/22 13:52:40 D:/sample/src/GoRedis/mypkg/controller.go:299: []
[log]2020/05/22 13:52:40 D:/sample/src/GoRedis/mypkg/controller.go:298: 过期的浴室号码
[log]2020/05/22 13:52:40 D:/sample/src/GoRedis/mypkg/controller.go:299: []
[log]2020/05/22 13:52:40 D:/sample/src/GoRedis/mypkg/controller.go:298: 过期的浴室号码
[log]2020/05/22 13:52:40 D:/sample/src/GoRedis/mypkg/controller.go:299: []
[log]2020/05/22 13:52:40 D:/sample/src/GoRedis/mypkg/controller.go:298: 过期的浴室号码
[log]2020/05/22 13:52:40 D:/sample/src/GoRedis/mypkg/controller.go:299: []
[log]2020/05/22 13:52:40 D:/sample/src/GoRedis/mypkg/controller.go:298: 过期的浴室号码
[log]2020/05/22 13:52:40 D:/sample/src/GoRedis/mypkg/controller.go:299: []
[log]2020/05/22 13:52:40 D:/sample/src/GoRedis/mypkg/controller.go:298: 过期的浴室号码
[log]2020/05/22 13:52:40 D:/sample/src/GoRedis/mypkg/controller.go:299: []
[log]2020/05/22 15:15:45 D:/sample/src/GoRedis/mypkg/controller.go:298: 过期的浴室号码
[log]2020/05/22 15:15:45 D:/sample/src/GoRedis/mypkg/controller.go:299: []
[log]2020/05/22 15:15:45 D:/sample/src/GoRedis/mypkg/controller.go:298: 过期的浴室号码
[log]2020/05/22 15:15:45 D:/sample/src/GoRedis/mypkg/controller.go:299: []
[log]2020/05/22 15:15:45 D:/sample/src/GoRedis/mypkg/controller.go:298: 过期的浴室号码
[log]2020/05/22 15:15:45 D:/sample/src/GoRedis/mypkg/controller.go:299: []
[log]2020/05/22 15:15:45 D:/sample/src/GoRedis/mypkg/controller.go:298: 过期的浴室号码
[log]2020/05/22 15:15:45 D:/sample/src/GoRedis/mypkg/controller.go:299: []
[log]2020/05/22 15:15:45 D:/sample/src/GoRedis/mypkg/controller.go:298: 过期的浴室号码
[log]2020/05/22 15:15:45 D:/sample/src/GoRedis/mypkg/controller.go:299: []
[log]2020/05/22 15:15:45 D:/sample/src/GoRedis/mypkg/controller.go:298: 过期的浴室号码
[log]2020/05/22 15:15:45 D:/sample/src/GoRedis/mypkg/controller.go:299: []
[log]2020/05/22 15:15:46 D:/sample/src/GoRedis/mypkg/controller.go:298: 过期的浴室号码
[log]2020/05/22 15:15:46 D:/sample/src/GoRedis/mypkg/controller.go:299: []
[log]2020/05/22 15:15:46 D:/sample/src/GoRedis/mypkg/controller.go:298: 过期的浴室号码
[log]2020/05/22 15:15:46 D:/sample/src/GoRedis/mypkg/controller.go:299: []
[log]2020/05/22 15:15:46 D:/sample/src/GoRedis/mypkg/controller.go:298: 过期的浴室号码
[log]2020/05/22 15:15:46 D:/sample/src/GoRedis/mypkg/controller.go:299: []
[log]2020/05/22 15:15:46 D:/sample/src/GoRedis/mypkg/controller.go:298: 过期的浴室号码
[log]2020/05/22 15:15:46 D:/sample/src/GoRedis/mypkg/controller.go:299: []
[log]2020/05/22 15:15:46 D:/sample/src/GoRedis/mypkg/controller.go:298: 过期的浴室号码
[log]2020/05/22 15:15:46 D:/sample/src/GoRedis/mypkg/controller.go:299: []
[log]2020/05/22 15:15:46 D:/sample/src/GoRedis/mypkg/controller.go:298: 过期的浴室号码
[log]2020/05/22 15:15:46 D:/sample/src/GoRedis/mypkg/controller.go:299: []
[log]2020/05/22 15:15:46 D:/sample/src/GoRedis/mypkg/controller.go:298: 过期的浴室号码
[log]2020/05/22 15:15:46 D:/sample/src/GoRedis/mypkg/controller.go:299: []
[log]2020/05/22 15:15:46 D:/sample/src/GoRedis/mypkg/controller.go:298: 过期的浴室号码
[log]2020/05/22 15:15:46 D:/sample/src/GoRedis/mypkg/controller.go:299: []
[log]2020/05/22 15:15:46 D:/sample/src/GoRedis/mypkg/controller.go:298: 过期的浴室号码
[log]2020/05/22 15:15:46 D:/sample/src/GoRedis/mypkg/controller.go:299: []
[log]2020/05/22 15:15:46 D:/sample/src/GoRedis/mypkg/controller.go:298: 过期的浴室号码
[log]2020/05/22 15:15:46 D:/sample/src/GoRedis/mypkg/controller.go:299: []
[log]2020/05/22 15:15:46 D:/sample/src/GoRedis/mypkg/controller.go:298: 过期的浴室号码
[log]2020/05/22 15:15:46 D:/sample/src/GoRedis/mypkg/controller.go:299: []
[log]2020/05/22 15:15:46 D:/sample/src/GoRedis/mypkg/controller.go:298: 过期的浴室号码
[log]2020/05/22 15:15:46 D:/sample/src/GoRedis/mypkg/controller.go:299: []
[log]2020/05/22 15:15:46 D:/sample/src/GoRedis/mypkg/controller.go:298: 过期的浴室号码
[log]2020/05/22 15:15:46 D:/sample/src/GoRedis/mypkg/controller.go:299: []
[log]2020/05/22 15:15:46 D:/sample/src/GoRedis/mypkg/controller.go:298: 过期的浴室号码
[log]2020/05/22 15:15:46 D:/sample/src/GoRedis/mypkg/controller.go:299: []
[log]2020/05/22 15:15:46 D:/sample/src/GoRedis/mypkg/controller.go:298: 过期的浴室号码
[log]2020/05/22 15:15:46 D:/sample/src/GoRedis/mypkg/controller.go:299: []
[log]2020/05/22 15:15:46 D:/sample/src/GoRedis/mypkg/controller.go:298: 过期的浴室号码
[log]2020/05/22 15:15:46 D:/sample/src/GoRedis/mypkg/controller.go:299: [10]
[log]2020/05/22 15:15:46 D:/sample/src/GoRedis/mypkg/controller.go:298: 过期的浴室号码
[log]2020/05/22 15:15:46 D:/sample/src/GoRedis/mypkg/controller.go:299: [95 7 2 73 14 68 42 45 78 89 32 96 43 44 46 98 69 81 71 97 1 39 99 27 41 61]
[log]2020/05/22 15:15:46 D:/sample/src/GoRedis/mypkg/controller.go:298: 过期的浴室号码
[log]2020/05/22 15:15:46 D:/sample/src/GoRedis/mypkg/controller.go:299: [100 59 77 62 40 60 58 3 66 92 65 37 80 24 25 36 55 49 48 94 31 8 85 54 34 26 22 57 33 53 19 13 35 47 6 11 84 83 82 12 4 75 52 91 87 20 23 51 90 86 21 18 15 56 50 17 16 76 9 29 70 30 79 93 5 88 72 64 67 63 74 28 38]
[log]2020/05/22 15:19:44 D:/sample/src/GoRedis/mypkg/controller.go:298: 过期的浴室号码
[log]2020/05/22 15:19:44 D:/sample/src/GoRedis/mypkg/controller.go:299: []
[log]2020/05/22 15:19:44 D:/sample/src/GoRedis/mypkg/controller.go:298: 过期的浴室号码
[log]2020/05/22 15:19:44 D:/sample/src/GoRedis/mypkg/controller.go:299: []
[log]2020/05/22 15:19:44 D:/sample/src/GoRedis/mypkg/controller.go:298: 过期的浴室号码
[log]2020/05/22 15:19:44 D:/sample/src/GoRedis/mypkg/controller.go:299: []
[log]2020/05/22 15:19:44 D:/sample/src/GoRedis/mypkg/controller.go:298: 过期的浴室号码
[log]2020/05/22 15:19:44 D:/sample/src/GoRedis/mypkg/controller.go:299: []
[log]2020/05/22 15:19:44 D:/sample/src/GoRedis/mypkg/controller.go:298: 过期的浴室号码
[log]2020/05/22 15:19:44 D:/sample/src/GoRedis/mypkg/controller.go:299: []
[log]2020/05/22 15:19:44 D:/sample/src/GoRedis/mypkg/controller.go:298: 过期的浴室号码
[log]2020/05/22 15:19:44 D:/sample/src/GoRedis/mypkg/controller.go:299: []
[log]2020/05/22 15:19:45 D:/sample/src/GoRedis/mypkg/controller.go:298: 过期的浴室号码
[log]2020/05/22 15:19:45 D:/sample/src/GoRedis/mypkg/controller.go:299: []
[log]2020/05/22 15:19:45 D:/sample/src/GoRedis/mypkg/controller.go:298: 过期的浴室号码
[log]2020/05/22 15:19:45 D:/sample/src/GoRedis/mypkg/controller.go:299: []
[log]2020/05/22 15:19:45 D:/sample/src/GoRedis/mypkg/controller.go:298: 过期的浴室号码
[log]2020/05/22 15:19:45 D:/sample/src/GoRedis/mypkg/controller.go:299: []
[log]2020/05/22 15:19:45 D:/sample/src/GoRedis/mypkg/controller.go:298: 过期的浴室号码
[log]2020/05/22 15:19:45 D:/sample/src/GoRedis/mypkg/controller.go:299: []
[log]2020/05/22 15:19:45 D:/sample/src/GoRedis/mypkg/controller.go:298: 过期的浴室号码
[log]2020/05/22 15:19:45 D:/sample/src/GoRedis/mypkg/controller.go:299: []
[log]2020/05/22 15:19:45 D:/sample/src/GoRedis/mypkg/controller.go:298: 过期的浴室号码
[log]2020/05/22 15:19:45 D:/sample/src/GoRedis/mypkg/controller.go:299: []
[log]2020/05/22 15:19:45 D:/sample/src/GoRedis/mypkg/controller.go:298: 过期的浴室号码
[log]2020/05/22 15:19:45 D:/sample/src/GoRedis/mypkg/controller.go:299: []
[log]2020/05/22 15:19:45 D:/sample/src/GoRedis/mypkg/controller.go:298: 过期的浴室号码
[log]2020/05/22 15:19:45 D:/sample/src/GoRedis/mypkg/controller.go:299: []
[log]2020/05/22 15:19:45 D:/sample/src/GoRedis/mypkg/controller.go:298: 过期的浴室号码
[log]2020/05/22 15:19:45 D:/sample/src/GoRedis/mypkg/controller.go:299: [3]
[log]2020/05/22 15:19:45 D:/sample/src/GoRedis/mypkg/controller.go:298: 过期的浴室号码
[log]2020/05/22 15:19:45 D:/sample/src/GoRedis/mypkg/controller.go:299: [66 92 65 37 80 10 95 7 2 73 14 68 42 45 78 89 32 96 43 44 46 98 69 81 71 97 1 39 99 27 41 61 100 59 77 62 40]
[log]2020/05/22 15:19:46 D:/sample/src/GoRedis/mypkg/controller.go:298: 过期的浴室号码
[log]2020/05/22 15:19:46 D:/sample/src/GoRedis/mypkg/controller.go:299: [60 58 57 33 53 19 13 35 47 6 11 84 83 82 12 4 75 52 91 87 20 23 51 90 86 21 18 15 56 50 17 16 76 9 29 70 30 79 93 5 24 25 36 55 49 48 94 31 8 85 54 34 26 22 88 72 64 67 63 74 28 38]
[log]2020/05/22 15:21:38 D:/sample/src/GoRedis/mypkg/controller.go:299: 过期的浴室号码
[log]2020/05/22 15:21:38 D:/sample/src/GoRedis/mypkg/controller.go:300: [3 66 92 65 37 80 10 95 7 2 73 14 68 42 45 78 89 32 96 43 44 46 98 69 81 71 97 1 39 99 27 41 61 100 59 77 62 40 6 11 84 83 82 12 4 60 58 75 52 91 87 20 23 51 90 86 21 18 15 56 50 17 16 76 9 29 70 30 79 93 5 24 25 36 55 49 48 94 31 8 85 54 34 26 22 57 33 53 19 13 35 47]
[log]2020/05/22 15:38:37 D:/sample/src/GoRedis/mypkg/controller.go:299: 过期的浴室号码
[log]2020/05/22 15:38:37 D:/sample/src/GoRedis/mypkg/controller.go:300: []
[log]2020/05/22 15:38:37 D:/sample/src/GoRedis/mypkg/controller.go:299: 过期的浴室号码
[log]2020/05/22 15:38:37 D:/sample/src/GoRedis/mypkg/controller.go:300: []
[log]2020/05/22 15:38:37 D:/sample/src/GoRedis/mypkg/controller.go:299: 过期的浴室号码
[log]2020/05/22 15:38:37 D:/sample/src/GoRedis/mypkg/controller.go:300: []
[log]2020/05/22 15:38:37 D:/sample/src/GoRedis/mypkg/controller.go:299: 过期的浴室号码
[log]2020/05/22 15:38:37 D:/sample/src/GoRedis/mypkg/controller.go:300: []
[log]2020/05/22 15:38:37 D:/sample/src/GoRedis/mypkg/controller.go:299: 过期的浴室号码
[log]2020/05/22 15:38:37 D:/sample/src/GoRedis/mypkg/controller.go:300: []
[log]2020/05/22 15:38:37 D:/sample/src/GoRedis/mypkg/controller.go:299: 过期的浴室号码
[log]2020/05/22 15:38:37 D:/sample/src/GoRedis/mypkg/controller.go:300: []
[log]2020/05/22 15:38:38 D:/sample/src/GoRedis/mypkg/controller.go:299: 过期的浴室号码
[log]2020/05/22 15:38:38 D:/sample/src/GoRedis/mypkg/controller.go:300: [3 66 92 65 37 80 10 95 7 2 73 14 68 42 45 78 89 32 96 43 44 46 98 69 81 71 97 1 39 99 27 41 61 100 59 77 62 40 60 58 6 11 84 83 82 12 4 75 52 91 87 20 23 51 90 86 21 18 15 56 50 17 16 76 9 29 70 30 79 93 5 24 25 36 55 49 48 94 31 8 85 54 34 26 22 57 33 53 19 13 35 47 88 72 64 67 63 74 28 38]
[log]2020/05/22 15:40:07 D:/sample/src/GoRedis/mypkg/controller.go:299: 过期的浴室号码
[log]2020/05/22 15:40:07 D:/sample/src/GoRedis/mypkg/controller.go:300: [59 77 62 40 60 58 3 66 92 65 37 80 10 95 7 2 73 14 68 42 45 78 89 32 96 43 44 46 98 69 81 71 97 1 39 99 27 41 61 100 90 86 21 18 15 56 50 17 16 76 9 29 70 30 79 93 5 24 25 36 55 49 48 94 31 8 85 54 34 26 22 57 33 53 19 13 35 47 6 11 84 83 82 12 4 75 52 91 87 20 23 51 88 72 64 67 63 74 28 38]
[log]2020/05/22 15:50:32 D:/sample/src/GoRedis/mypkg/controller.go:299: 过期的浴室号码
[log]2020/05/22 15:50:32 D:/sample/src/GoRedis/mypkg/controller.go:300: [59 77 62 40 60 58 3 66 92 65 37 80 10 95 7 2 73 14 68 42 45 78 89 32 96 43 44 46 98 69 81 71 97 1 39 99 27 41 61 100 48 94 31 8 85 54 34 26 22 57 33 53 19 13 35 47 6 11 84 83 82 12 4 75 52 91 87 20 23 51 88 72 64 67 63 74 28 38 90 86 21 18 15 56 50 17 16 76 9 29 70 30 79 93 5 24 25 36 55 49]
[log]2020/05/22 15:51:36 D:/sample/src/GoRedis/mypkg/controller.go:299: 过期的浴室号码
[log]2020/05/22 15:51:36 D:/sample/src/GoRedis/mypkg/controller.go:300: [39 99 27 41 61 100 59 77 62 40 60 58 3 66 92 65 37 80 10 95 7 2 73 14 68 42 45 78 89 32 96 43 44 46 98 69 81 71 97 1 35 47 6 11 84 83 82 12 4 75 52 91 87 20 23 51 88 72 64 67 63 74 28 38 90 86 21 18 15 56 50 17 16 76 9 29 70 30 48 94 31 8 85 54]
[log]2020/05/22 15:59:18 D:/sample/src/GoRedis/mypkg/controller.go:299: 过期的浴室号码
[log]2020/05/22 15:59:18 D:/sample/src/GoRedis/mypkg/controller.go:300: [98 69 81 71 97 1 39 99 27 41 61 100 59 77 62 40 60 58 3 66 92 65 37 80 10 95 7 2 73 14 68 42 45 78 89 32 96 43 44 46 38 90 86 21 18 15 56 50 17 16 76 9 29 70 30 48 94 31 8 85 54 23 51 88 72 64 67 63 74 28 34 26 22 57 33 53 19 13 79 93 5 24 25 36]
[log]2020/05/22 15:59:39 D:/sample/src/GoRedis/mypkg/controller.go:299: 过期的浴室号码
[log]2020/05/22 15:59:39 D:/sample/src/GoRedis/mypkg/controller.go:300: [98 69 81 71 97 1 39 99 27 41 61 100 59 77 62 40 60 58 3 66 92 65 37 80 10 95 7 2 73 14 68 42 45 78 89 32 96 43 44 46 79 93 5 24 25 36 38 90 86 21 18 15 56 50 17 55 49 35 47]
[log]2020/05/22 15:59:41 D:/sample/src/GoRedis/mypkg/controller.go:299: 过期的浴室号码
[log]2020/05/22 15:59:41 D:/sample/src/GoRedis/mypkg/controller.go:300: [6 11 84 83 82 12 4 75 52 91 87 20 16 76 9 29 70 30 48 94 31 8 85 54 23 51 88 72 64 67 63 74 28 34 26 22 57 33 53 19 13 98 69 81 71 97 1 39 99 27 41 61 100 59 77 62 40 60 58 3 66 92 65 37 80 10 95 7 2 73 14 68 42 45 78 89 32 96 43 44 46 79 93 5 24 25 36 38 90 86 21 18 15 56 50]
[log]2020/05/22 16:26:45 D:/sample/src/GoRedis/mypkg/controller.go:299: 过期的浴室号码
[log]2020/05/22 16:26:45 D:/sample/src/GoRedis/mypkg/controller.go:300: [14 68 42 45 78 89 32 96 43 44 46 79 93 5 24 25 36 38 90 86 21 18 15 56 50 17 98 69 81 71 97 1 39 99 27 41 61 100 59 77 62 40 60 58 3 66 92 65 37 80 10 95 7 2 73 34 26 22 57 33 53 19 13 55 49 35 47 6 11 84 83 82 12 4 75 52 91 87 20 16 76 9 29 70 30 48 94 31 8 85 54 23 51 88 72 64 67 63 74 28]
=======
 
>>>>>>> 891872c456496d6318bd106d607a93757ef3e8d7
